Component: ARM Compiler 5.05 update 1 (build 106) Tool: armlink [4d0efa]

==============================================================================

Section Cross References

    main.o(i.main) refers to delay.o(i.delay_init) for delay_init
    main.o(i.main) refers to led.o(i.LED_Init) for LED_Init
    main.o(i.main) refers to oled.o(i.OLED_Init) for OLED_Init
    main.o(i.main) refers to oled.o(i.OLED_Clear) for OLED_Clear
    main.o(i.main) refers to oled.o(i.OLED_ShowString) for OLED_ShowString
    main.o(i.main) refers to delay.o(i.delay_ms) for delay_ms
    system_stm32f4xx.o(i.SystemCoreClockUpdate) refers to system_stm32f4xx.o(.data) for SystemCoreClock
    system_stm32f4xx.o(i.SystemInit) refers to system_stm32f4xx.o(i.SetSysClock) for SetSysClock
    led.o(i.LED_Init) refers to stm32f4xx_rcc.o(i.RCC_AHB1PeriphClockCmd) for RCC_AHB1PeriphClockCmd
    led.o(i.LED_Init) refers to stm32f4xx_gpio.o(i.GPIO_Init) for GPIO_Init
    led.o(i.LED_Init) refers to stm32f4xx_gpio.o(i.GPIO_SetBits) for GPIO_SetBits
    oled.o(i.OLED_Clear) refers to oled.o(i.OLED_WR_Byte) for OLED_WR_Byte
    oled.o(i.OLED_Display_Off) refers to oled.o(i.OLED_WR_Byte) for OLED_WR_Byte
    oled.o(i.OLED_Display_On) refers to oled.o(i.OLED_WR_Byte) for OLED_WR_Byte
    oled.o(i.OLED_DrawBMP) refers to oled.o(i.OLED_Set_Pos) for OLED_Set_Pos
    oled.o(i.OLED_DrawBMP) refers to oled.o(i.OLED_WR_Byte) for OLED_WR_Byte
    oled.o(i.OLED_Init) refers to stm32f4xx_rcc.o(i.RCC_AHB1PeriphClockCmd) for RCC_AHB1PeriphClockCmd
    oled.o(i.OLED_Init) refers to stm32f4xx_gpio.o(i.GPIO_Init) for GPIO_Init
    oled.o(i.OLED_Init) refers to stm32f4xx_gpio.o(i.GPIO_SetBits) for GPIO_SetBits
    oled.o(i.OLED_Init) refers to delay.o(i.delay_ms) for delay_ms
    oled.o(i.OLED_Init) refers to stm32f4xx_gpio.o(i.GPIO_ResetBits) for GPIO_ResetBits
    oled.o(i.OLED_Init) refers to oled.o(i.OLED_WR_Byte) for OLED_WR_Byte
    oled.o(i.OLED_Init) refers to oled.o(i.OLED_Clear) for OLED_Clear
    oled.o(i.OLED_Init) refers to oled.o(i.OLED_Set_Pos) for OLED_Set_Pos
    oled.o(i.OLED_Set_Pos) refers to oled.o(i.OLED_WR_Byte) for OLED_WR_Byte
    oled.o(i.OLED_ShowCHinese) refers to oled.o(i.OLED_Set_Pos) for OLED_Set_Pos
    oled.o(i.OLED_ShowCHinese) refers to oled.o(i.OLED_WR_Byte) for OLED_WR_Byte
    oled.o(i.OLED_ShowCHinese) refers to oled.o(.data) for Hzk
    oled.o(i.OLED_ShowChar) refers to oled.o(i.OLED_Set_Pos) for OLED_Set_Pos
    oled.o(i.OLED_ShowChar) refers to oled.o(i.OLED_WR_Byte) for OLED_WR_Byte
    oled.o(i.OLED_ShowChar) refers to oled.o(.constdata) for F8X16
    oled.o(i.OLED_ShowNum) refers to oled.o(i.oled_pow) for oled_pow
    oled.o(i.OLED_ShowNum) refers to oled.o(i.OLED_ShowChar) for OLED_ShowChar
    oled.o(i.OLED_ShowString) refers to oled.o(i.OLED_ShowChar) for OLED_ShowChar
    oled.o(i.OLED_WR_Byte) refers to stm32f4xx_gpio.o(i.GPIO_SetBits) for GPIO_SetBits
    oled.o(i.OLED_WR_Byte) refers to stm32f4xx_gpio.o(i.GPIO_ResetBits) for GPIO_ResetBits
    mpu6050.o(i.MPU_Get_Accelerometer) refers to mpu6050.o(i.MPU_Read_Len) for MPU_Read_Len
    mpu6050.o(i.MPU_Get_Gyroscope) refers to mpu6050.o(i.MPU_Read_Len) for MPU_Read_Len
    mpu6050.o(i.MPU_Get_Temperature) refers to mpu6050.o(i.MPU_Read_Len) for MPU_Read_Len
    mpu6050.o(i.MPU_Get_Temperature) refers to dflt_clz.o(x$fpl$dflt) for __aeabi_i2d
    mpu6050.o(i.MPU_Get_Temperature) refers to ddiv.o(x$fpl$ddiv) for __aeabi_ddiv
    mpu6050.o(i.MPU_Get_Temperature) refers to daddsub_clz.o(x$fpl$dadd) for __aeabi_dadd
    mpu6050.o(i.MPU_Get_Temperature) refers to d2f.o(x$fpl$d2f) for __aeabi_d2f
    mpu6050.o(i.MPU_Init) refers to myiic.o(i.IIC_Init) for IIC_Init
    mpu6050.o(i.MPU_Init) refers to mpu6050.o(i.MPU_Write_Byte) for MPU_Write_Byte
    mpu6050.o(i.MPU_Init) refers to delay.o(i.delay_ms) for delay_ms
    mpu6050.o(i.MPU_Init) refers to mpu6050.o(i.MPU_Set_Gyro_Fsr) for MPU_Set_Gyro_Fsr
    mpu6050.o(i.MPU_Init) refers to mpu6050.o(i.MPU_Set_Accel_Fsr) for MPU_Set_Accel_Fsr
    mpu6050.o(i.MPU_Init) refers to mpu6050.o(i.MPU_Set_Rate) for MPU_Set_Rate
    mpu6050.o(i.MPU_Init) refers to mpu6050.o(i.MPU_Read_Byte) for MPU_Read_Byte
    mpu6050.o(i.MPU_Init) refers to oled.o(i.OLED_ShowNum) for OLED_ShowNum
    mpu6050.o(i.MPU_Read_Byte) refers to myiic.o(i.IIC_Start) for IIC_Start
    mpu6050.o(i.MPU_Read_Byte) refers to myiic.o(i.IIC_Send_Byte) for IIC_Send_Byte
    mpu6050.o(i.MPU_Read_Byte) refers to myiic.o(i.IIC_Wait_Ack) for IIC_Wait_Ack
    mpu6050.o(i.MPU_Read_Byte) refers to myiic.o(i.IIC_Read_Byte) for IIC_Read_Byte
    mpu6050.o(i.MPU_Read_Byte) refers to myiic.o(i.IIC_Stop) for IIC_Stop
    mpu6050.o(i.MPU_Read_Len) refers to myiic.o(i.IIC_Start) for IIC_Start
    mpu6050.o(i.MPU_Read_Len) refers to myiic.o(i.IIC_Send_Byte) for IIC_Send_Byte
    mpu6050.o(i.MPU_Read_Len) refers to myiic.o(i.IIC_Wait_Ack) for IIC_Wait_Ack
    mpu6050.o(i.MPU_Read_Len) refers to myiic.o(i.IIC_Stop) for IIC_Stop
[...]
    sqrt.o(i.__hardfp_sqrt) refers to dsqrt_umaal.o(x$fpl$dsqrt) for _dsqrt
    sqrt.o(i.__hardfp_sqrt) refers to _rserrno.o(.text) for __set_errno
    sqrt.o(i.__softfp_sqrt) refers (Special) to usenofp.o(x$fpl$usenofp) for __I$use$fp
    sqrt.o(i.__softfp_sqrt) refers to dsqrt_umaal.o(x$fpl$dsqrt) for _dsqrt
    sqrt.o(i.__softfp_sqrt) refers to _rserrno.o(.text) for __set_errno
    sqrt.o(i.sqrt) refers (Special) to usenofp.o(x$fpl$usenofp) for __I$use$fp
    sqrt.o(i.sqrt) refers to dsqrt_umaal.o(x$fpl$dsqrt) for _dsqrt
    sqrt.o(i.sqrt) refers to _rserrno.o(.text) for __set_errno
    sqrt_x.o(i.____hardfp_sqrt$lsc) refers (Special) to usenofp.o(x$fpl$usenofp) for __I$use$fp
    sqrt_x.o(i.____hardfp_sqrt$lsc) refers to dleqf.o(x$fpl$dleqf) for __aeabi_cdcmple
    sqrt_x.o(i.____hardfp_sqrt$lsc) refers to _rserrno.o(.text) for __set_errno
    sqrt_x.o(i.____hardfp_sqrt$lsc) refers to dsqrt_umaal.o(x$fpl$dsqrt) for _dsqrt
    sqrt_x.o(i.____softfp_sqrt$lsc) refers (Special) to usenofp.o(x$fpl$usenofp) for __I$use$fp
    sqrt_x.o(i.____softfp_sqrt$lsc) refers to dleqf.o(x$fpl$dleqf) for __aeabi_cdcmple
    sqrt_x.o(i.____softfp_sqrt$lsc) refers to _rserrno.o(.text) for __set_errno
    sqrt_x.o(i.____softfp_sqrt$lsc) refers to dsqrt_umaal.o(x$fpl$dsqrt) for _dsqrt
    sqrt_x.o(i.__sqrt$lsc) refers (Special) to usenofp.o(x$fpl$usenofp) for __I$use$fp
    sqrt_x.o(i.__sqrt$lsc) refers to dleqf.o(x$fpl$dleqf) for __aeabi_cdcmple
    sqrt_x.o(i.__sqrt$lsc) refers to _rserrno.o(.text) for __set_errno
    sqrt_x.o(i.__sqrt$lsc) refers to dsqrt_umaal.o(x$fpl$dsqrt) for _dsqrt
    __rtentry2.o(.ARM.Collect$$rtentry$$00000008) refers to boardinit2.o(.text) for _platform_post_stackheap_init
    __rtentry2.o(.ARM.Collect$$rtentry$$0000000A) refers to libinit.o(.ARM.Collect$$libinit$$00000000) for __rt_lib_init
    __rtentry2.o(.ARM.Collect$$rtentry$$0000000B) refers to boardinit3.o(.text) for _platform_post_lib_init
    __rtentry2.o(.ARM.Collect$$rtentry$$0000000D) refers to main.o(i.main) for main
    __rtentry2.o(.ARM.Collect$$rtentry$$0000000D) refers to exit.o(.text) for exit
    __rtentry2.o(.ARM.exidx) refers to __rtentry2.o(.ARM.Collect$$rtentry$$00000001) for .ARM.Collect$$rtentry$$00000001
    __rtentry2.o(.ARM.exidx) refers to __rtentry2.o(.ARM.Collect$$rtentry$$00000008) for .ARM.Collect$$rtentry$$00000008
    __rtentry2.o(.ARM.exidx) refers to __rtentry2.o(.ARM.Collect$$rtentry$$0000000A) for .ARM.Collect$$rtentry$$0000000A
    __rtentry2.o(.ARM.exidx) refers to __rtentry2.o(.ARM.Collect$$rtentry$$0000000B) for .ARM.Collect$$rtentry$$0000000B
    __rtentry2.o(.ARM.exidx) refers to __rtentry2.o(.ARM.Collect$$rtentry$$0000000D) for .ARM.Collect$$rtentry$$0000000D
    __rtentry4.o(.ARM.Collect$$rtentry$$00000004) refers to sys_stackheap_outer.o(.text) for __user_setup_stackheap
    __rtentry4.o(.ARM.exidx) refers to __rtentry4.o(.ARM.Collect$$rtentry$$00000004) for .ARM.Collect$$rtentry$$00000004
    aeabi_ldiv0_sigfpe.o(.text) refers to rt_div0.o(.text) for __rt_div0
    rt_errno_addr.o(.text) refers to rt_errno_addr.o(.bss) for __aeabi_errno_addr_data
    rt_errno_addr_intlibspace.o(.text) refers to libspace.o(.bss) for __libspace_start
    _printf_char_common.o(.text) refers to __printf_flags_wp.o(.text) for __printf
    dleqf.o(x$fpl$dleqf) refers (Special) to usenofp.o(x$fpl$usenofp) for __I$use$fp
    dleqf.o(x$fpl$dleqf) refers to dnaninf.o(x$fpl$dnaninf) for __fpl_dnaninf
    dleqf.o(x$fpl$dleqf) refers to dcmpi.o(x$fpl$dcmpinf) for __fpl_dcmp_Inf
    dsqrt_umaal.o(x$fpl$dsqrt) refers (Special) to usenofp.o(x$fpl$usenofp) for __I$use$fp
    dsqrt_umaal.o(x$fpl$dsqrt) refers to dnaninf.o(x$fpl$dnaninf) for __fpl_dnaninf
    libspace.o(.text) refers to libspace.o(.bss) for __libspace_start
    sys_stackheap_outer.o(.text) refers to libspace.o(.text) for __user_perproc_libspace
    sys_stackheap_outer.o(.text) refers to startup_stm32f40_41xxx.o(.text) for __user_initial_stackheap
    rt_div0.o(.text) refers to defsig_fpe_outer.o(.text) for __rt_SIGFPE
    exit.o(.text) refers to rtexit.o(.ARM.Collect$$rtexit$$00000000) for __rt_exit
    libinit.o(.ARM.Collect$$libinit$$00000000) refers (Special) to libinit2.o(.ARM.Collect$$libinit$$0000002E) for __rt_lib_init_alloca_1
    libinit.o(.ARM.Collect$$libinit$$00000000) refers (Special) to libinit2.o(.ARM.Collect$$libinit$$0000002C) for __rt_lib_init_argv_1
    libinit.o(.ARM.Collect$$libinit$$00000000) refers (Special) to libinit2.o(.ARM.Collect$$libinit$$0000001B) for __rt_lib_init_atexit_1
    libinit.o(.ARM.Collect$$libinit$$00000000) refers (Special) to libinit2.o(.ARM.Collect$$libinit$$00000021) for __rt_lib_init_clock_1
    libinit.o(.ARM.Collect$$libinit$$00000000) refers (Special) to libinit2.o(.ARM.Collect$$libinit$$00000032) for __rt_lib_init_cpp_1
    libinit.o(.ARM.Collect$$libinit$$00000000) refers (Special) to libinit2.o(.ARM.Collect$$libinit$$00000030) for __rt_lib_init_exceptions_1
    libinit.o(.ARM.Collect$$libinit$$00000000) refers (Special) to libinit2.o(.ARM.Collect$$libinit$$00000001) for __rt_lib_init_fp_1
    libinit.o(.ARM.Collect$$libinit$$00000000) refers (Special) to libinit2.o(.ARM.Collect$$libinit$$0000001F) for __rt_lib_init_fp_trap_1
    libinit.o(.ARM.Collect$$libinit$$00000000) refers (Special) to libinit2.o(.ARM.Collect$$libinit$$00000023) for __rt_lib_init_getenv_1
    libinit.o(.ARM.Collect$$libinit$$00000000) refers (Special) to libinit2.o(.ARM.Collect$$libinit$$0000000A) for __rt_lib_init_heap_1
    libinit.o(.ARM.Collect$$libinit$$00000000) refers (Special) to libinit2.o(.ARM.Collect$$libinit$$00000011) for __rt_lib_init_lc_collate_1
    libinit.o(.ARM.Collect$$libinit$$00000000) refers (Special) to libinit2.o(.ARM.Collect$$libinit$$00000013) for __rt_lib_init_lc_ctype_1
    libinit.o(.ARM.Collect$$libinit$$00000000) refers (Special) to libinit2.o(.ARM.Collect$$libinit$$00000015) for __rt_lib_init_lc_monetary_1
    libinit.o(.ARM.Collect$$libinit$$00000000) refers (Special) to libinit2.o(.ARM.Collect$$libinit$$00000017) for __rt_lib_init_lc_numeric_1
    libinit.o(.ARM.Collect$$libinit$$00000000) refers (Special) to libinit2.o(.ARM.Collect$$libinit$$00000019) for __rt_lib_init_lc_time_1
    libinit.o(.ARM.Collect$$libinit$$00000000) refers (Special) to libinit2.o(.ARM.Collect$$libinit$$00000004) for __rt_lib_init_preinit_1
    libinit.o(.ARM.Collect$$libinit$$00000000) refers (Special) to libinit2.o(.ARM.Collect$$libinit$$0000000E) for __rt_lib_init_rand_1
    libinit.o(.ARM.Collect$$libinit$$00000000) refers (Special) to libinit2.o(.ARM.Collect$$libinit$$00000033) for __rt_lib_init_return
    libinit.o(.ARM.Collect$$libinit$$00000000) refers (Special) to libinit2.o(.ARM.Collect$$libinit$$0000001D) for __rt_lib_init_signal_1
    libinit.o(.ARM.Collect$$libinit$$00000000) refers (Special) to libinit2.o(.ARM.Collect$$libinit$$00000025) for __rt_lib_init_stdio_1
    libinit.o(.ARM.Collect$$libinit$$00000000) refers (Special) to libinit2.o(.ARM.Collect$$libinit$$0000000C) for __rt_lib_init_user_alloc_1
    dcmpi.o(x$fpl$dcmpinf) refers (Special) to usenofp.o(x$fpl$usenofp) for __I$use$fp
    rtexit.o(.ARM.Collect$$rtexit$$00000000) refers (Special) to rtexit2.o(.ARM.Collect$$rtexit$$00000004) for __rt_exit_exit
    rtexit.o(.ARM.Collect$$rtexit$$00000000) refers (Special) to rtexit2.o(.ARM.Collect$$rtexit$$00000003) for __rt_exit_ls
    rtexit.o(.ARM.Collect$$rtexit$$00000000) refers (Special) to rtexit2.o(.ARM.Collect$$rtexit$$00000002) for __rt_exit_prels_1
    rtexit.o(.ARM.exidx) refers (Special) to rtexit2.o(.ARM.Collect$$rtexit$$00000004) for __rt_exit_exit
    rtexit.o(.ARM.exidx) refers (Special) to rtexit2.o(.ARM.Collect$$rtexit$$00000003) for __rt_exit_ls
    rtexit.o(.ARM.exidx) refers (Special) to rtexit2.o(.ARM.Collect$$rtexit$$00000002) for __rt_exit_prels_1
    rtexit.o(.ARM.exidx) refers to rtexit.o(.ARM.Collect$$rtexit$$00000000) for .ARM.Collect$$rtexit$$00000000
    defsig_fpe_outer.o(.text) refers to defsig_fpe_inner.o(.text) for __rt_SIGFPE_inner
    defsig_fpe_outer.o(.text) refers to defsig_exit.o(.text) for __sig_exit
    defsig_fpe_formal.o(.text) refers to rt_raise.o(.text) for __rt_raise
    libinit2.o(.ARM.Collect$$libinit$$00000001) refers to fpinit.o(x$fpl$fpinit) for _fp_init
    libinit2.o(.ARM.Collect$$libinit$$00000010) refers to libinit2.o(.ARM.Collect$$libinit$$0000000F) for .ARM.Collect$$libinit$$0000000F
    libinit2.o(.ARM.Collect$$libinit$$00000012) refers to libinit2.o(.ARM.Collect$$libinit$$0000000F) for .ARM.Collect$$libinit$$0000000F
    libinit2.o(.ARM.Collect$$libinit$$00000014) refers to libinit2.o(.ARM.Collect$$libinit$$0000000F) for .ARM.Collect$$libinit$$0000000F
    libinit2.o(.ARM.Collect$$libinit$$00000016) refers to libinit2.o(.ARM.Collect$$libinit$$0000000F) for .ARM.Collect$$libinit$$0000000F
    libinit2.o(.ARM.Collect$$libinit$$00000018) refers to libinit2.o(.ARM.Collect$$libinit$$0000000F) for .ARM.Collect$$libinit$$0000000F
    libinit2.o(.ARM.Collect$$libinit$$00000026) refers to argv_veneer.o(.emb_text) for __ARM_argv_veneer
    libinit2.o(.ARM.Collect$$libinit$$00000027) refers to argv_veneer.o(.emb_text) for __ARM_argv_veneer
    rtexit2.o(.ARM.Collect$$rtexit$$00000003) refers to libshutdown.o(.ARM.Collect$$libshutdown$$00000000) for __rt_lib_shutdown
    rtexit2.o(.ARM.Collect$$rtexit$$00000004) refers to usart.o(i._sys_exit) for _sys_exit
    rtexit2.o(.ARM.exidx) refers to rtexit2.o(.ARM.Collect$$rtexit$$00000001) for .ARM.Collect$$rtexit$$00000001
    rtexit2.o(.ARM.exidx) refers to rtexit2.o(.ARM.Collect$$rtexit$$00000003) for .ARM.Collect$$rtexit$$00000003
    rtexit2.o(.ARM.exidx) refers to rtexit2.o(.ARM.Collect$$rtexit$$00000004) for .ARM.Collect$$rtexit$$00000004
    rt_raise.o(.text) refers to __raise.o(.text) for __raise
    rt_raise.o(.text) refers to usart.o(i._sys_exit) for _sys_exit
    defsig_exit.o(.text) refers to usart.o(i._sys_exit) for _sys_exit
    defsig_fpe_inner.o(.text) refers to defsig_general.o(.text) for __default_signal_display
    argv_veneer.o(.emb_text) refers to no_argv.o(.text) for __ARM_get_argv
    __raise.o(.text) refers to defsig.o(CL$$defsig) for __default_signal_handler
    defsig_general.o(.text) refers to sys_wrch.o(.text) for _ttywrch
    _get_argv_nomalloc.o(.text) refers (Special) to hrguard.o(.text) for __heap_region$guard
    _get_argv_nomalloc.o(.text) refers to defsig_rtmem_outer.o(.text) for __rt_SIGRTMEM
    _get_argv_nomalloc.o(.text) refers to sys_command.o(.text) for _sys_command_string
    libshutdown.o(.ARM.Collect$$libshutdown$$00000000) refers (Special) to libshutdown2.o(.ARM.Collect$$libshutdown$$00000006) for __rt_lib_shutdown_fp_trap_1
    libshutdown.o(.ARM.Collect$$libshutdown$$00000000) refers (Special) to libshutdown2.o(.ARM.Collect$$libshutdown$$0000000E) for __rt_lib_shutdown_heap_1
    libshutdown.o(.ARM.Collect$$libshutdown$$00000000) refers (Special) to libshutdown2.o(.ARM.Collect$$libshutdown$$0000000F) for __rt_lib_shutdown_return
    libshutdown.o(.ARM.Collect$$libshutdown$$00000000) refers (Special) to libshutdown2.o(.ARM.Collect$$libshutdown$$00000009) for __rt_lib_shutdown_signal_1
    libshutdown.o(.ARM.Collect$$libshutdown$$00000000) refers (Special) to libshutdown2.o(.ARM.Collect$$libshutdown$$00000003) for __rt_lib_shutdown_stdio_1
    libshutdown.o(.ARM.Collect$$libshutdown$$00000000) refers (Special) to libshutdown2.o(.ARM.Collect$$libshutdown$$0000000B) for __rt_lib_shutdown_user_alloc_1
    sys_wrch.o(.text) refers (Special) to use_no_semi.o(.text) for __I$use$semihosting
    sys_wrch.o(.text) refers (Special) to indicate_semi.o(.text) for __semihosting_library_function
    sys_command.o(.text) refers (Special) to use_no_semi.o(.text) for __I$use$semihosting
    sys_command.o(.text) refers (Special) to indicate_semi.o(.text) for __semihosting_library_function
    defsig_rtmem_outer.o(.text) refers to defsig_rtmem_inner.o(.text) for __rt_SIGRTMEM_inner
    defsig_rtmem_outer.o(.text) refers to defsig_exit.o(.text) for __sig_exit
    defsig_rtmem_formal.o(.text) refers to rt_raise.o(.text) for __rt_raise
    defsig.o(CL$$defsig) refers to defsig_fpe_inner.o(.text) for __rt_SIGFPE_inner
    defsig.o(CL$$defsig) refers to defsig_rtmem_inner.o(.text) for __rt_SIGRTMEM_inner
    defsig_abrt_inner.o(.text) refers to defsig_general.o(.text) for __default_signal_display
    defsig_rtred_inner.o(.text) refers to defsig_general.o(.text) for __default_signal_display
    defsig_rtmem_inner.o(.text) refers to defsig_general.o(.text) for __default_signal_display
    defsig_stak_inner.o(.text) refers to defsig_general.o(.text) for __default_signal_display
    defsig_pvfn_inner.o(.text) refers to defsig_general.o(.text) for __default_signal_display
    defsig_cppl_inner.o(.text) refers to defsig_general.o(.text) for __default_signal_display
    defsig_segv_inner.o(.text) refers to defsig_general.o(.text) for __default_signal_display
    defsig_other.o(.text) refers to defsig_general.o(.text) for __default_signal_display


==============================================================================

Removing Unused input sections from the image.

    Removing main.o(.rev16_text), (4 bytes).
    Removing main.o(.revsh_text), (4 bytes).
    Removing main.o(.data), (24 bytes).
    Removing stm32f4xx_it.o(.rev16_text), (4 bytes).
    Removing stm32f4xx_it.o(.revsh_text), (4 bytes).
    Removing system_stm32f4xx.o(.rev16_text), (4 bytes).
    Removing system_stm32f4xx.o(.revsh_text), (4 bytes).
    Removing system_stm32f4xx.o(i.SystemCoreClockUpdate), (192 bytes).
    Removing system_stm32f4xx.o(.data), (20 bytes).
    Removing led.o(.rev16_text), (4 bytes).
    Removing led.o(.revsh_text), (4 bytes).
    Removing oled.o(.rev16_text), (4 bytes).
    Removing oled.o(.revsh_text), (4 bytes).
    Removing oled.o(i.OLED_Display_Off), (28 bytes).
    Removing oled.o(i.OLED_Display_On), (28 bytes).
    Removing oled.o(i.OLED_DrawBMP), (118 bytes).
    Removing oled.o(i.OLED_ShowCHinese), (104 bytes).
    Removing oled.o(i.OLED_ShowNum), (132 bytes).
    Removing oled.o(i.oled_pow), (22 bytes).
    Removing oled.o(.data), (448 bytes).
    Removing mpu6050.o(.rev16_text), (4 bytes).
    Removing mpu6050.o(.revsh_text), (4 bytes).
    Removing mpu6050.o(i.MPU_Get_Accelerometer), (80 bytes).
    Removing mpu6050.o(i.MPU_Get_Gyroscope), (80 bytes).
    Removing mpu6050.o(i.MPU_Get_Temperature), (132 bytes).
    Removing mpu6050.o(i.MPU_Init), (146 bytes).
    Removing mpu6050.o(i.MPU_Read_Byte), (58 bytes).
    Removing mpu6050.o(i.MPU_Read_Len), (116 bytes).
    Removing mpu6050.o(i.MPU_Set_Accel_Fsr), (16 bytes).
    Removing mpu6050.o(i.MPU_Set_Gyro_Fsr), (16 bytes).
    Removing mpu6050.o(i.MPU_Set_LPF), (58 bytes).
    Removing mpu6050.o(i.MPU_Set_Rate), (58 bytes).
    Removing mpu6050.o(i.MPU_Write_Byte), (68 bytes).
    Removing mpu6050.o(i.MPU_Write_Len), (96 bytes).
    Removing inv_mpu.o(.rev16_text), (4 bytes).
    Removing inv_mpu.o(.revsh_text), (4 bytes).
    Removing inv_mpu.o(i.accel_self_test), (192 bytes).
    Removing inv_mpu.o(i.get_accel_prod_shift), (208 bytes).
    Removing inv_mpu.o(i.get_st_biases), (1136 bytes).
    Removing inv_mpu.o(i.gyro_self_test), (284 bytes).
    Removing inv_mpu.o(i.inv_orientation_matrix_to_scalar), (40 bytes).
    Removing inv_mpu.o(i.inv_row_2_scale), (78 bytes).
    Removing inv_mpu.o(i.mget_ms), (2 bytes).
    Removing inv_mpu.o(i.mpu_configure_fifo), (112 bytes).
    Removing inv_mpu.o(i.mpu_dmp_get_data), (536 bytes).
    Removing inv_mpu.o(i.mpu_dmp_init), (156 bytes).
    Removing inv_mpu.o(i.mpu_get_accel_fsr), (76 bytes).
    Removing inv_mpu.o(i.mpu_get_accel_reg), (116 bytes).
    Removing inv_mpu.o(i.mpu_get_accel_sens), (84 bytes).
    Removing inv_mpu.o(i.mpu_get_compass_fsr), (8 bytes).
    Removing inv_mpu.o(i.mpu_get_compass_reg), (8 bytes).
    Removing inv_mpu.o(i.mpu_get_compass_sample_rate), (10 bytes).
    Removing inv_mpu.o(i.mpu_get_dmp_state), (20 bytes).
    Removing inv_mpu.o(i.mpu_get_fifo_config), (16 bytes).
    Removing inv_mpu.o(i.mpu_get_gyro_fsr), (68 bytes).
    Removing inv_mpu.o(i.mpu_get_gyro_reg), (116 bytes).
    Removing inv_mpu.o(i.mpu_get_gyro_sens), (96 bytes).
    Removing inv_mpu.o(i.mpu_get_int_status), (68 bytes).
    Removing inv_mpu.o(i.mpu_get_lpf), (80 bytes).
    Removing inv_mpu.o(i.mpu_get_power_state), (28 bytes).
    Removing inv_mpu.o(i.mpu_get_sample_rate), (32 bytes).
    Removing inv_mpu.o(i.mpu_get_temperature), (156 bytes).
    Removing inv_mpu.o(i.mpu_init), (496 bytes).
    Removing inv_mpu.o(i.mpu_load_firmware), (184 bytes).
    Removing inv_mpu.o(i.mpu_lp_accel_mode), (224 bytes).
    Removing inv_mpu.o(i.mpu_lp_motion_interrupt), (516 bytes).
    Removing inv_mpu.o(i.mpu_read_fifo), (504 bytes).
    Removing inv_mpu.o(i.mpu_read_fifo_stream), (192 bytes).
    Removing inv_mpu.o(i.mpu_read_mem), (128 bytes).
    Removing inv_mpu.o(i.mpu_read_reg), (72 bytes).
    Removing inv_mpu.o(i.mpu_reg_dump), (104 bytes).
    Removing inv_mpu.o(i.mpu_reset_fifo), (456 bytes).
    Removing inv_mpu.o(i.mpu_run_self_test), (284 bytes).
    Removing inv_mpu.o(i.mpu_set_accel_bias), (384 bytes).
    Removing inv_mpu.o(i.mpu_set_accel_fsr), (132 bytes).
    Removing inv_mpu.o(i.mpu_set_bypass), (332 bytes).
    Removing inv_mpu.o(i.mpu_set_compass_sample_rate), (8 bytes).
    Removing inv_mpu.o(i.mpu_set_dmp_state), (144 bytes).
    Removing inv_mpu.o(i.mpu_set_gyro_fsr), (136 bytes).
    Removing inv_mpu.o(i.mpu_set_int_latched), (108 bytes).
    Removing inv_mpu.o(i.mpu_set_int_level), (16 bytes).
    Removing inv_mpu.o(i.mpu_set_lpf), (132 bytes).
    Removing inv_mpu.o(i.mpu_set_sample_rate), (156 bytes).
    Removing inv_mpu.o(i.mpu_set_sensors), (208 bytes).
    Removing inv_mpu.o(i.mpu_write_mem), (128 bytes).
    Removing inv_mpu.o(i.run_self_test), (154 bytes).
    Removing inv_mpu.o(i.set_int_enable), (144 bytes).
    Removing inv_mpu.o(i.setup_compass), (6 bytes).
    Removing inv_mpu.o(.constdata), (80 bytes).
    Removing inv_mpu.o(.conststring), (77 bytes).
    Removing inv_mpu.o(.data), (53 bytes).
    Removing inv_mpu_dmp_motion_driver.o(.rev16_text), (4 bytes).
    Removing inv_mpu_dmp_motion_driver.o(.revsh_text), (4 bytes).
    Removing inv_mpu_dmp_motion_driver.o(i.decode_gesture), (100 bytes).
    Removing inv_mpu_dmp_motion_driver.o(i.dmp_enable_6x_lp_quat), (60 bytes).
    Removing inv_mpu_dmp_motion_driver.o(i.dmp_enable_feature), (540 bytes).
    Removing inv_mpu_dmp_motion_driver.o(i.dmp_enable_gyro_cal), (88 bytes).
    Removing inv_mpu_dmp_motion_driver.o(i.dmp_enable_lp_quat), (60 bytes).
    Removing inv_mpu_dmp_motion_driver.o(i.dmp_get_enabled_features), (16 bytes).
    Removing inv_mpu_dmp_motion_driver.o(i.dmp_get_fifo_rate), (16 bytes).
    Removing inv_mpu_dmp_motion_driver.o(i.dmp_get_pedometer_step_count), (66 bytes).
    Removing inv_mpu_dmp_motion_driver.o(i.dmp_get_pedometer_walk_time), (72 bytes).
    Removing inv_mpu_dmp_motion_driver.o(i.dmp_load_motion_driver_firmware), (24 bytes).
    Removing inv_mpu_dmp_motion_driver.o(i.dmp_read_fifo), (460 bytes).
    Removing inv_mpu_dmp_motion_driver.o(i.dmp_register_android_orient_cb), (16 bytes).
    Removing inv_mpu_dmp_motion_driver.o(i.dmp_register_tap_cb), (16 bytes).
    Removing inv_mpu_dmp_motion_driver.o(i.dmp_set_accel_bias), (304 bytes).
    Removing inv_mpu_dmp_motion_driver.o(i.dmp_set_fifo_rate), (112 bytes).
    Removing inv_mpu_dmp_motion_driver.o(i.dmp_set_gyro_bias), (304 bytes).
    Removing inv_mpu_dmp_motion_driver.o(i.dmp_set_interrupt_mode), (92 bytes).
    Removing inv_mpu_dmp_motion_driver.o(i.dmp_set_orientation), (312 bytes).
    Removing inv_mpu_dmp_motion_driver.o(i.dmp_set_pedometer_step_count), (42 bytes).
    Removing inv_mpu_dmp_motion_driver.o(i.dmp_set_pedometer_walk_time), (48 bytes).
    Removing inv_mpu_dmp_motion_driver.o(i.dmp_set_shake_reject_thresh), (56 bytes).
    Removing inv_mpu_dmp_motion_driver.o(i.dmp_set_shake_reject_time), (38 bytes).
    Removing inv_mpu_dmp_motion_driver.o(i.dmp_set_shake_reject_timeout), (38 bytes).
    Removing inv_mpu_dmp_motion_driver.o(i.dmp_set_tap_axes), (70 bytes).
    Removing inv_mpu_dmp_motion_driver.o(i.dmp_set_tap_count), (38 bytes).
    Removing inv_mpu_dmp_motion_driver.o(i.dmp_set_tap_thresh), (448 bytes).
    Removing inv_mpu_dmp_motion_driver.o(i.dmp_set_tap_time), (38 bytes).
    Removing inv_mpu_dmp_motion_driver.o(i.dmp_set_tap_time_multi), (38 bytes).
    Removing inv_mpu_dmp_motion_driver.o(.bss), (16 bytes).
    Removing inv_mpu_dmp_motion_driver.o(.constdata), (3062 bytes).
    Removing myiic.o(.rev16_text), (4 bytes).
    Removing myiic.o(.revsh_text), (4 bytes).
    Removing myiic.o(i.IIC_Ack), (80 bytes).
    Removing myiic.o(i.IIC_Init), (76 bytes).
    Removing myiic.o(i.IIC_NAck), (80 bytes).
    Removing myiic.o(i.IIC_Read_Byte), (108 bytes).
    Removing myiic.o(i.IIC_Send_Byte), (104 bytes).
    Removing myiic.o(i.IIC_Start), (76 bytes).
    Removing myiic.o(i.IIC_Stop), (76 bytes).
    Removing myiic.o(i.IIC_Wait_Ack), (96 bytes).
    Removing delay.o(.rev16_text), (4 bytes).
    Removing delay.o(.revsh_text), (4 bytes).
    Removing delay.o(i.delay_us), (76 bytes).
    Removing sys.o(.rev16_text), (4 bytes).
    Removing sys.o(.revsh_text), (4 bytes).
    Removing sys.o(.emb_text), (16 bytes).
    Removing usart.o(.rev16_text), (4 bytes).
    Removing usart.o(.revsh_text), (4 bytes).
    Removing usart.o(i.fputc), (28 bytes).
    Removing usart.o(i.uart_init), (172 bytes).
    Removing misc.o(.rev16_text), (4 bytes).
    Removing misc.o(.revsh_text), (4 bytes).
    Removing misc.o(i.NVIC_Init), (120 bytes).
    Removing misc.o(i.NVIC_PriorityGroupConfig), (20 bytes).
    Removing misc.o(i.NVIC_SetVectorTable), (20 bytes).
    Removing misc.o(i.NVIC_SystemLPConfig), (32 bytes).
    Removing stm32f4xx_gpio.o(.rev16_text), (4 bytes).
    Removing stm32f4xx_gpio.o(.revsh_text), (4 bytes).
    Removing stm32f4xx_gpio.o(i.GPIO_DeInit), (312 bytes).
    Removing stm32f4xx_gpio.o(i.GPIO_PinAFConfig), (70 bytes).
    Removing stm32f4xx_gpio.o(i.GPIO_PinLockConfig), (34 bytes).
    Removing stm32f4xx_gpio.o(i.GPIO_ReadInputData), (8 bytes).
    Removing stm32f4xx_gpio.o(i.GPIO_ReadInputDataBit), (18 bytes).
    Removing stm32f4xx_gpio.o(i.GPIO_ReadOutputData), (8 bytes).
    Removing stm32f4xx_gpio.o(i.GPIO_ReadOutputDataBit), (18 bytes).
    Removing stm32f4xx_gpio.o(i.GPIO_StructInit), (18 bytes).
    Removing stm32f4xx_gpio.o(i.GPIO_ToggleBits), (8 bytes).
    Removing stm32f4xx_gpio.o(i.GPIO_Write), (4 bytes).
    Removing stm32f4xx_gpio.o(i.GPIO_WriteBit), (10 bytes).
    Removing stm32f4xx_rcc.o(.rev16_text), (4 bytes).
    Removing stm32f4xx_rcc.o(.revsh_text), (4 bytes).
    Removing stm32f4xx_rcc.o(i.RCC_AHB1PeriphClockLPModeCmd), (32 bytes).
    Removing stm32f4xx_rcc.o(i.RCC_AHB1PeriphResetCmd), (32 bytes).
    Removing stm32f4xx_rcc.o(i.RCC_AHB2PeriphClockCmd), (32 bytes).
    Removing stm32f4xx_rcc.o(i.RCC_AHB2PeriphClockLPModeCmd), (32 bytes).
    Removing stm32f4xx_rcc.o(i.RCC_AHB2PeriphResetCmd), (32 bytes).
    Removing stm32f4xx_rcc.o(i.RCC_AHB3PeriphClockCmd), (32 bytes).
    Removing stm32f4xx_rcc.o(i.RCC_AHB3PeriphClockLPModeCmd), (32 bytes).
    Removing stm32f4xx_rcc.o(i.RCC_AHB3PeriphResetCmd), (32 bytes).
    Removing stm32f4xx_rcc.o(i.RCC_APB1PeriphClockCmd), (32 bytes).
    Removing stm32f4xx_rcc.o(i.RCC_APB1PeriphClockLPModeCmd), (32 bytes).
    Removing stm32f4xx_rcc.o(i.RCC_APB1PeriphResetCmd), (32 bytes).
    Removing stm32f4xx_rcc.o(i.RCC_APB2PeriphClockCmd), (32 bytes).
    Removing stm32f4xx_rcc.o(i.RCC_APB2PeriphClockLPModeCmd), (32 bytes).
    Removing stm32f4xx_rcc.o(i.RCC_APB2PeriphResetCmd), (32 bytes).
    Removing stm32f4xx_rcc.o(i.RCC_AdjustHSICalibrationValue), (24 bytes).
    Removing stm32f4xx_rcc.o(i.RCC_BackupResetCmd), (12 bytes).
    Removing stm32f4xx_rcc.o(i.RCC_ClearFlag), (20 bytes).
    Removing stm32f4xx_rcc.o(i.RCC_ClearITPendingBit), (12 bytes).
    Removing stm32f4xx_rcc.o(i.RCC_ClockSecuritySystemCmd), (12 bytes).
    Removing stm32f4xx_rcc.o(i.RCC_DeInit), (100 bytes).
    Removing stm32f4xx_rcc.o(i.RCC_GetClocksFreq), (232 bytes).
    Removing stm32f4xx_rcc.o(i.RCC_GetFlagStatus), (64 bytes).
    Removing stm32f4xx_rcc.o(i.RCC_GetITStatus), (24 bytes).
    Removing stm32f4xx_rcc.o(i.RCC_GetSYSCLKSource), (16 bytes).
    Removing stm32f4xx_rcc.o(i.RCC_HCLKConfig), (24 bytes).
    Removing stm32f4xx_rcc.o(i.RCC_HSEConfig), (16 bytes).
    Removing stm32f4xx_rcc.o(i.RCC_HSICmd), (12 bytes).
    Removing stm32f4xx_rcc.o(i.RCC_I2SCLKConfig), (12 bytes).
    Removing stm32f4xx_rcc.o(i.RCC_ITConfig), (32 bytes).
    Removing stm32f4xx_rcc.o(i.RCC_LSEConfig), (44 bytes).
    Removing stm32f4xx_rcc.o(i.RCC_LSEModeConfig), (36 bytes).
    Removing stm32f4xx_rcc.o(i.RCC_LSICmd), (12 bytes).
    Removing stm32f4xx_rcc.o(i.RCC_LTDCCLKDivConfig), (24 bytes).
    Removing stm32f4xx_rcc.o(i.RCC_MCO1Config), (28 bytes).
    Removing stm32f4xx_rcc.o(i.RCC_MCO2Config), (28 bytes).
    Removing stm32f4xx_rcc.o(i.RCC_PCLK1Config), (24 bytes).
    Removing stm32f4xx_rcc.o(i.RCC_PCLK2Config), (24 bytes).
    Removing stm32f4xx_rcc.o(i.RCC_PLLCmd), (12 bytes).
    Removing stm32f4xx_rcc.o(i.RCC_PLLConfig), (36 bytes).
    Removing stm32f4xx_rcc.o(i.RCC_PLLI2SCmd), (12 bytes).
    Removing stm32f4xx_rcc.o(i.RCC_PLLI2SConfig), (16 bytes).
    Removing stm32f4xx_rcc.o(i.RCC_PLLSAICmd), (12 bytes).
    Removing stm32f4xx_rcc.o(i.RCC_PLLSAIConfig), (24 bytes).
    Removing stm32f4xx_rcc.o(i.RCC_RTCCLKCmd), (12 bytes).
    Removing stm32f4xx_rcc.o(i.RCC_RTCCLKConfig), (60 bytes).
    Removing stm32f4xx_rcc.o(i.RCC_SAIBlockACLKConfig), (24 bytes).
    Removing stm32f4xx_rcc.o(i.RCC_SAIBlockBCLKConfig), (24 bytes).
    Removing stm32f4xx_rcc.o(i.RCC_SAIPLLI2SClkDivConfig), (28 bytes).
    Removing stm32f4xx_rcc.o(i.RCC_SAIPLLSAIClkDivConfig), (28 bytes).
    Removing stm32f4xx_rcc.o(i.RCC_SYSCLKConfig), (24 bytes).
    Removing stm32f4xx_rcc.o(i.RCC_TIMCLKPresConfig), (12 bytes).
    Removing stm32f4xx_rcc.o(i.RCC_WaitForHSEStartUp), (56 bytes).
    Removing stm32f4xx_rcc.o(.data), (16 bytes).
    Removing stm32f4xx_syscfg.o(.rev16_text), (4 bytes).
    Removing stm32f4xx_syscfg.o(.revsh_text), (4 bytes).
    Removing stm32f4xx_syscfg.o(i.SYSCFG_CompensationCellCmd), (12 bytes).
    Removing stm32f4xx_syscfg.o(i.SYSCFG_DeInit), (22 bytes).
    Removing stm32f4xx_syscfg.o(i.SYSCFG_ETH_MediaInterfaceConfig), (12 bytes).
    Removing stm32f4xx_syscfg.o(i.SYSCFG_EXTILineConfig), (64 bytes).
    Removing stm32f4xx_syscfg.o(i.SYSCFG_GetCompensationCellStatus), (24 bytes).
    Removing stm32f4xx_syscfg.o(i.SYSCFG_MemoryRemapConfig), (12 bytes).
    Removing stm32f4xx_syscfg.o(i.SYSCFG_MemorySwappingBank), (12 bytes).
    Removing stm32f4xx_usart.o(.rev16_text), (4 bytes).
    Removing stm32f4xx_usart.o(.revsh_text), (4 bytes).
    Removing stm32f4xx_usart.o(i.USART_ClearFlag), (18 bytes).
    Removing stm32f4xx_usart.o(i.USART_ClearITPendingBit), (30 bytes).
    Removing stm32f4xx_usart.o(i.USART_ClockInit), (32 bytes).
    Removing stm32f4xx_usart.o(i.USART_ClockStructInit), (12 bytes).
    Removing stm32f4xx_usart.o(i.USART_Cmd), (24 bytes).
    Removing stm32f4xx_usart.o(i.USART_DMACmd), (18 bytes).
    Removing stm32f4xx_usart.o(i.USART_DeInit), (240 bytes).
    Removing stm32f4xx_usart.o(i.USART_GetFlagStatus), (26 bytes).
    Removing stm32f4xx_usart.o(i.USART_HalfDuplexCmd), (24 bytes).
    Removing stm32f4xx_usart.o(i.USART_ITConfig), (74 bytes).
    Removing stm32f4xx_usart.o(i.USART_Init), (212 bytes).
    Removing stm32f4xx_usart.o(i.USART_IrDACmd), (24 bytes).
    Removing stm32f4xx_usart.o(i.USART_IrDAConfig), (18 bytes).
    Removing stm32f4xx_usart.o(i.USART_LINBreakDetectLengthConfig), (18 bytes).
    Removing stm32f4xx_usart.o(i.USART_LINCmd), (24 bytes).
    Removing stm32f4xx_usart.o(i.USART_OneBitMethodCmd), (24 bytes).
    Removing stm32f4xx_usart.o(i.USART_OverSampling8Cmd), (22 bytes).
    Removing stm32f4xx_usart.o(i.USART_ReceiverWakeUpCmd), (24 bytes).
    Removing stm32f4xx_usart.o(i.USART_SendBreak), (10 bytes).
    Removing stm32f4xx_usart.o(i.USART_SendData), (8 bytes).
    Removing stm32f4xx_usart.o(i.USART_SetAddress), (18 bytes).
    Removing stm32f4xx_usart.o(i.USART_SetGuardTime), (16 bytes).
    Removing stm32f4xx_usart.o(i.USART_SetPrescaler), (16 bytes).
    Removing stm32f4xx_usart.o(i.USART_SmartCardCmd), (24 bytes).
    Removing stm32f4xx_usart.o(i.USART_SmartCardNACKCmd), (24 bytes).
    Removing stm32f4xx_usart.o(i.USART_StructInit), (24 bytes).
    Removing stm32f4xx_usart.o(i.USART_WakeUpConfig), (18 bytes).

255 unused section(s) (total 22594 bytes) removed from the image.

==============================================================================

Image Symbol Table

    Local Symbols

    Symbol Name                              Value     Ov Type        Size  Object(Section)

    ../clib/angel/boardlib.s                 0x00000000   Number         0  boardinit1.o ABSOLUTE
    ../clib/angel/boardlib.s                 0x00000000   Number         0  boardshut.o ABSOLUTE
    ../clib/angel/boardlib.s                 0x00000000   Number         0  boardinit3.o ABSOLUTE
    ../clib/angel/boardlib.s                 0x00000000   Number         0  boardinit2.o ABSOLUTE
    ../clib/angel/handlers.s                 0x00000000   Number         0  __scatter_zi.o ABSOLUTE
    ../clib/angel/handlers.s                 0x00000000   Number         0  __scatter_copy.o ABSOLUTE
    ../clib/angel/kernel.s                   0x00000000   Number         0  __rtentry.o ABSOLUTE
    ../clib/angel/kernel.s                   0x00000000   Number         0  __rtentry2.o ABSOLUTE
    ../clib/angel/kernel.s                   0x00000000   Number         0  __rtentry4.o ABSOLUTE
    ../clib/angel/kernel.s                   0x00000000   Number         0  rtexit.o ABSOLUTE
    ../clib/angel/kernel.s                   0x00000000   Number         0  rtexit2.o ABSOLUTE
    ../clib/angel/rt.s                       0x00000000   Number         0  rt_raise.o ABSOLUTE
    ../clib/angel/rt.s                       0x00000000   Number         0  rt_errno_addr.o ABSOLUTE
    ../clib/angel/rt.s                       0x00000000   Number         0  rt_errno_addr_intlibspace.o ABSOLUTE
    ../clib/angel/rt.s                       0x00000000   Number         0  aeabi_ldiv0_sigfpe.o ABSOLUTE
    ../clib/angel/rt.s                       0x00000000   Number         0  rt_div0.o ABSOLUTE
    ../clib/angel/rt.s                       0x00000000   Number         0  aeabi_ldiv0.o ABSOLUTE
    ../clib/angel/scatter.s                  0x00000000   Number         0  __scatter.o ABSOLUTE
    ../clib/angel/startup.s                  0x00000000   Number         0  __main.o ABSOLUTE
    ../clib/angel/sys.s                      0x00000000   Number         0  libspace.o ABSOLUTE
    ../clib/angel/sys.s                      0x00000000   Number         0  indicate_semi.o ABSOLUTE
    ../clib/angel/sys.s                      0x00000000   Number         0  use_no_semi.o ABSOLUTE
    ../clib/angel/sys.s                      0x00000000   Number         0  sys_stackheap_outer.o ABSOLUTE
    ../clib/angel/sys.s                      0x00000000   Number         0  use_no_semi_2.o ABSOLUTE
    ../clib/angel/sysapp.c                   0x00000000   Number         0  sys_wrch.o ABSOLUTE
    ../clib/angel/sysapp.c                   0x00000000   Number         0  sys_command.o ABSOLUTE
    ../clib/armsys.c                         0x00000000   Number         0  argv_veneer.o ABSOLUTE
    ../clib/armsys.c                         0x00000000   Number         0  argv_veneer.o ABSOLUTE
    ../clib/armsys.c                         0x00000000   Number         0  _get_argv_nomalloc.o ABSOLUTE
    ../clib/armsys.c                         0x00000000   Number         0  no_argv.o ABSOLUTE
    ../clib/fenv.c                           0x00000000   Number         0  _rserrno.o ABSOLUTE
    ../clib/heapalloc.c                      0x00000000   Number         0  hrguard.o ABSOLUTE
    ../clib/heapaux.c                        0x00000000   Number         0  heapauxi.o ABSOLUTE
    ../clib/libinit.s                        0x00000000   Number         0  libinit.o ABSOLUTE
    ../clib/libinit.s                        0x00000000   Number         0  libinit2.o ABSOLUTE
    ../clib/libinit.s                        0x00000000   Number         0  libshutdown.o ABSOLUTE
    ../clib/libinit.s                        0x00000000   Number         0  libshutdown2.o ABSOLUTE
    ../clib/longlong.s                       0x00000000   Number         0  llsdiv.o ABSOLUTE
    ../clib/longlong.s                       0x00000000   Number         0  lludivv7m.o ABSOLUTE
    ../clib/memcpset.s                       0x00000000   Number         0  rt_memclr_w.o ABSOLUTE
    ../clib/memcpset.s                       0x00000000   Number         0  rt_memclr.o ABSOLUTE
    ../clib/memcpset.s                       0x00000000   Number         0  aeabi_memset.o ABSOLUTE
    ../clib/misc.s                           0x00000000   Number         0  printf_stubs.o ABSOLUTE
    ../clib/printf.c                         0x00000000   Number         0  __2printf.o ABSOLUTE
    ../clib/printf.c                         0x00000000   Number         0  _printf_char_common.o ABSOLUTE
    ../clib/printf.c                         0x00000000   Number         0  __printf_ss_wp.o ABSOLUTE
    ../clib/printf.c                         0x00000000   Number         0  __printf_flags_ss_wp.o ABSOLUTE
    ../clib/printf.c                         0x00000000   Number         0  __printf_flags.o ABSOLUTE
    ../clib/printf.c                         0x00000000   Number         0  _printf_hex_int_ptr.o ABSOLUTE
    ../clib/printf.c                         0x00000000   Number         0  _printf_hex_int_ll.o ABSOLUTE
    ../clib/printf.c                         0x00000000   Number         0  _printf_hex_int.o ABSOLUTE
    ../clib/printf.c                         0x00000000   Number         0  _printf_hex_ll.o ABSOLUTE
    ../clib/printf.c                         0x00000000   Number         0  _printf_hex_int_ll_ptr.o ABSOLUTE
    ../clib/printf.c                         0x00000000   Number         0  __printf_flags_wp.o ABSOLUTE
    ../clib/printf.c                         0x00000000   Number         0  _printf_intcommon.o ABSOLUTE
    ../clib/printf.c                         0x00000000   Number         0  _printf_char_file.o ABSOLUTE
    ../clib/printf.c                         0x00000000   Number         0  __printf_nopercent.o ABSOLUTE
    ../clib/printf.c                         0x00000000   Number         0  __printf_flags_ss.o ABSOLUTE
    ../clib/printf.c                         0x00000000   Number         0  _printf_pad.o ABSOLUTE
    ../clib/printf.c                         0x00000000   Number         0  __printf.o ABSOLUTE
    ../clib/printf.c                         0x00000000   Number         0  __printf_wp.o ABSOLUTE
    ../clib/printf.c                         0x00000000   Number         0  __printf_ss.o ABSOLUTE
    ../clib/printf.c                         0x00000000   Number         0  noretval__2printf.o ABSOLUTE
    ../clib/printf.c                         0x00000000   Number         0  _printf_hex_ll_ptr.o ABSOLUTE
    ../clib/printf.c                         0x00000000   Number         0  _printf_hex_ptr.o ABSOLUTE
    ../clib/printf.c                         0x00000000   Number         0  _printf_dec.o ABSOLUTE
    ../clib/printf_percent.s                 0x00000000   Number         0  _printf_x.o ABSOLUTE
    ../clib/printf_percent.s                 0x00000000   Number         0  _printf_d.o ABSOLUTE
    ../clib/printf_percent.s                 0x00000000   Number         0  _printf_percent_end.o ABSOLUTE
    ../clib/printf_percent.s                 0x00000000   Number         0  _printf_percent.o ABSOLUTE
    ../clib/signal.c                         0x00000000   Number         0  defsig_rtmem_formal.o ABSOLUTE
    ../clib/signal.c                         0x00000000   Number         0  defsig_fpe_inner.o ABSOLUTE
    ../clib/signal.c                         0x00000000   Number         0  defsig_exit.o ABSOLUTE
    ../clib/signal.c                         0x00000000   Number         0  defsig_rtmem_outer.o ABSOLUTE
    ../clib/signal.c                         0x00000000   Number         0  __raise.o ABSOLUTE
    ../clib/signal.c                         0x00000000   Number         0  defsig_general.o ABSOLUTE
    ../clib/signal.c                         0x00000000   Number         0  defsig_abrt_inner.o ABSOLUTE
    ../clib/signal.c                         0x00000000   Number         0  defsig_rtred_inner.o ABSOLUTE
    ../clib/signal.c                         0x00000000   Number         0  defsig_rtmem_inner.o ABSOLUTE
    ../clib/signal.c                         0x00000000   Number         0  defsig_stak_inner.o ABSOLUTE
    ../clib/signal.c                         0x00000000   Number         0  defsig_pvfn_inner.o ABSOLUTE
    ../clib/signal.c                         0x00000000   Number         0  defsig_cppl_inner.o ABSOLUTE
    ../clib/signal.c                         0x00000000   Number         0  defsig_segv_inner.o ABSOLUTE
    ../clib/signal.c                         0x00000000   Number         0  defsig_other.o ABSOLUTE
    ../clib/signal.c                         0x00000000   Number         0  defsig_fpe_formal.o ABSOLUTE
    ../clib/signal.c                         0x00000000   Number         0  defsig_fpe_outer.o ABSOLUTE
    ../clib/signal.s                         0x00000000   Number         0  defsig.o ABSOLUTE
    ../clib/stdio.c                          0x00000000   Number         0  ferror.o ABSOLUTE
    ../clib/stdio.c                          0x00000000   Number         0  ferror_locked.o ABSOLUTE
    ../clib/stdlib.c                         0x00000000   Number         0  exit.o ABSOLUTE
    ../clib/string.c                         0x00000000   Number         0  memcmp.o ABSOLUTE
    ../fplib/basic.s                         0x00000000   Number         0  basic.o ABSOLUTE
    ../fplib/d2f.s                           0x00000000   Number         0  d2f.o ABSOLUTE
    ../fplib/daddsub.s                       0x00000000   Number         0  daddsub_clz.o ABSOLUTE
    ../fplib/dcmpi.s                         0x00000000   Number         0  dcmpi.o ABSOLUTE
    ../fplib/ddiv.s                          0x00000000   Number         0  ddiv.o ABSOLUTE
    ../fplib/dflt.s                          0x00000000   Number         0  dflt_clz.o ABSOLUTE
    ../fplib/dleqf.s                         0x00000000   Number         0  dleqf.o ABSOLUTE
    ../fplib/dmul.s                          0x00000000   Number         0  dmul.o ABSOLUTE
    ../fplib/dnaninf.s                       0x00000000   Number         0  dnaninf.o ABSOLUTE
    ../fplib/dretinf.s                       0x00000000   Number         0  dretinf.o ABSOLUTE
    ../fplib/dsqrt.s                         0x00000000   Number         0  dsqrt_umaal.o ABSOLUTE
    ../fplib/f2d.s                           0x00000000   Number         0  f2d.o ABSOLUTE
    ../fplib/fnaninf.s                       0x00000000   Number         0  fnaninf.o ABSOLUTE
    ../fplib/fpinit.s                        0x00000000   Number         0  fpinit.o ABSOLUTE
    ../fplib/fretinf.s                       0x00000000   Number         0  fretinf.o ABSOLUTE
    ../fplib/usenofp.s                       0x00000000   Number         0  usenofp.o ABSOLUTE
    ../mathlib/asin.c                        0x00000000   Number         0  asin_x.o ABSOLUTE
    ../mathlib/asin.c                        0x00000000   Number         0  asin.o ABSOLUTE
    ../mathlib/atan.c                        0x00000000   Number         0  atan_x.o ABSOLUTE
    ../mathlib/atan.c                        0x00000000   Number         0  atan.o ABSOLUTE
    ../mathlib/atan2.c                       0x00000000   Number         0  atan2.o ABSOLUTE
    ../mathlib/atan2.c                       0x00000000   Number         0  atan2_x.o ABSOLUTE
    ../mathlib/dunder.c                      0x00000000   Number         0  dunder.o ABSOLUTE
    ../mathlib/fabs.c                        0x00000000   Number         0  fabs.o ABSOLUTE
    ../mathlib/fpclassify.c                  0x00000000   Number         0  fpclassify.o ABSOLUTE
    ../mathlib/poly.c                        0x00000000   Number         0  poly.o ABSOLUTE
    ../mathlib/qnan.c                        0x00000000   Number         0  qnan.o ABSOLUTE
    ../mathlib/sqrt.c                        0x00000000   Number         0  sqrt.o ABSOLUTE
    ../mathlib/sqrt.c                        0x00000000   Number         0  sqrt_x.o ABSOLUTE
    ..\CORE\startup_stm32f40_41xxx.s         0x00000000   Number         0  startup_stm32f40_41xxx.o ABSOLUTE
    ..\FWLIB\src\misc.c                      0x00000000   Number         0  misc.o ABSOLUTE
    ..\FWLIB\src\stm32f4xx_gpio.c            0x00000000   Number         0  stm32f4xx_gpio.o ABSOLUTE
    ..\FWLIB\src\stm32f4xx_rcc.c             0x00000000   Number         0  stm32f4xx_rcc.o ABSOLUTE
    ..\FWLIB\src\stm32f4xx_syscfg.c          0x00000000   Number         0  stm32f4xx_syscfg.o ABSOLUTE
    ..\FWLIB\src\stm32f4xx_usart.c           0x00000000   Number         0  stm32f4xx_usart.o ABSOLUTE
    ..\HARDWARE\IIC\myiic.c                  0x00000000   Number         0  myiic.o ABSOLUTE
    ..\HARDWARE\LED\led.c                    0x00000000   Number         0  led.o ABSOLUTE
    ..\HARDWARE\MPU6050\eMPL\inv_mpu.c       0x00000000   Number         0  inv_mpu.o ABSOLUTE
    ..\HARDWARE\MPU6050\eMPL\inv_mpu_dmp_motion_driver.c 0x00000000   Number         0  inv_mpu_dmp_motion_driver.o ABSOLUTE
    ..\HARDWARE\MPU6050\mpu6050.c            0x00000000   Number         0  mpu6050.o ABSOLUTE
    ..\HARDWARE\OLED\oled.c                  0x00000000   Number         0  oled.o ABSOLUTE
    ..\SYSTEM\delay\delay.c                  0x00000000   Number         0  delay.o ABSOLUTE
    ..\SYSTEM\sys\sys.c                      0x00000000   Number         0  sys.o ABSOLUTE
    ..\SYSTEM\usart\usart.c                  0x00000000   Number         0  usart.o ABSOLUTE
    ..\\FWLIB\\src\\misc.c                   0x00000000   Number         0  misc.o ABSOLUTE
    ..\\FWLIB\\src\\stm32f4xx_gpio.c         0x00000000   Number         0  stm32f4xx_gpio.o ABSOLUTE
    ..\\FWLIB\\src\\stm32f4xx_rcc.c          0x00000000   Number         0  stm32f4xx_rcc.o ABSOLUTE
    ..\\FWLIB\\src\\stm32f4xx_syscfg.c       0x00000000   Number         0  stm32f4xx_syscfg.o ABSOLUTE
    ..\\FWLIB\\src\\stm32f4xx_usart.c        0x00000000   Number         0  stm32f4xx_usart.o ABSOLUTE
    ..\\HARDWARE\\IIC\\myiic.c               0x00000000   Number         0  myiic.o ABSOLUTE
    ..\\HARDWARE\\LED\\led.c                 0x00000000   Number         0  led.o ABSOLUTE
    ..\\HARDWARE\\MPU6050\\eMPL\\inv_mpu.c   0x00000000   Number         0  inv_mpu.o ABSOLUTE
    ..\\HARDWARE\\MPU6050\\eMPL\\inv_mpu_dmp_motion_driver.c 0x00000000   Number         0  inv_mpu_dmp_motion_driver.o ABSOLUTE
    ..\\HARDWARE\\MPU6050\\mpu6050.c         0x00000000   Number         0  mpu6050.o ABSOLUTE
    ..\\HARDWARE\\OLED\\oled.c               0x00000000   Number         0  oled.o ABSOLUTE
    ..\\SYSTEM\\delay\\delay.c               0x00000000   Number         0  delay.o ABSOLUTE
    ..\\SYSTEM\\sys\\sys.c                   0x00000000   Number         0  sys.o ABSOLUTE
    ..\\SYSTEM\\usart\\usart.c               0x00000000   Number         0  usart.o ABSOLUTE
    dc.s                                     0x00000000   Number         0  dc.o ABSOLUTE
    main.c                                   0x00000000   Number         0  main.o ABSOLUTE
    main.c                                   0x00000000   Number         0  main.o ABSOLUTE
    stm32f4xx_it.c                           0x00000000   Number         0  stm32f4xx_it.o ABSOLUTE
    stm32f4xx_it.c                           0x00000000   Number         0  stm32f4xx_it.o ABSOLUTE
    system_stm32f4xx.c                       0x00000000   Number         0  system_stm32f4xx.o ABSOLUTE
    system_stm32f4xx.c                       0x00000000   Number         0  system_stm32f4xx.o ABSOLUTE
    RESET                                    0x08010000   Section      392  startup_stm32f40_41xxx.o(RESET)
    !!!main                                  0x08010188   Section        8  __main.o(!!!main)
    !!!scatter                               0x08010190   Section       52  __scatter.o(!!!scatter)
    !!handler_copy                           0x080101c4   Section       26  __scatter_copy.o(!!handler_copy)
    !!handler_zi                             0x080101e0   Section       28  __scatter_zi.o(!!handler_zi)
    .ARM.Collect$$libinit$$00000000          0x080101fc   Section        2  libinit.o(.ARM.Collect$$libinit$$00000000)
    .ARM.Collect$$libinit$$00000001          0x080101fe   Section        4  libinit2.o(.ARM.Collect$$libinit$$00000001)
    .ARM.Collect$$libinit$$00000004          0x08010202   Section        0  libinit2.o(.ARM.Collect$$libinit$$00000004)
    .ARM.Collect$$libinit$$0000000A          0x08010202   Section        0  libinit2.o(.ARM.Collect$$libinit$$0000000A)
    .ARM.Collect$$libinit$$0000000C          0x08010202   Section        0  libinit2.o(.ARM.Collect$$libinit$$0000000C)
    .ARM.Collect$$libinit$$0000000E          0x08010202   Section        0  libinit2.o(.ARM.Collect$$libinit$$0000000E)
    .ARM.Collect$$libinit$$00000011          0x08010202   Section        0  libinit2.o(.ARM.Collect$$libinit$$00000011)
    .ARM.Collect$$libinit$$00000013          0x08010202   Section        0  libinit2.o(.ARM.Collect$$libinit$$00000013)
    .ARM.Collect$$libinit$$00000015          0x08010202   Section        0  libinit2.o(.ARM.Collect$$libinit$$00000015)
    .ARM.Collect$$libinit$$00000017          0x08010202   Section        0  libinit2.o(.ARM.Collect$$libinit$$00000017)
    .ARM.Collect$$libinit$$00000019          0x08010202   Section        0  libinit2.o(.ARM.Collect$$libinit$$00000019)
    .ARM.Collect$$libinit$$0000001B          0x08010202   Section        0  libinit2.o(.ARM.Collect$$libinit$$0000001B)
    .ARM.Collect$$libinit$$0000001D          0x08010202   Section        0  libinit2.o(.ARM.Collect$$libinit$$0000001D)
    .ARM.Collect$$libinit$$0000001F          0x08010202   Section        0  libinit2.o(.ARM.Collect$$libinit$$0000001F)
    .ARM.Collect$$libinit$$00000021          0x08010202   Section        0  libinit2.o(.ARM.Collect$$libinit$$00000021)
    .ARM.Collect$$libinit$$00000023          0x08010202   Section        0  libinit2.o(.ARM.Collect$$libinit$$00000023)
    .ARM.Collect$$libinit$$00000025          0x08010202   Section        0  libinit2.o(.ARM.Collect$$libinit$$00000025)
    .ARM.Collect$$libinit$$0000002C          0x08010202   Section        0  libinit2.o(.ARM.Collect$$libinit$$0000002C)
    .ARM.Collect$$libinit$$0000002E          0x08010202   Section        0  libinit2.o(.ARM.Collect$$libinit$$0000002E)
    .ARM.Collect$$libinit$$00000030          0x08010202   Section        0  libinit2.o(.ARM.Collect$$libinit$$00000030)
    .ARM.Collect$$libinit$$00000032          0x08010202   Section        0  libinit2.o(.ARM.Collect$$libinit$$00000032)
    .ARM.Collect$$libinit$$00000033          0x08010202   Section        2  libinit2.o(.ARM.Collect$$libinit$$00000033)
    .ARM.Collect$$libshutdown$$00000000      0x08010204   Section        2  libshutdown.o(.ARM.Collect$$libshutdown$$00000000)
    .ARM.Collect$$libshutdown$$00000003      0x08010206   Section        0  libshutdown2.o(.ARM.Collect$$libshutdown$$00000003)
    .ARM.Collect$$libshutdown$$00000006      0x08010206   Section        0  libshutdown2.o(.ARM.Collect$$libshutdown$$00000006)
    .ARM.Collect$$libshutdown$$00000009      0x08010206   Section        0  libshutdown2.o(.ARM.Collect$$libshutdown$$00000009)
    .ARM.Collect$$libshutdown$$0000000B      0x08010206   Section        0  libshutdown2.o(.ARM.Collect$$libshutdown$$0000000B)
    .ARM.Collect$$libshutdown$$0000000E      0x08010206   Section        0  libshutdown2.o(.ARM.Collect$$libshutdown$$0000000E)
    .ARM.Collect$$libshutdown$$0000000F      0x08010206   Section        2  libshutdown2.o(.ARM.Collect$$libshutdown$$0000000F)
    .ARM.Collect$$rtentry$$00000000          0x08010208   Section        0  __rtentry.o(.ARM.Collect$$rtentry$$00000000)
    .ARM.Collect$$rtentry$$00000002          0x08010208   Section        0  __rtentry2.o(.ARM.Collect$$rtentry$$00000002)
    .ARM.Collect$$rtentry$$00000004          0x08010208   Section        6  __rtentry4.o(.ARM.Collect$$rtentry$$00000004)
    .ARM.Collect$$rtentry$$00000009          0x0801020e   Section        0  __rtentry2.o(.ARM.Collect$$rtentry$$00000009)
    .ARM.Collect$$rtentry$$0000000A          0x0801020e   Section        4  __rtentry2.o(.ARM.Collect$$rtentry$$0000000A)
    .ARM.Collect$$rtentry$$0000000C          0x08010212   Section        0  __rtentry2.o(.ARM.Collect$$rtentry$$0000000C)
    .ARM.Collect$$rtentry$$0000000D          0x08010212   Section        8  __rtentry2.o(.ARM.Collect$$rtentry$$0000000D)
    .ARM.Collect$$rtexit$$00000000           0x0801021a   Section        2  rtexit.o(.ARM.Collect$$rtexit$$00000000)
    .ARM.Collect$$rtexit$$00000002           0x0801021c   Section        0  rtexit2.o(.ARM.Collect$$rtexit$$00000002)
    .ARM.Collect$$rtexit$$00000003           0x0801021c   Section        4  rtexit2.o(.ARM.Collect$$rtexit$$00000003)
    .ARM.Collect$$rtexit$$00000004           0x08010220   Section        6  rtexit2.o(.ARM.Collect$$rtexit$$00000004)
    .text                                    0x08010228   Section       64  startup_stm32f40_41xxx.o(.text)
    $v0                                      0x08010228   Number         0  startup_stm32f40_41xxx.o(.text)
    .text                                    0x08010268   Section        2  use_no_semi_2.o(.text)
    .text                                    0x0801026a   Section        0  heapauxi.o(.text)
    .text                                    0x08010270   Section        2  use_no_semi.o(.text)
    .text                                    0x08010274   Section        8  libspace.o(.text)
    .text                                    0x0801027c   Section       74  sys_stackheap_outer.o(.text)
    .text                                    0x080102c6   Section        0  exit.o(.text)
    i.BusFault_Handler                       0x080102d2   Section        0  stm32f4xx_it.o(i.BusFault_Handler)
    i.DebugMon_Handler                       0x080102d6   Section        0  stm32f4xx_it.o(i.DebugMon_Handler)
    i.GPIO_Init                              0x080102d8   Section        0  stm32f4xx_gpio.o(i.GPIO_Init)
    i.GPIO_ResetBits                         0x08010368   Section        0  stm32f4xx_gpio.o(i.GPIO_ResetBits)
    i.GPIO_SetBits                           0x0801036c   Section        0  stm32f4xx_gpio.o(i.GPIO_SetBits)
    i.HardFault_Handler                      0x08010370   Section        0  stm32f4xx_it.o(i.HardFault_Handler)
    i.LED_Init                               0x08010374   Section        0  led.o(i.LED_Init)
    i.MemManage_Handler                      0x080103b4   Section        0  stm32f4xx_it.o(i.MemManage_Handler)
    i.NMI_Handler                            0x080103b8   Section        0  stm32f4xx_it.o(i.NMI_Handler)
    i.OLED_Clear                             0x080103ba   Section        0  oled.o(i.OLED_Clear)
    i.OLED_Init                              0x080103fc   Section        0  oled.o(i.OLED_Init)
    i.OLED_Set_Pos                           0x08010588   Section        0  oled.o(i.OLED_Set_Pos)
    i.OLED_ShowChar                          0x080105b8   Section        0  oled.o(i.OLED_ShowChar)
    i.OLED_ShowString                        0x08010628   Section        0  oled.o(i.OLED_ShowString)
    i.OLED_WR_Byte                           0x08010660   Section        0  oled.o(i.OLED_WR_Byte)
    i.PendSV_Handler                         0x080106d0   Section        0  stm32f4xx_it.o(i.PendSV_Handler)
    i.RCC_AHB1PeriphClockCmd                 0x080106d4   Section        0  stm32f4xx_rcc.o(i.RCC_AHB1PeriphClockCmd)
    i.SVC_Handler                            0x080106f4   Section        0  stm32f4xx_it.o(i.SVC_Handler)
    i.SetSysClock                            0x080106f8   Section        0  system_stm32f4xx.o(i.SetSysClock)
    SetSysClock                              0x080106f9   Thumb Code   220  system_stm32f4xx.o(i.SetSysClock)
    i.SysTick_CLKSourceConfig                0x080107e4   Section        0  misc.o(i.SysTick_CLKSourceConfig)
    i.SysTick_Handler                        0x0801080c   Section        0  stm32f4xx_it.o(i.SysTick_Handler)
    i.SystemInit                             0x08010810   Section        0  system_stm32f4xx.o(i.SystemInit)
    i.USART1_IRQHandler                      0x08010878   Section        0  usart.o(i.USART1_IRQHandler)
    i.USART_GetITStatus                      0x08010900   Section        0  stm32f4xx_usart.o(i.USART_GetITStatus)
    i.USART_ReceiveData                      0x08010954   Section        0  stm32f4xx_usart.o(i.USART_ReceiveData)
    i.UsageFault_Handler                     0x0801095e   Section        0  stm32f4xx_it.o(i.UsageFault_Handler)
    i._sys_exit                              0x08010962   Section        0  usart.o(i._sys_exit)
    i.delay_init                             0x08010968   Section        0  delay.o(i.delay_init)
    i.delay_ms                               0x080109a4   Section        0  delay.o(i.delay_ms)
    i.delay_xms                              0x080109dc   Section        0  delay.o(i.delay_xms)
    i.main                                   0x08010a28   Section        0  main.o(i.main)
    x$fpl$fpinit                             0x08010ac0   Section       10  fpinit.o(x$fpl$fpinit)
    $v0                                      0x08010ac0   Number         0  fpinit.o(x$fpl$fpinit)
    .constdata                               0x08010aca   Section     2072  oled.o(.constdata)
    .data                                    0x20000000   Section        4  delay.o(.data)
    fac_us                                   0x20000000   Data           1  delay.o(.data)
    fac_ms                                   0x20000002   Data           2  delay.o(.data)
    .data                                    0x20000004   Section        6  usart.o(.data)
    .bss                                     0x2000000c   Section      200  usart.o(.bss)
    .bss                                     0x200000d4   Section       96  libspace.o(.bss)
    HEAP                                     0x20000138   Section      512  startup_stm32f40_41xxx.o(HEAP)
    Heap_Mem                                 0x20000138   Data         512  startup_stm32f40_41xxx.o(HEAP)
    STACK                                    0x20000338   Section     1024  startup_stm32f40_41xxx.o(STACK)
    Stack_Mem                                0x20000338   Data        1024  startup_stm32f40_41xxx.o(STACK)
    __initial_sp                             0x20000738   Data           0  startup_stm32f40_41xxx.o(STACK)

    Global Symbols

    Symbol Name                              Value     Ov Type        Size  Object(Section)

    BuildAttributes$$THM_ISAv4$E$P$D$K$B$S$7EM$VFPi3$EXTD16$VFPS$VFMA$PE$A:L22UL41UL21$X:L11$S22US41US21$IEEE1$IW$USESV6$~STKCKD$USESV7$~SHL$OTIME$ROPI$IEEEX$EBA8$UX$STANDARDLIB$REQ8$PRES8$EABIv2 0x00000000   Number         0  anon$$obj.o ABSOLUTE
    __ARM_use_no_argv                        0x00000000   Number         0  main.o ABSOLUTE
    _printf_flags                            0x00000000   Number         0  printf_stubs.o ABSOLUTE
    _printf_return_value                     0x00000000   Number         0  printf_stubs.o ABSOLUTE
    _printf_sizespec                         0x00000000   Number         0  printf_stubs.o ABSOLUTE
    _printf_widthprec                        0x00000000   Number         0  printf_stubs.o ABSOLUTE
    __ARM_exceptions_init                     - Undefined Weak Reference
    __alloca_initialize                       - Undefined Weak Reference
    __arm_preinit_                            - Undefined Weak Reference
    __cpp_initialize__aeabi_                  - Undefined Weak Reference
    __cxa_finalize                            - Undefined Weak Reference
    __rt_locale                               - Undefined Weak Reference
    __sigvec_lookup                           - Undefined Weak Reference
    _atexit_init                              - Undefined Weak Reference
    _call_atexit_fns                          - Undefined Weak Reference
    _clock_init                               - Undefined Weak Reference
    _fp_trap_init                             - Undefined Weak Reference
    _fp_trap_shutdown                         - Undefined Weak Reference
    _get_lc_collate                           - Undefined Weak Reference
    _get_lc_ctype                             - Undefined Weak Reference
    _get_lc_monetary                          - Undefined Weak Reference
    _get_lc_numeric                           - Undefined Weak Reference
    _get_lc_time                              - Undefined Weak Reference
    _getenv_init                              - Undefined Weak Reference
    _handle_redirection                       - Undefined Weak Reference
    _init_alloc                               - Undefined Weak Reference
    _init_user_alloc                          - Undefined Weak Reference
    _initio                                   - Undefined Weak Reference
    _mutex_acquire                            - Undefined Weak Reference
    _mutex_release                            - Undefined Weak Reference
    _printf_truncate_signed                   - Undefined Weak Reference
    _printf_truncate_unsigned                 - Undefined Weak Reference
    _rand_init                                - Undefined Weak Reference
    _signal_finish                            - Undefined Weak Reference
    _signal_init                              - Undefined Weak Reference
    _terminate_alloc                          - Undefined Weak Reference
    _terminate_user_alloc                     - Undefined Weak Reference
    _terminateio                              - Undefined Weak Reference
    __Vectors_Size                           0x00000188   Number         0  startup_stm32f40_41xxx.o ABSOLUTE
    __Vectors                                0x08010000   Data           4  startup_stm32f40_41xxx.o(RESET)
    __Vectors_End                            0x08010188   Data           0  startup_stm32f40_41xxx.o(RESET)
    __main                                   0x08010189   Thumb Code     8  __main.o(!!!main)
    __scatterload                            0x08010191   Thumb Code     0  __scatter.o(!!!scatter)
    __scatterload_rt2                        0x08010191   Thumb Code    44  __scatter.o(!!!scatter)
    __scatterload_rt2_thumb_only             0x08010191   Thumb Code     0  __scatter.o(!!!scatter)
    __scatterload_null                       0x0801019f   Thumb Code     0  __scatter.o(!!!scatter)
    __scatterload_copy                       0x080101c5   Thumb Code    26  __scatter_copy.o(!!handler_copy)
    __scatterload_zeroinit                   0x080101e1   Thumb Code    28  __scatter_zi.o(!!handler_zi)
    __rt_lib_init                            0x080101fd   Thumb Code     0  libinit.o(.ARM.Collect$$libinit$$00000000)
    __rt_lib_init_fp_1                       0x080101ff   Thumb Code     0  libinit2.o(.ARM.Collect$$libinit$$00000001)
    __rt_lib_init_alloca_1                   0x08010203   Thumb Code     0  libinit2.o(.ARM.Collect$$libinit$$0000002E)
    __rt_lib_init_argv_1                     0x08010203   Thumb Code     0  libinit2.o(.ARM.Collect$$libinit$$0000002C)
    __rt_lib_init_atexit_1                   0x08010203   Thumb Code     0  libinit2.o(.ARM.Collect$$libinit$$0000001B)
    __rt_lib_init_clock_1                    0x08010203   Thumb Code     0  libinit2.o(.ARM.Collect$$libinit$$00000021)
    __rt_lib_init_cpp_1                      0x08010203   Thumb Code     0  libinit2.o(.ARM.Collect$$libinit$$00000032)
    __rt_lib_init_exceptions_1               0x08010203   Thumb Code     0  libinit2.o(.ARM.Collect$$libinit$$00000030)
    __rt_lib_init_fp_trap_1                  0x08010203   Thumb Code     0  libinit2.o(.ARM.Collect$$libinit$$0000001F)
    __rt_lib_init_getenv_1                   0x08010203   Thumb Code     0  libinit2.o(.ARM.Collect$$libinit$$00000023)
    __rt_lib_init_heap_1                     0x08010203   Thumb Code     0  libinit2.o(.ARM.Collect$$libinit$$0000000A)
    __rt_lib_init_lc_collate_1               0x08010203   Thumb Code     0  libinit2.o(.ARM.Collect$$libinit$$00000011)
    __rt_lib_init_lc_ctype_1                 0x08010203   Thumb Code     0  libinit2.o(.ARM.Collect$$libinit$$00000013)
    __rt_lib_init_lc_monetary_1              0x08010203   Thumb Code     0  libinit2.o(.ARM.Collect$$libinit$$00000015)
    __rt_lib_init_lc_numeric_1               0x08010203   Thumb Code     0  libinit2.o(.ARM.Collect$$libinit$$00000017)
    __rt_lib_init_lc_time_1                  0x08010203   Thumb Code     0  libinit2.o(.ARM.Collect$$libinit$$00000019)
    __rt_lib_init_preinit_1                  0x08010203   Thumb Code     0  libinit2.o(.ARM.Collect$$libinit$$00000004)
    __rt_lib_init_rand_1                     0x08010203   Thumb Code     0  libinit2.o(.ARM.Collect$$libinit$$0000000E)
    __rt_lib_init_return                     0x08010203   Thumb Code     0  libinit2.o(.ARM.Collect$$libinit$$00000033)
    __rt_lib_init_signal_1                   0x08010203   Thumb Code     0  libinit2.o(.ARM.Collect$$libinit$$0000001D)
    __rt_lib_init_stdio_1                    0x08010203   Thumb Code     0  libinit2.o(.ARM.Collect$$libinit$$00000025)
    __rt_lib_init_user_alloc_1               0x08010203   Thumb Code     0  libinit2.o(.ARM.Collect$$libinit$$0000000C)
    __rt_lib_shutdown                        0x08010205   Thumb Code     0  libshutdown.o(.ARM.Collect$$libshutdown$$00000000)
    __rt_lib_shutdown_fp_trap_1              0x08010207   Thumb Code     0  libshutdown2.o(.ARM.Collect$$libshutdown$$00000006)
    __rt_lib_shutdown_heap_1                 0x08010207   Thumb Code     0  libshutdown2.o(.ARM.Collect$$libshutdown$$0000000E)
    __rt_lib_shutdown_return                 0x08010207   Thumb Code     0  libshutdown2.o(.ARM.Collect$$libshutdown$$0000000F)
    __rt_lib_shutdown_signal_1               0x08010207   Thumb Code     0  libshutdown2.o(.ARM.Collect$$libshutdown$$00000009)
    __rt_lib_shutdown_stdio_1                0x08010207   Thumb Code     0  libshutdown2.o(.ARM.Collect$$libshutdown$$00000003)
    __rt_lib_shutdown_user_alloc_1           0x08010207   Thumb Code     0  libshutdown2.o(.ARM.Collect$$libshutdown$$0000000B)
    __rt_entry                               0x08010209   Thumb Code     0  __rtentry.o(.ARM.Collect$$rtentry$$00000000)
    __rt_entry_presh_1                       0x08010209   Thumb Code     0  __rtentry2.o(.ARM.Collect$$rtentry$$00000002)
    __rt_entry_sh                            0x08010209   Thumb Code     0  __rtentry4.o(.ARM.Collect$$rtentry$$00000004)
    __rt_entry_li                            0x0801020f   Thumb Code     0  __rtentry2.o(.ARM.Collect$$rtentry$$0000000A)
    __rt_entry_postsh_1                      0x0801020f   Thumb Code     0  __rtentry2.o(.ARM.Collect$$rtentry$$00000009)
    __rt_entry_main                          0x08010213   Thumb Code     0  __rtentry2.o(.ARM.Collect$$rtentry$$0000000D)
    __rt_entry_postli_1                      0x08010213   Thumb Code     0  __rtentry2.o(.ARM.Collect$$rtentry$$0000000C)
    __rt_exit                                0x0801021b   Thumb Code     0  rtexit.o(.ARM.Collect$$rtexit$$00000000)
    __rt_exit_ls                             0x0801021d   Thumb Code     0  rtexit2.o(.ARM.Collect$$rtexit$$00000003)
    __rt_exit_prels_1                        0x0801021d   Thumb Code     0  rtexit2.o(.ARM.Collect$$rtexit$$00000002)
    __rt_exit_exit                           0x08010221   Thumb Code     0  rtexit2.o(.ARM.Collect$$rtexit$$00000004)
    Reset_Handler                            0x08010229   Thumb Code     8  startup_stm32f40_41xxx.o(.text)
    ADC_IRQHandler                           0x08010243   Thumb Code     0  startup_stm32f40_41xxx.o(.text)
    CAN1_RX0_IRQHandler                      0x08010243   Thumb Code     0  startup_stm32f40_41xxx.o(.text)
    CAN1_RX1_IRQHandler                      0x08010243   Thumb Code     0  startup_stm32f40_41xxx.o(.text)
    CAN1_SCE_IRQHandler                      0x08010243   Thumb Code     0  startup_stm32f40_41xxx.o(.text)
    CAN1_TX_IRQHandler                       0x08010243   Thumb Code     0  startup_stm32f40_41xxx.o(.text)
    CAN2_RX0_IRQHandler                      0x08010243   Thumb Code     0  startup_stm32f40_41xxx.o(.text)
    CAN2_RX1_IRQHandler                      0x08010243   Thumb Code     0  startup_stm32f40_41xxx.o(.text)
    CAN2_SCE_IRQHandler                      0x08010243   Thumb Code     0  startup_stm32f40_41xxx.o(.text)
    CAN2_TX_IRQHandler                       0x08010243   Thumb Code     0  startup_stm32f40_41xxx.o(.text)
    CRYP_IRQHandler                          0x08010243   Thumb Code     0  startup_stm32f40_41xxx.o(.text)
    DCMI_IRQHandler                          0x08010243   Thumb Code     0  startup_stm32f40_41xxx.o(.text)
    DMA1_Stream0_IRQHandler                  0x08010243   Thumb Code     0  startup_stm32f40_41xxx.o(.text)
    DMA1_Stream1_IRQHandler                  0x08010243   Thumb Code     0  startup_stm32f40_41xxx.o(.text)
    DMA1_Stream2_IRQHandler                  0x08010243   Thumb Code     0  startup_stm32f40_41xxx.o(.text)
    DMA1_Stream3_IRQHandler                  0x08010243   Thumb Code     0  startup_stm32f40_41xxx.o(.text)
    DMA1_Stream4_IRQHandler                  0x08010243   Thumb Code     0  startup_stm32f40_41xxx.o(.text)
    DMA1_Stream5_IRQHandler                  0x08010243   Thumb Code     0  startup_stm32f40_41xxx.o(.text)
    DMA1_Stream6_IRQHandler                  0x08010243   Thumb Code     0  startup_stm32f40_41xxx.o(.text)
    DMA1_Stream7_IRQHandler                  0x08010243   Thumb Code     0  startup_stm32f40_41xxx.o(.text)
    DMA2_Stream0_IRQHandler                  0x08010243   Thumb Code     0  startup_stm32f40_41xxx.o(.text)
    DMA2_Stream1_IRQHandler                  0x08010243   Thumb Code     0  startup_stm32f40_41xxx.o(.text)
    DMA2_Stream2_IRQHandler                  0x08010243   Thumb Code     0  startup_stm32f40_41xxx.o(.text)
    DMA2_Stream3_IRQHandler                  0x08010243   Thumb Code     0  startup_stm32f40_41xxx.o(.text)
    DMA2_Stream4_IRQHandler                  0x08010243   Thumb Code     0  startup_stm32f40_41xxx.o(.text)
    DMA2_Stream5_IRQHandler                  0x08010243   Thumb Code     0  startup_stm32f40_41xxx.o(.text)
    DMA2_Stream6_IRQHandler                  0x08010243   Thumb Code     0  startup_stm32f40_41xxx.o(.text)
    DMA2_Stream7_IRQHandler                  0x08010243   Thumb Code     0  startup_stm32f40_41xxx.o(.text)
    ETH_IRQHandler                           0x08010243   Thumb Code     0  startup_stm32f40_41xxx.o(.text)
    ETH_WKUP_IRQHandler                      0x08010243   Thumb Code     0  startup_stm32f40_41xxx.o(.text)
    EXTI0_IRQHandler                         0x08010243   Thumb Code     0  startup_stm32f40_41xxx.o(.text)
    EXTI15_10_IRQHandler                     0x08010243   Thumb Code     0  startup_stm32f40_41xxx.o(.text)
    EXTI1_IRQHandler                         0x08010243   Thumb Code     0  startup_stm32f40_41xxx.o(.text)
    EXTI2_IRQHandler                         0x08010243   Thumb Code     0  startup_stm32f40_41xxx.o(.text)
    EXTI3_IRQHandler                         0x08010243   Thumb Code     0  startup_stm32f40_41xxx.o(.text)
    EXTI4_IRQHandler                         0x08010243   Thumb Code     0  startup_stm32f40_41xxx.o(.text)
    EXTI9_5_IRQHandler                       0x08010243   Thumb Code     0  startup_stm32f40_41xxx.o(.text)
    FLASH_IRQHandler                         0x08010243   Thumb Code     0  startup_stm32f40_41xxx.o(.text)
    FPU_IRQHandler                           0x08010243   Thumb Code     0  startup_stm32f40_41xxx.o(.text)
    FSMC_IRQHandler                          0x08010243   Thumb Code     0  startup_stm32f40_41xxx.o(.text)
    HASH_RNG_IRQHandler                      0x08010243   Thumb Code     0  startup_stm32f40_41xxx.o(.text)
    I2C1_ER_IRQHandler                       0x08010243   Thumb Code     0  startup_stm32f40_41xxx.o(.text)
    I2C1_EV_IRQHandler                       0x08010243   Thumb Code     0  startup_stm32f40_41xxx.o(.text)
    I2C2_ER_IRQHandler                       0x08010243   Thumb Code     0  startup_stm32f40_41xxx.o(.text)
    I2C2_EV_IRQHandler                       0x08010243   Thumb Code     0  startup_stm32f40_41xxx.o(.text)
    I2C3_ER_IRQHandler                       0x08010243   Thumb Code     0  startup_stm32f40_41xxx.o(.text)
    I2C3_EV_IRQHandler                       0x08010243   Thumb Code     0  startup_stm32f40_41xxx.o(.text)
    OTG_FS_IRQHandler                        0x08010243   Thumb Code     0  startup_stm32f40_41xxx.o(.text)
    OTG_FS_WKUP_IRQHandler                   0x08010243   Thumb Code     0  startup_stm32f40_41xxx.o(.text)
    OTG_HS_EP1_IN_IRQHandler                 0x08010243   Thumb Code     0  startup_stm32f40_41xxx.o(.text)
    OTG_HS_EP1_OUT_IRQHandler                0x08010243   Thumb Code     0  startup_stm32f40_41xxx.o(.text)
    OTG_HS_IRQHandler                        0x08010243   Thumb Code     0  startup_stm32f40_41xxx.o(.text)
    OTG_HS_WKUP_IRQHandler                   0x08010243   Thumb Code     0  startup_stm32f40_41xxx.o(.text)
    PVD_IRQHandler                           0x08010243   Thumb Code     0  startup_stm32f40_41xxx.o(.text)
    RCC_IRQHandler                           0x08010243   Thumb Code     0  startup_stm32f40_41xxx.o(.text)
    RTC_Alarm_IRQHandler                     0x08010243   Thumb Code     0  startup_stm32f40_41xxx.o(.text)
    RTC_WKUP_IRQHandler                      0x08010243   Thumb Code     0  startup_stm32f40_41xxx.o(.text)
    SDIO_IRQHandler                          0x08010243   Thumb Code     0  startup_stm32f40_41xxx.o(.text)
    SPI1_IRQHandler                          0x08010243   Thumb Code     0  startup_stm32f40_41xxx.o(.text)
    SPI2_IRQHandler                          0x08010243   Thumb Code     0  startup_stm32f40_41xxx.o(.text)
    SPI3_IRQHandler                          0x08010243   Thumb Code     0  startup_stm32f40_41xxx.o(.text)
    TAMP_STAMP_IRQHandler                    0x08010243   Thumb Code     0  startup_stm32f40_41xxx.o(.text)
    TIM1_BRK_TIM9_IRQHandler                 0x08010243   Thumb Code     0  startup_stm32f40_41xxx.o(.text)
    TIM1_CC_IRQHandler                       0x08010243   Thumb Code     0  startup_stm32f40_41xxx.o(.text)
    TIM1_TRG_COM_TIM11_IRQHandler            0x08010243   Thumb Code     0  startup_stm32f40_41xxx.o(.text)
    TIM1_UP_TIM10_IRQHandler                 0x08010243   Thumb Code     0  startup_stm32f40_41xxx.o(.text)
    TIM2_IRQHandler                          0x08010243   Thumb Code     0  startup_stm32f40_41xxx.o(.text)
    TIM3_IRQHandler                          0x08010243   Thumb Code     0  startup_stm32f40_41xxx.o(.text)
    TIM4_IRQHandler                          0x08010243   Thumb Code     0  startup_stm32f40_41xxx.o(.text)
    TIM5_IRQHandler                          0x08010243   Thumb Code     0  startup_stm32f40_41xxx.o(.text)
    TIM6_DAC_IRQHandler                      0x08010243   Thumb Code     0  startup_stm32f40_41xxx.o(.text)
    TIM7_IRQHandler                          0x08010243   Thumb Code     0  startup_stm32f40_41xxx.o(.text)
    TIM8_BRK_TIM12_IRQHandler                0x08010243   Thumb Code     0  startup_stm32f40_41xxx.o(.text)
    TIM8_CC_IRQHandler                       0x08010243   Thumb Code     0  startup_stm32f40_41xxx.o(.text)
    TIM8_TRG_COM_TIM14_IRQHandler            0x08010243   Thumb Code     0  startup_stm32f40_41xxx.o(.text)
    TIM8_UP_TIM13_IRQHandler                 0x08010243   Thumb Code     0  startup_stm32f40_41xxx.o(.text)
    UART4_IRQHandler                         0x08010243   Thumb Code     0  startup_stm32f40_41xxx.o(.text)
    UART5_IRQHandler                         0x08010243   Thumb Code     0  startup_stm32f40_41xxx.o(.text)
    USART2_IRQHandler                        0x08010243   Thumb Code     0  startup_stm32f40_41xxx.o(.text)
    USART3_IRQHandler                        0x08010243   Thumb Code     0  startup_stm32f40_41xxx.o(.text)
    USART6_IRQHandler                        0x08010243   Thumb Code     0  startup_stm32f40_41xxx.o(.text)
    WWDG_IRQHandler                          0x08010243   Thumb Code     0  startup_stm32f40_41xxx.o(.text)
    __user_initial_stackheap                 0x08010245   Thumb Code     0  startup_stm32f40_41xxx.o(.text)
    __use_no_semihosting                     0x08010269   Thumb Code     2  use_no_semi_2.o(.text)
    __use_two_region_memory                  0x0801026b   Thumb Code     2  heapauxi.o(.text)
    __rt_heap_escrow$2region                 0x0801026d   Thumb Code     2  heapauxi.o(.text)
    __rt_heap_expand$2region                 0x0801026f   Thumb Code     2  heapauxi.o(.text)
    __I$use$semihosting                      0x08010271   Thumb Code     0  use_no_semi.o(.text)
    __use_no_semihosting_swi                 0x08010271   Thumb Code     2  use_no_semi.o(.text)
    __user_libspace                          0x08010275   Thumb Code     8  libspace.o(.text)
    __user_perproc_libspace                  0x08010275   Thumb Code     0  libspace.o(.text)
    __user_perthread_libspace                0x08010275   Thumb Code     0  libspace.o(.text)
    __user_setup_stackheap                   0x0801027d   Thumb Code    74  sys_stackheap_outer.o(.text)
    exit                                     0x080102c7   Thumb Code    12  exit.o(.text)
    BusFault_Handler                         0x080102d3   Thumb Code     4  stm32f4xx_it.o(i.BusFault_Handler)
    DebugMon_Handler                         0x080102d7   Thumb Code     2  stm32f4xx_it.o(i.DebugMon_Handler)
    GPIO_Init                                0x080102d9   Thumb Code   144  stm32f4xx_gpio.o(i.GPIO_Init)
    GPIO_ResetBits                           0x08010369   Thumb Code     4  stm32f4xx_gpio.o(i.GPIO_ResetBits)
    GPIO_SetBits                             0x0801036d   Thumb Code     4  stm32f4xx_gpio.o(i.GPIO_SetBits)
    HardFault_Handler                        0x08010371   Thumb Code     4  stm32f4xx_it.o(i.HardFault_Handler)
    LED_Init                                 0x08010375   Thumb Code    60  led.o(i.LED_Init)
    MemManage_Handler                        0x080103b5   Thumb Code     4  stm32f4xx_it.o(i.MemManage_Handler)
    NMI_Handler                              0x080103b9   Thumb Code     2  stm32f4xx_it.o(i.NMI_Handler)
    OLED_Clear                               0x080103bb   Thumb Code    64  oled.o(i.OLED_Clear)
    OLED_Init                                0x080103fd   Thumb Code   384  oled.o(i.OLED_Init)
    OLED_Set_Pos                             0x08010589   Thumb Code    46  oled.o(i.OLED_Set_Pos)
    OLED_ShowChar                            0x080105b9   Thumb Code   106  oled.o(i.OLED_ShowChar)
    OLED_ShowString                          0x08010629   Thumb Code    54  oled.o(i.OLED_ShowString)
    OLED_WR_Byte                             0x08010661   Thumb Code   108  oled.o(i.OLED_WR_Byte)
    PendSV_Handler                           0x080106d1   Thumb Code     2  stm32f4xx_it.o(i.PendSV_Handler)
    RCC_AHB1PeriphClockCmd                   0x080106d5   Thumb Code    26  stm32f4xx_rcc.o(i.RCC_AHB1PeriphClockCmd)
    SVC_Handler                              0x080106f5   Thumb Code     2  stm32f4xx_it.o(i.SVC_Handler)
    SysTick_CLKSourceConfig                  0x080107e5   Thumb Code    40  misc.o(i.SysTick_CLKSourceConfig)
    SysTick_Handler                          0x0801080d   Thumb Code     2  stm32f4xx_it.o(i.SysTick_Handler)
    SystemInit                               0x08010811   Thumb Code    88  system_stm32f4xx.o(i.SystemInit)
    USART1_IRQHandler                        0x08010879   Thumb Code   122  usart.o(i.USART1_IRQHandler)
    USART_GetITStatus                        0x08010901   Thumb Code    84  stm32f4xx_usart.o(i.USART_GetITStatus)
    USART_ReceiveData                        0x08010955   Thumb Code    10  stm32f4xx_usart.o(i.USART_ReceiveData)
    UsageFault_Handler                       0x0801095f   Thumb Code     4  stm32f4xx_it.o(i.UsageFault_Handler)
    _sys_exit                                0x08010963   Thumb Code     4  usart.o(i._sys_exit)
    delay_init                               0x08010969   Thumb Code    52  delay.o(i.delay_init)
    delay_ms                                 0x080109a5   Thumb Code    56  delay.o(i.delay_ms)
    delay_xms                                0x080109dd   Thumb Code    72  delay.o(i.delay_xms)
    main                                     0x08010a29   Thumb Code   104  main.o(i.main)
    _fp_init                                 0x08010ac1   Thumb Code    10  fpinit.o(x$fpl$fpinit)
    __fplib_config_fpu_vfp                   0x08010ac9   Thumb Code     0  fpinit.o(x$fpl$fpinit)
    __fplib_config_pureend_doubles           0x08010ac9   Thumb Code     0  fpinit.o(x$fpl$fpinit)
    F6x8                                     0x08010aca   Data         552  oled.o(.constdata)
    F8X16                                    0x08010cf2   Data        1520  oled.o(.constdata)
    Region$$Table$$Base                      0x080112e4   Number         0  anon$$obj.o(Region$$Table)
    Region$$Table$$Limit                     0x08011304   Number         0  anon$$obj.o(Region$$Table)
    __stdout                                 0x20000004   Data           4  usart.o(.data)
    USART_RX_STA                             0x20000008   Data           2  usart.o(.data)
    USART_RX_BUF                             0x2000000c   Data         200  usart.o(.bss)
    __libspace_start                         0x200000d4   Data          96  libspace.o(.bss)
    __temporary_stack_top$libspace           0x20000134   Data           0  libspace.o(.bss)



==============================================================================

Memory Map of the image

  Image Entry point : 0x08010189

  Load Region LR_IROM1 (Base: 0x08010000, Size: 0x00001310, Max: 0x000f0000, ABSOLUTE)

    Execution Region ER_IROM1 (Exec base: 0x08010000, Load base: 0x08010000, Size: 0x00001304, Max: 0x000f0000, ABSOLUTE)

    Exec Addr    Load Addr    Size         Type   Attr      Idx    E Section Name        Object

    0x08010000   0x08010000   0x00000188   Data   RO         1332    RESET               startup_stm32f40_41xxx.o
    0x08010188   0x08010188   0x00000008   Code   RO         2123  * !!!main             c_w.l(__main.o)
    0x08010190   0x08010190   0x00000034   Code   RO         2429    !!!scatter          c_w.l(__scatter.o)
    0x080101c4   0x080101c4   0x0000001a   Code   RO         2431    !!handler_copy      c_w.l(__scatter_copy.o)
    0x080101de   0x080101de   0x00000002   PAD
    0x080101e0   0x080101e0   0x0000001c   Code   RO         2433    !!handler_zi        c_w.l(__scatter_zi.o)
    0x080101fc   0x080101fc   0x00000002   Code   RO         2301    .ARM.Collect$$libinit$$00000000  c_w.l(libinit.o)
    0x080101fe   0x080101fe   0x00000004   Code   RO         2310    .ARM.Collect$$libinit$$00000001  c_w.l(libinit2.o)
    0x08010202   0x08010202   0x00000000   Code   RO         2313    .ARM.Collect$$libinit$$00000004  c_w.l(libinit2.o)
    0x08010202   0x08010202   0x00000000   Code   RO         2316    .ARM.Collect$$libinit$$0000000A  c_w.l(libinit2.o)
    0x08010202   0x08010202   0x00000000   Code   RO         2318    .ARM.Collect$$libinit$$0000000C  c_w.l(libinit2.o)
    0x08010202   0x08010202   0x00000000   Code   RO         2320    .ARM.Collect$$libinit$$0000000E  c_w.l(libinit2.o)
    0x08010202   0x08010202   0x00000000   Code   RO         2323    .ARM.Collect$$libinit$$00000011  c_w.l(libinit2.o)
    0x08010202   0x08010202   0x00000000   Code   RO         2325    .ARM.Collect$$libinit$$00000013  c_w.l(libinit2.o)
    0x08010202   0x08010202   0x00000000   Code   RO         2327    .ARM.Collect$$libinit$$00000015  c_w.l(libinit2.o)
    0x08010202   0x08010202   0x00000000   Code   RO         2329    .ARM.Collect$$libinit$$00000017  c_w.l(libinit2.o)
    0x08010202   0x08010202   0x00000000   Code   RO         2331    .ARM.Collect$$libinit$$00000019  c_w.l(libinit2.o)
    0x08010202   0x08010202   0x00000000   Code   RO         2333    .ARM.Collect$$libinit$$0000001B  c_w.l(libinit2.o)
    0x08010202   0x08010202   0x00000000   Code   RO         2335    .ARM.Collect$$libinit$$0000001D  c_w.l(libinit2.o)
    0x08010202   0x08010202   0x00000000   Code   RO         2337    .ARM.Collect$$libinit$$0000001F  c_w.l(libinit2.o)
    0x08010202   0x08010202   0x00000000   Code   RO         2339    .ARM.Collect$$libinit$$00000021  c_w.l(libinit2.o)
    0x08010202   0x08010202   0x00000000   Code   RO         2341    .ARM.Collect$$libinit$$00000023  c_w.l(libinit2.o)
    0x08010202   0x08010202   0x00000000   Code   RO         2343    .ARM.Collect$$libinit$$00000025  c_w.l(libinit2.o)
    0x08010202   0x08010202   0x00000000   Code   RO         2347    .ARM.Collect$$libinit$$0000002C  c_w.l(libinit2.o)
    0x08010202   0x08010202   0x00000000   Code   RO         2349    .ARM.Collect$$libinit$$0000002E  c_w.l(libinit2.o)
    0x08010202   0x08010202   0x00000000   Code   RO         2351    .ARM.Collect$$libinit$$00000030  c_w.l(libinit2.o)
    0x08010202   0x08010202   0x00000000   Code   RO         2353    .ARM.Collect$$libinit$$00000032  c_w.l(libinit2.o)
    0x08010202   0x08010202   0x00000002   Code   RO         2354    .ARM.Collect$$libinit$$00000033  c_w.l(libinit2.o)
    0x08010204   0x08010204   0x00000002   Code   RO         2382    .ARM.Collect$$libshutdown$$00000000  c_w.l(libshutdown.o)
    0x08010206   0x08010206   0x00000000   Code   RO         2397    .ARM.Collect$$libshutdown$$00000003  c_w.l(libshutdown2.o)
    0x08010206   0x08010206   0x00000000   Code   RO         2400    .ARM.Collect$$libshutdown$$00000006  c_w.l(libshutdown2.o)
    0x08010206   0x08010206   0x00000000   Code   RO         2403    .ARM.Collect$$libshutdown$$00000009  c_w.l(libshutdown2.o)
    0x08010206   0x08010206   0x00000000   Code   RO         2405    .ARM.Collect$$libshutdown$$0000000B  c_w.l(libshutdown2.o)
    0x08010206   0x08010206   0x00000000   Code   RO         2408    .ARM.Collect$$libshutdown$$0000000E  c_w.l(libshutdown2.o)
    0x08010206   0x08010206   0x00000002   Code   RO         2409    .ARM.Collect$$libshutdown$$0000000F  c_w.l(libshutdown2.o)
    0x08010208   0x08010208   0x00000000   Code   RO         2175    .ARM.Collect$$rtentry$$00000000  c_w.l(__rtentry.o)
    0x08010208   0x08010208   0x00000000   Code   RO         2250    .ARM.Collect$$rtentry$$00000002  c_w.l(__rtentry2.o)
    0x08010208   0x08010208   0x00000006   Code   RO         2262    .ARM.Collect$$rtentry$$00000004  c_w.l(__rtentry4.o)
    0x0801020e   0x0801020e   0x00000000   Code   RO         2252    .ARM.Collect$$rtentry$$00000009  c_w.l(__rtentry2.o)
    0x0801020e   0x0801020e   0x00000004   Code   RO         2253    .ARM.Collect$$rtentry$$0000000A  c_w.l(__rtentry2.o)
    0x08010212   0x08010212   0x00000000   Code   RO         2255    .ARM.Collect$$rtentry$$0000000C  c_w.l(__rtentry2.o)
    0x08010212   0x08010212   0x00000008   Code   RO         2256    .ARM.Collect$$rtentry$$0000000D  c_w.l(__rtentry2.o)
    0x0801021a   0x0801021a   0x00000002   Code   RO         2304    .ARM.Collect$$rtexit$$00000000  c_w.l(rtexit.o)
    0x0801021c   0x0801021c   0x00000000   Code   RO         2356    .ARM.Collect$$rtexit$$00000002  c_w.l(rtexit2.o)
    0x0801021c   0x0801021c   0x00000004   Code   RO         2357    .ARM.Collect$$rtexit$$00000003  c_w.l(rtexit2.o)
    0x08010220   0x08010220   0x00000006   Code   RO         2358    .ARM.Collect$$rtexit$$00000004  c_w.l(rtexit2.o)
    0x08010226   0x08010226   0x00000002   PAD
    0x08010228   0x08010228   0x00000040   Code   RO         1333    .text               startup_stm32f40_41xxx.o
    0x08010268   0x08010268   0x00000002   Code   RO         2059    .text               c_w.l(use_no_semi_2.o)
    0x0801026a   0x0801026a   0x00000006   Code   RO         2121    .text               c_w.l(heapauxi.o)
    0x08010270   0x08010270   0x00000002   Code   RO         2173    .text               c_w.l(use_no_semi.o)
    0x08010272   0x08010272   0x00000002   PAD
    0x08010274   0x08010274   0x00000008   Code   RO         2285    .text               c_w.l(libspace.o)
    0x0801027c   0x0801027c   0x0000004a   Code   RO         2288    .text               c_w.l(sys_stackheap_outer.o)
    0x080102c6   0x080102c6   0x0000000c   Code   RO         2294    .text               c_w.l(exit.o)
    0x080102d2   0x080102d2   0x00000004   Code   RO          168    i.BusFault_Handler  stm32f4xx_it.o
    0x080102d6   0x080102d6   0x00000002   Code   RO          169    i.DebugMon_Handler  stm32f4xx_it.o
    0x080102d8   0x080102d8   0x00000090   Code   RO         1384    i.GPIO_Init         stm32f4xx_gpio.o
    0x08010368   0x08010368   0x00000004   Code   RO         1391    i.GPIO_ResetBits    stm32f4xx_gpio.o
    0x0801036c   0x0801036c   0x00000004   Code   RO         1392    i.GPIO_SetBits      stm32f4xx_gpio.o
    0x08010370   0x08010370   0x00000004   Code   RO          170    i.HardFault_Handler  stm32f4xx_it.o
    0x08010374   0x08010374   0x00000040   Code   RO          377    i.LED_Init          led.o
    0x080103b4   0x080103b4   0x00000004   Code   RO          171    i.MemManage_Handler  stm32f4xx_it.o
    0x080103b8   0x080103b8   0x00000002   Code   RO          172    i.NMI_Handler       stm32f4xx_it.o
    0x080103ba   0x080103ba   0x00000040   Code   RO          429    i.OLED_Clear        oled.o
    0x080103fa   0x080103fa   0x00000002   PAD
    0x080103fc   0x080103fc   0x0000018c   Code   RO          433    i.OLED_Init         oled.o
    0x08010588   0x08010588   0x0000002e   Code   RO          434    i.OLED_Set_Pos      oled.o
    0x080105b6   0x080105b6   0x00000002   PAD
    0x080105b8   0x080105b8   0x00000070   Code   RO          436    i.OLED_ShowChar     oled.o
    0x08010628   0x08010628   0x00000036   Code   RO          438    i.OLED_ShowString   oled.o
    0x0801065e   0x0801065e   0x00000002   PAD
    0x08010660   0x08010660   0x00000070   Code   RO          439    i.OLED_WR_Byte      oled.o
    0x080106d0   0x080106d0   0x00000002   Code   RO          173    i.PendSV_Handler    stm32f4xx_it.o
    0x080106d2   0x080106d2   0x00000002   PAD
    0x080106d4   0x080106d4   0x00000020   Code   RO         1481    i.RCC_AHB1PeriphClockCmd  stm32f4xx_rcc.o
    0x080106f4   0x080106f4   0x00000002   Code   RO          174    i.SVC_Handler       stm32f4xx_it.o
    0x080106f6   0x080106f6   0x00000002   PAD
    0x080106f8   0x080106f8   0x000000ec   Code   RO          340    i.SetSysClock       system_stm32f4xx.o
    0x080107e4   0x080107e4   0x00000028   Code   RO         1343    i.SysTick_CLKSourceConfig  misc.o
    0x0801080c   0x0801080c   0x00000002   Code   RO          175    i.SysTick_Handler   stm32f4xx_it.o
    0x0801080e   0x0801080e   0x00000002   PAD
    0x08010810   0x08010810   0x00000068   Code   RO          342    i.SystemInit        system_stm32f4xx.o
    0x08010878   0x08010878   0x00000088   Code   RO         1283    i.USART1_IRQHandler  usart.o
    0x08010900   0x08010900   0x00000054   Code   RO         1879    i.USART_GetITStatus  stm32f4xx_usart.o
    0x08010954   0x08010954   0x0000000a   Code   RO         1889    i.USART_ReceiveData  stm32f4xx_usart.o
    0x0801095e   0x0801095e   0x00000004   Code   RO          176    i.UsageFault_Handler  stm32f4xx_it.o
    0x08010962   0x08010962   0x00000004   Code   RO         1284    i._sys_exit         usart.o
    0x08010966   0x08010966   0x00000002   PAD
    0x08010968   0x08010968   0x0000003c   Code   RO         1225    i.delay_init        delay.o
    0x080109a4   0x080109a4   0x00000038   Code   RO         1226    i.delay_ms          delay.o
    0x080109dc   0x080109dc   0x0000004c   Code   RO         1228    i.delay_xms         delay.o
    0x08010a28   0x08010a28   0x00000098   Code   RO            3    i.main              main.o
    0x08010ac0   0x08010ac0   0x0000000a   Code   RO         2370    x$fpl$fpinit        fz_wm.l(fpinit.o)
    0x08010aca   0x08010aca   0x00000818   Data   RO          441    .constdata          oled.o
    0x080112e2   0x080112e2   0x00000002   PAD
    0x080112e4   0x080112e4   0x00000020   Data   RO         2427    Region$$Table       anon$$obj.o


    Execution Region RW_IRAM1 (Exec base: 0x20000000, Load base: 0x08011304, Size: 0x00000738, Max: 0x00020000, ABSOLUTE)

    Exec Addr    Load Addr    Size         Type   Attr      Idx    E Section Name        Object

    0x20000000   0x08011304   0x00000004   Data   RW         1229    .data               delay.o
    0x20000004   0x08011308   0x00000006   Data   RW         1288    .data               usart.o
    0x2000000a   0x0801130e   0x00000002   PAD
    0x2000000c        -       0x000000c8   Zero   RW         1287    .bss                usart.o
    0x200000d4        -       0x00000060   Zero   RW         2286    .bss                c_w.l(libspace.o)
    0x20000134   0x0801130e   0x00000004   PAD
    0x20000138        -       0x00000200   Zero   RW         1331    HEAP                startup_stm32f40_41xxx.o
    0x20000338        -       0x00000400   Zero   RW         1330    STACK               startup_stm32f40_41xxx.o


==============================================================================

Image component sizes


      Code (inc. data)   RO Data    RW Data    ZI Data      Debug   Object Name

       192         12          0          4          0       1876   delay.o
        64          4          0          0          0     228027   led.o
       152         48          0          0          0       5047   main.o
        40          0          0          0          0        526   misc.o
       784         22       2072          0          0       4866   oled.o
        64         26        392          0       1536        824   startup_stm32f40_41xxx.o
       152          0          0          0          0       2120   stm32f4xx_gpio.o
        26          0          0          0          0      16842   stm32f4xx_it.o
        32          6          0          0          0        577   stm32f4xx_rcc.o
        94          0          0          0          0       1928   stm32f4xx_usart.o
       340         32          0          0          0       1437   system_stm32f4xx.o
       140         14          0          6        200       2900   usart.o

    ----------------------------------------------------------------------
      2094        164       2498         12       1736     266970   Object Totals
         0          0         32          0          0          0   (incl. Generated)
        14          0          2          2          0          0   (incl. Padding)

    ----------------------------------------------------------------------

      Code (inc. data)   RO Data    RW Data    ZI Data      Debug   Library Member Name

         8          0          0          0          0         68   __main.o
         0          0          0          0          0          0   __rtentry.o
        12          0          0          0          0          0   __rtentry2.o
         6          0          0          0          0          0   __rtentry4.o
        52          8          0          0          0          0   __scatter.o
        26          0          0          0          0          0   __scatter_copy.o
        28          0          0          0          0          0   __scatter_zi.o
        12          0          0          0          0         72   exit.o
         6          0          0          0          0        152   heapauxi.o
         2          0          0          0          0          0   libinit.o
         6          0          0          0          0          0   libinit2.o
         2          0          0          0          0          0   libshutdown.o
         2          0          0          0          0          0   libshutdown2.o
         8          4          0          0         96         68   libspace.o
         2          0          0          0          0          0   rtexit.o
        10          0          0          0          0          0   rtexit2.o
        74          0          0          0          0         80   sys_stackheap_outer.o
         2          0          0          0          0         68   use_no_semi.o
         2          0          0          0          0         68   use_no_semi_2.o
        10          0          0          0          0        116   fpinit.o

    ----------------------------------------------------------------------
       276         12          0          0        100        692   Library Totals
         6          0          0          0          4          0   (incl. Padding)

    ----------------------------------------------------------------------

      Code (inc. data)   RO Data    RW Data    ZI Data      Debug   Library Name

       260         12          0          0         96        576   c_w.l
        10          0          0          0          0        116   fz_wm.l

    ----------------------------------------------------------------------
       276         12          0          0        100        692   Library Totals

    ----------------------------------------------------------------------

==============================================================================


      Code (inc. data)   RO Data    RW Data    ZI Data      Debug   

      2370        176       2498         12       1836     265006   Grand Totals
      2370        176       2498         12       1836     265006   ELF Image Totals
      2370        176       2498         12          0          0   ROM Totals

==============================================================================

    Total RO  Size (Code + RO Data)                 4868 (   4.75kB)
    Total RW  Size (RW Data + ZI Data)              1848 (   1.80kB)
    Total ROM Size (Code + RO Data + RW Data)       4880 (   4.77kB)

==============================================================================

