Component: ARM Compiler 5.05 update 1 (build 106) Tool: armlink [4d0efa]

==============================================================================

Section Cross References

    main.o(i.Display_mesage) refers to oled.o(i.OLED_ShowCHinese) for OLED_ShowCHinese
    main.o(i.USART3_RX_BUF_CLAER) refers to main.o(.data) for i
    main.o(i.USART3_RX_BUF_CLAER) refers to usart3.o(.ARM.__AT_0x20001000) for USART3_RX_BUF
    main.o(i.main) refers to _printf_percent.o(.ARM.Collect$$_printf_percent$$00000000) for _printf_percent
    main.o(i.main) refers to _printf_d.o(.ARM.Collect$$_printf_percent$$00000009) for _printf_d
    main.o(i.main) refers to _printf_dec.o(.text) for _printf_int_dec
    main.o(i.main) refers to _printf_c.o(.ARM.Collect$$_printf_percent$$00000013) for _printf_c
    main.o(i.main) refers to _printf_str.o(.text) for _printf_str
    main.o(i.main) refers to misc.o(i.NVIC_PriorityGroupConfig) for NVIC_PriorityGroupConfig
    main.o(i.main) refers to delay.o(i.delay_init) for delay_init
    main.o(i.main) refers to usart.o(i.uart_init) for uart_init
    main.o(i.main) refers to usart3.o(i.usart3_init) for usart3_init
    main.o(i.main) refers to led.o(i.LED_Init) for LED_Init
    main.o(i.main) refers to key.o(i.KEY_Init) for KEY_Init
    main.o(i.main) refers to oled.o(i.OLED_Init) for OLED_Init
    main.o(i.main) refers to oled.o(i.OLED_Clear) for OLED_Clear
    main.o(i.main) refers to main.o(i.Display_mesage) for Display_mesage
    main.o(i.main) refers to esp8266.o(i.esp8266_quit_trans) for esp8266_quit_trans
    main.o(i.main) refers to esp8266.o(i.esp8266_start_trans) for esp8266_start_trans
    main.o(i.main) refers to esp8266.o(i.esp8266_send_data) for esp8266_send_data
    main.o(i.main) refers to main.o(i.USART3_RX_BUF_CLAER) for USART3_RX_BUF_CLAER
    main.o(i.main) refers to __2printf.o(.text) for __2printf
    main.o(i.main) refers to iap.o(i.iap_load_app) for iap_load_app
    main.o(i.main) refers to oled.o(i.OLED_ShowString) for OLED_ShowString
    main.o(i.main) refers to iap.o(i.iap_write_appbin) for iap_write_appbin
    main.o(i.main) refers to lcd.o(i.LCD_ShowString) for LCD_ShowString
    main.o(i.main) refers to delay.o(i.delay_ms) for delay_ms
    main.o(i.main) refers to key.o(i.KEY_Scan) for KEY_Scan
    main.o(i.main) refers to usart3.o(.data) for USART3_RX_STA
    main.o(i.main) refers to main.o(.data) for APP_LEN
    main.o(i.main) refers to usart3.o(.ARM.__AT_0x20001000) for USART3_RX_BUF
    main.o(i.main) refers to usart3.o(.bss) for APP_data
    main.o(.data) refers to main.o(.conststring) for .conststring
    system_stm32f4xx.o(i.SystemCoreClockUpdate) refers to system_stm32f4xx.o(.data) for SystemCoreClock
    system_stm32f4xx.o(i.SystemInit) refers to system_stm32f4xx.o(i.SetSysClock) for SetSysClock
    led.o(i.LED_Init) refers to stm32f4xx_rcc.o(i.RCC_AHB1PeriphClockCmd) for RCC_AHB1PeriphClockCmd
    led.o(i.LED_Init) refers to stm32f4xx_gpio.o(i.GPIO_Init) for GPIO_Init
    led.o(i.LED_Init) refers to stm32f4xx_gpio.o(i.GPIO_SetBits) for GPIO_SetBits
    key.o(i.KEY_Init) refers to stm32f4xx_rcc.o(i.RCC_AHB1PeriphClockCmd) for RCC_AHB1PeriphClockCmd
    key.o(i.KEY_Init) refers to stm32f4xx_gpio.o(i.GPIO_Init) for GPIO_Init
    key.o(i.KEY_Scan) refers to stm32f4xx_gpio.o(i.GPIO_ReadInputDataBit) for GPIO_ReadInputDataBit
    key.o(i.KEY_Scan) refers to delay.o(i.delay_ms) for delay_ms
    key.o(i.KEY_Scan) refers to key.o(.data) for key_up
    lcd.o(i.LCD_Clear) refers to lcd.o(i.LCD_SetCursor) for LCD_SetCursor
    lcd.o(i.LCD_Clear) refers to lcd.o(i.LCD_WriteRAM_Prepare) for LCD_WriteRAM_Prepare
    lcd.o(i.LCD_Clear) refers to lcd.o(.bss) for lcddev
    lcd.o(i.LCD_Color_Fill) refers to lcd.o(i.LCD_SetCursor) for LCD_SetCursor
    lcd.o(i.LCD_Color_Fill) refers to lcd.o(i.LCD_WriteRAM_Prepare) for LCD_WriteRAM_Prepare
    lcd.o(i.LCD_DisplayOff) refers to lcd.o(i.LCD_WR_REG) for LCD_WR_REG
    lcd.o(i.LCD_DisplayOff) refers to lcd.o(i.LCD_WriteReg) for LCD_WriteReg
    lcd.o(i.LCD_DisplayOff) refers to lcd.o(.bss) for lcddev
    lcd.o(i.LCD_DisplayOn) refers to lcd.o(i.LCD_WR_REG) for LCD_WR_REG
    lcd.o(i.LCD_DisplayOn) refers to lcd.o(i.LCD_WriteReg) for LCD_WriteReg
    lcd.o(i.LCD_DisplayOn) refers to lcd.o(.bss) for lcddev
    lcd.o(i.LCD_Display_Dir) refers to lcd.o(i.LCD_Scan_Dir) for LCD_Scan_Dir
    lcd.o(i.LCD_Display_Dir) refers to lcd.o(.bss) for lcddev
    lcd.o(i.LCD_DrawLine) refers to lcd.o(i.LCD_DrawPoint) for LCD_DrawPoint
    lcd.o(i.LCD_DrawPoint) refers to lcd.o(i.LCD_SetCursor) for LCD_SetCursor
    lcd.o(i.LCD_DrawPoint) refers to lcd.o(i.LCD_WriteRAM_Prepare) for LCD_WriteRAM_Prepare
    lcd.o(i.LCD_DrawPoint) refers to lcd.o(.data) for POINT_COLOR
    lcd.o(i.LCD_DrawRectangle) refers to lcd.o(i.LCD_DrawLine) for LCD_DrawLine
    lcd.o(i.LCD_Draw_Circle) refers to lcd.o(i.LCD_DrawPoint) for LCD_DrawPoint
    lcd.o(i.LCD_Fast_DrawPoint) refers to lcd.o(i.LCD_WR_REG) for LCD_WR_REG
[...]
    .text                                    0x0800112c   Section        0  exit.o(.text)
    .text                                    0x08001138   Section        8  libspace.o(.text)
    .text                                    0x08001140   Section      128  strcmpv7m.o(.text)
    CL$$btod_d2e                             0x080011c0   Section       62  btod.o(CL$$btod_d2e)
    CL$$btod_d2e_denorm_low                  0x080011fe   Section       70  btod.o(CL$$btod_d2e_denorm_low)
    CL$$btod_d2e_norm_op1                    0x08001244   Section       96  btod.o(CL$$btod_d2e_norm_op1)
    CL$$btod_div_common                      0x080012a4   Section      824  btod.o(CL$$btod_div_common)
    CL$$btod_e2e                             0x080015dc   Section      198  btod.o(CL$$btod_e2e)
    CL$$btod_ediv                            0x080016a2   Section       40  btod.o(CL$$btod_ediv)
    CL$$btod_emul                            0x080016ca   Section       40  btod.o(CL$$btod_emul)
    CL$$btod_mult_common                     0x080016f2   Section      580  btod.o(CL$$btod_mult_common)
    i.BusFault_Handler                       0x08001936   Section        0  stm32f4xx_it.o(i.BusFault_Handler)
    i.DebugMon_Handler                       0x0800193a   Section        0  stm32f4xx_it.o(i.DebugMon_Handler)
    i.Display_mesage                         0x0800193c   Section        0  main.o(i.Display_mesage)
    i.FLASH_DataCacheCmd                     0x080019c4   Section        0  stm32f4xx_flash.o(i.FLASH_DataCacheCmd)
    i.FLASH_EraseSector                      0x080019e8   Section        0  stm32f4xx_flash.o(i.FLASH_EraseSector)
    i.FLASH_GetStatus                        0x08001a70   Section        0  stm32f4xx_flash.o(i.FLASH_GetStatus)
    i.FLASH_Lock                             0x08001ac4   Section        0  stm32f4xx_flash.o(i.FLASH_Lock)
    i.FLASH_ProgramWord                      0x08001ad8   Section        0  stm32f4xx_flash.o(i.FLASH_ProgramWord)
    i.FLASH_Unlock                           0x08001b28   Section        0  stm32f4xx_flash.o(i.FLASH_Unlock)
    i.FLASH_WaitForLastOperation             0x08001b4c   Section        0  stm32f4xx_flash.o(i.FLASH_WaitForLastOperation)
    i.GPIO_Init                              0x08001b6e   Section        0  stm32f4xx_gpio.o(i.GPIO_Init)
    i.GPIO_PinAFConfig                       0x08001bfe   Section        0  stm32f4xx_gpio.o(i.GPIO_PinAFConfig)
    i.GPIO_ReadInputDataBit                  0x08001c44   Section        0  stm32f4xx_gpio.o(i.GPIO_ReadInputDataBit)
    i.GPIO_ResetBits                         0x08001c56   Section        0  stm32f4xx_gpio.o(i.GPIO_ResetBits)
    i.GPIO_SetBits                           0x08001c5a   Section        0  stm32f4xx_gpio.o(i.GPIO_SetBits)
    i.HardFault_Handler                      0x08001c5e   Section        0  stm32f4xx_it.o(i.HardFault_Handler)
    i.KEY_Init                               0x08001c64   Section        0  key.o(i.KEY_Init)
    i.KEY_Scan                               0x08001ca8   Section        0  key.o(i.KEY_Scan)
    i.LCD_Fast_DrawPoint                     0x08001d70   Section        0  lcd.o(i.LCD_Fast_DrawPoint)
    i.LCD_ShowChar                           0x08001ef0   Section        0  lcd.o(i.LCD_ShowChar)
    i.LCD_ShowString                         0x08002018   Section        0  lcd.o(i.LCD_ShowString)
    i.LCD_WR_DATA                            0x08002080   Section        0  lcd.o(i.LCD_WR_DATA)
    i.LCD_WR_REG                             0x08002098   Section        0  lcd.o(i.LCD_WR_REG)
    i.LCD_WriteReg                           0x080020b0   Section        0  lcd.o(i.LCD_WriteReg)
    i.LED_Init                               0x080020c4   Section        0  led.o(i.LED_Init)
    i.MemManage_Handler                      0x08002104   Section        0  stm32f4xx_it.o(i.MemManage_Handler)
    i.NMI_Handler                            0x08002108   Section        0  stm32f4xx_it.o(i.NMI_Handler)
    i.NVIC_Init                              0x0800210c   Section        0  misc.o(i.NVIC_Init)
    i.NVIC_PriorityGroupConfig               0x08002184   Section        0  misc.o(i.NVIC_PriorityGroupConfig)
    i.OLED_Clear                             0x08002198   Section        0  oled.o(i.OLED_Clear)
    i.OLED_Init                              0x080021d8   Section        0  oled.o(i.OLED_Init)
    i.OLED_Set_Pos                           0x08002364   Section        0  oled.o(i.OLED_Set_Pos)
    i.OLED_ShowCHinese                       0x08002394   Section        0  oled.o(i.OLED_ShowCHinese)
    i.OLED_ShowChar                          0x080023fc   Section        0  oled.o(i.OLED_ShowChar)
    i.OLED_ShowString                        0x0800246c   Section        0  oled.o(i.OLED_ShowString)
    i.OLED_WR_Byte                           0x080024a4   Section        0  oled.o(i.OLED_WR_Byte)
    i.PendSV_Handler                         0x08002514   Section        0  stm32f4xx_it.o(i.PendSV_Handler)
    i.RCC_AHB1PeriphClockCmd                 0x08002518   Section        0  stm32f4xx_rcc.o(i.RCC_AHB1PeriphClockCmd)
    i.RCC_APB1PeriphClockCmd                 0x08002538   Section        0  stm32f4xx_rcc.o(i.RCC_APB1PeriphClockCmd)
    i.RCC_APB1PeriphResetCmd                 0x08002558   Section        0  stm32f4xx_rcc.o(i.RCC_APB1PeriphResetCmd)
    i.RCC_APB2PeriphClockCmd                 0x08002578   Section        0  stm32f4xx_rcc.o(i.RCC_APB2PeriphClockCmd)
    i.RCC_APB2PeriphResetCmd                 0x08002598   Section        0  stm32f4xx_rcc.o(i.RCC_APB2PeriphResetCmd)
    i.RCC_GetClocksFreq                      0x080025b8   Section        0  stm32f4xx_rcc.o(i.RCC_GetClocksFreq)
    i.STMFLASH_GetFlashSector                0x080026a0   Section        0  stmflash.o(i.STMFLASH_GetFlashSector)
    i.STMFLASH_ReadWord                      0x08002740   Section        0  stmflash.o(i.STMFLASH_ReadWord)
    i.STMFLASH_Write                         0x08002748   Section        0  stmflash.o(i.STMFLASH_Write)
    i.SVC_Handler                            0x080027e0   Section        0  stm32f4xx_it.o(i.SVC_Handler)
    i.SetSysClock                            0x080027e4   Section        0  system_stm32f4xx.o(i.SetSysClock)
    SetSysClock                              0x080027e5   Thumb Code   220  system_stm32f4xx.o(i.SetSysClock)
    i.SysTick_CLKSourceConfig                0x080028d0   Section        0  misc.o(i.SysTick_CLKSourceConfig)
    i.SysTick_Handler                        0x080028f8   Section        0  stm32f4xx_it.o(i.SysTick_Handler)
    i.SystemInit                             0x080028fc   Section        0  system_stm32f4xx.o(i.SystemInit)
    i.TIM7_IRQHandler                        0x08002964   Section        0  timer.o(i.TIM7_IRQHandler)
    i.TIM7_Int_Init                          0x08002998   Section        0  timer.o(i.TIM7_Int_Init)
    i.TIM_ClearITPendingBit                  0x080029f4   Section        0  stm32f4xx_tim.o(i.TIM_ClearITPendingBit)
    i.TIM_Cmd                                0x080029fa   Section        0  stm32f4xx_tim.o(i.TIM_Cmd)
    i.TIM_GetITStatus                        0x08002a12   Section        0  stm32f4xx_tim.o(i.TIM_GetITStatus)
    i.TIM_ITConfig                           0x08002a34   Section        0  stm32f4xx_tim.o(i.TIM_ITConfig)
    i.TIM_SetCounter                         0x08002a46   Section        0  stm32f4xx_tim.o(i.TIM_SetCounter)
    i.TIM_TimeBaseInit                       0x08002a4c   Section        0  stm32f4xx_tim.o(i.TIM_TimeBaseInit)
    i.USART3_IRQHandler                      0x08002ad0   Section        0  usart3.o(i.USART3_IRQHandler)
    i.USART3_RX_BUF_CLAER                    0x08002b54   Section        0  main.o(i.USART3_RX_BUF_CLAER)
    i.USART_Cmd                              0x08002b84   Section        0  stm32f4xx_usart.o(i.USART_Cmd)
    i.USART_DeInit                           0x08002b9c   Section        0  stm32f4xx_usart.o(i.USART_DeInit)
    i.USART_GetFlagStatus                    0x08002c8c   Section        0  stm32f4xx_usart.o(i.USART_GetFlagStatus)
    i.USART_GetITStatus                      0x08002ca6   Section        0  stm32f4xx_usart.o(i.USART_GetITStatus)
    i.USART_ITConfig                         0x08002cfa   Section        0  stm32f4xx_usart.o(i.USART_ITConfig)
    i.USART_Init                             0x08002d44   Section        0  stm32f4xx_usart.o(i.USART_Init)
    i.USART_ReceiveData                      0x08002e18   Section        0  stm32f4xx_usart.o(i.USART_ReceiveData)
    i.USART_SendData                         0x08002e22   Section        0  stm32f4xx_usart.o(i.USART_SendData)
    i.UsageFault_Handler                     0x08002e2a   Section        0  stm32f4xx_it.o(i.UsageFault_Handler)
    i.__ARM_fpclassify                       0x08002e2e   Section        0  fpclassify.o(i.__ARM_fpclassify)
    i._is_digit                              0x08002e5e   Section        0  __printf_wp.o(i._is_digit)
    i._sys_exit                              0x08002e6c   Section        0  usart.o(i._sys_exit)
    i.delay_init                             0x08002e70   Section        0  delay.o(i.delay_init)
    i.delay_ms                               0x08002eac   Section        0  delay.o(i.delay_ms)
    i.delay_xms                              0x08002ee4   Section        0  delay.o(i.delay_xms)
    i.esp8266_check_cmd                      0x08002f30   Section        0  esp8266.o(i.esp8266_check_cmd)
    i.esp8266_quit_trans                     0x08002f64   Section        0  esp8266.o(i.esp8266_quit_trans)
    i.esp8266_send_cmd                       0x08002fb4   Section        0  esp8266.o(i.esp8266_send_cmd)
    i.esp8266_send_data                      0x08003028   Section        0  esp8266.o(i.esp8266_send_data)
    i.esp8266_start_trans                    0x08003098   Section        0  esp8266.o(i.esp8266_start_trans)
    i.fputc                                  0x08003284   Section        0  usart.o(i.fputc)
    i.iap_load_app                           0x080032a0   Section        0  iap.o(i.iap_load_app)
    i.iap_write_appbin                       0x080032cc   Section        0  iap.o(i.iap_write_appbin)
    i.main                                   0x08003334   Section        0  main.o(i.main)
    i.u3_printf                              0x0800399c   Section        0  usart3.o(i.u3_printf)
    i.uart_init                              0x080039ec   Section        0  usart.o(i.uart_init)
    i.usart3_init                            0x08003a70   Section        0  usart3.o(i.usart3_init)
    locale$$code                             0x08003b48   Section       44  lc_numeric_c.o(locale$$code)
    locale$$code                             0x08003b74   Section       44  lc_ctype_c.o(locale$$code)
    x$fpl$fpinit                             0x08003ba0   Section       10  fpinit.o(x$fpl$fpinit)
    $v0                                      0x08003ba0   Number         0  fpinit.o(x$fpl$fpinit)
    x$fpl$printf1                            0x08003baa   Section        4  printf1.o(x$fpl$printf1)
    $v0                                      0x08003baa   Number         0  printf1.o(x$fpl$printf1)
    .constdata                               0x08003bae   Section     6080  lcd.o(.constdata)
    x$fpl$usenofp                            0x08003bae   Section        0  usenofp.o(x$fpl$usenofp)
    .constdata                               0x0800536e   Section     2072  oled.o(.constdata)
    .constdata                               0x08005b86   Section       40  _printf_hex_int_ll_ptr.o(.constdata)
    uc_hextab                                0x08005b86   Data          20  _printf_hex_int_ll_ptr.o(.constdata)
    lc_hextab                                0x08005b9a   Data          20  _printf_hex_int_ll_ptr.o(.constdata)
    .constdata                               0x08005bae   Section       17  __printf_flags_ss_wp.o(.constdata)
    maptable                                 0x08005bae   Data          17  __printf_flags_ss_wp.o(.constdata)
    .constdata                               0x08005bc0   Section        8  _printf_wctomb.o(.constdata)
    initial_mbstate                          0x08005bc0   Data           8  _printf_wctomb.o(.constdata)
    .constdata                               0x08005bc8   Section      148  bigflt0.o(.constdata)
    tenpwrs_x                                0x08005bc8   Data          60  bigflt0.o(.constdata)
    tenpwrs_i                                0x08005c04   Data          64  bigflt0.o(.constdata)
    .conststring                             0x08005c5c   Section       22  main.o(.conststring)
    locale$$data                             0x08005c94   Section       28  lc_numeric_c.o(locale$$data)
    __lcnum_c_name                           0x08005c98   Data           2  lc_numeric_c.o(locale$$data)
    __lcnum_c_start                          0x08005ca0   Data           0  lc_numeric_c.o(locale$$data)
    __lcnum_c_point                          0x08005cac   Data           0  lc_numeric_c.o(locale$$data)
    __lcnum_c_thousands                      0x08005cae   Data           0  lc_numeric_c.o(locale$$data)
    __lcnum_c_grouping                       0x08005caf   Data           0  lc_numeric_c.o(locale$$data)
    locale$$data                             0x08005cb0   Section      272  lc_ctype_c.o(locale$$data)
    __lcnum_c_end                            0x08005cb0   Data           0  lc_numeric_c.o(locale$$data)
    __lcctype_c_name                         0x08005cb4   Data           2  lc_ctype_c.o(locale$$data)
    __lcctype_c_start                        0x08005cbc   Data           0  lc_ctype_c.o(locale$$data)
    __lcctype_c_end                          0x08005dc0   Data           0  lc_ctype_c.o(locale$$data)
    .data                                    0x20000000   Section       16  main.o(.data)
    .data                                    0x20000010   Section        1  key.o(.data)
    key_up                                   0x20000010   Data           1  key.o(.data)
    .data                                    0x20000012   Section        4  lcd.o(.data)
    .data                                    0x20000016   Section      832  oled.o(.data)
    .data                                    0x20000356   Section        2  usart3.o(.data)
    .data                                    0x20000358   Section        4  delay.o(.data)
    fac_us                                   0x20000358   Data           1  delay.o(.data)
    fac_ms                                   0x2000035a   Data           2  delay.o(.data)
    .data                                    0x2000035c   Section        4  usart.o(.data)
    .data                                    0x20000360   Section       16  stm32f4xx_rcc.o(.data)
    APBAHBPrescTable                         0x20000360   Data          16  stm32f4xx_rcc.o(.data)
    .data                                    0x20000370   Section        4  iap.o(.data)
    .bss                                     0x20000374   Section       14  lcd.o(.bss)
    .bss                                     0x20000384   Section     2048  iap.o(.bss)
    .bss                                     0x20000b84   Section       96  libspace.o(.bss)
    HEAP                                     0x20000be8   Section        0  startup_stm32f40_41xxx.o(HEAP)
    STACK                                    0x20000be8   Section     1024  startup_stm32f40_41xxx.o(STACK)
    Heap_Mem                                 0x20000be8   Data           0  startup_stm32f40_41xxx.o(HEAP)
    Stack_Mem                                0x20000be8   Data        1024  startup_stm32f40_41xxx.o(STACK)
    __initial_sp                             0x20000fe8   Data           0  startup_stm32f40_41xxx.o(STACK)
    .ARM.__AT_0x20001000                     0x20001000   Section    16384  usart3.o(.ARM.__AT_0x20001000)
    .ARM.__AT_0x20006000                     0x20006000   Section    16384  usart3.o(.ARM.__AT_0x20006000)
    .bss                                     0x2000a000   Section    16984  usart3.o(.bss)

    Global Symbols

    Symbol Name                              Value     Ov Type        Size  Object(Section)

    BuildAttributes$$THM_ISAv4$E$P$D$K$B$S$7EM$VFPi3$EXTD16$VFPS$VFMA$PE$A:L22UL41UL21$X:L11$S22US41US21$IEEE1$IW$USESV6$~STKCKD$USESV7$~SHL$OTIME$ROPI$IEEEJ$EBA8$UX$STANDARDLIB$REQ8$PRES8$EABIv2 0x00000000   Number         0  anon$$obj.o ABSOLUTE
    __ARM_use_no_argv                        0x00000000   Number         0  main.o ABSOLUTE
    _printf_flags                            0x00000000   Number         0  printf_stubs.o ABSOLUTE
    _printf_return_value                     0x00000000   Number         0  printf_stubs.o ABSOLUTE
    _printf_sizespec                         0x00000000   Number         0  printf_stubs.o ABSOLUTE
    _printf_widthprec                        0x00000000   Number         0  printf_stubs.o ABSOLUTE
    __ARM_exceptions_init                     - Undefined Weak Reference
    __alloca_initialize                       - Undefined Weak Reference
    __arm_preinit_                            - Undefined Weak Reference
    __cpp_initialize__aeabi_                  - Undefined Weak Reference
    __cxa_finalize                            - Undefined Weak Reference
    __sigvec_lookup                           - Undefined Weak Reference
    _atexit_init                              - Undefined Weak Reference
    _call_atexit_fns                          - Undefined Weak Reference
    _clock_init                               - Undefined Weak Reference
    _fp_trap_init                             - Undefined Weak Reference
    _fp_trap_shutdown                         - Undefined Weak Reference
    _get_lc_collate                           - Undefined Weak Reference
    _get_lc_monetary                          - Undefined Weak Reference
    _get_lc_time                              - Undefined Weak Reference
    _getenv_init                              - Undefined Weak Reference
    _handle_redirection                       - Undefined Weak Reference
    _init_alloc                               - Undefined Weak Reference
    _init_user_alloc                          - Undefined Weak Reference
    _initio                                   - Undefined Weak Reference
    _mutex_acquire                            - Undefined Weak Reference
    _mutex_release                            - Undefined Weak Reference
    _printf_fp_hex                            - Undefined Weak Reference
    _printf_mbtowc                            - Undefined Weak Reference
    _printf_wc                                - Undefined Weak Reference
    _rand_init                                - Undefined Weak Reference
    _signal_finish                            - Undefined Weak Reference
    _signal_init                              - Undefined Weak Reference
    _terminate_alloc                          - Undefined Weak Reference
    _terminate_user_alloc                     - Undefined Weak Reference
    _terminateio                              - Undefined Weak Reference
    __Vectors_Size                           0x00000188   Number         0  startup_stm32f40_41xxx.o ABSOLUTE
    __Vectors                                0x08000000   Data           4  startup_stm32f40_41xxx.o(RESET)
    __Vectors_End                            0x08000188   Data           0  startup_stm32f40_41xxx.o(RESET)
    __main                                   0x08000189   Thumb Code     8  __main.o(!!!main)
    __scatterload                            0x08000191   Thumb Code     0  __scatter.o(!!!scatter)
    __scatterload_rt2                        0x08000191   Thumb Code    44  __scatter.o(!!!scatter)
    __scatterload_rt2_thumb_only             0x08000191   Thumb Code     0  __scatter.o(!!!scatter)
    __scatterload_null                       0x0800019f   Thumb Code     0  __scatter.o(!!!scatter)
    __decompress                             0x080001c5   Thumb Code    58  __dczerorl.o(!!dczerorl)
    __decompress0                            0x080001c5   Thumb Code     0  __dczerorl.o(!!dczerorl)
    __scatterload_zeroinit                   0x08000201   Thumb Code    28  __scatter_zi.o(!!handler_zi)
    _printf_n                                0x0800021d   Thumb Code     0  _printf_n.o(.ARM.Collect$$_printf_percent$$00000001)
    _printf_percent                          0x0800021d   Thumb Code     0  _printf_percent.o(.ARM.Collect$$_printf_percent$$00000000)
    _printf_p                                0x08000223   Thumb Code     0  _printf_p.o(.ARM.Collect$$_printf_percent$$00000002)
    _printf_f                                0x08000229   Thumb Code     0  _printf_f.o(.ARM.Collect$$_printf_percent$$00000003)
    _printf_e                                0x0800022f   Thumb Code     0  _printf_e.o(.ARM.Collect$$_printf_percent$$00000004)
    _printf_g                                0x08000235   Thumb Code     0  _printf_g.o(.ARM.Collect$$_printf_percent$$00000005)
    _printf_a                                0x0800023b   Thumb Code     0  _printf_a.o(.ARM.Collect$$_printf_percent$$00000006)
    _printf_ll                               0x08000241   Thumb Code     0  _printf_ll.o(.ARM.Collect$$_printf_percent$$00000007)
    _printf_i                                0x0800024b   Thumb Code     0  _printf_i.o(.ARM.Collect$$_printf_percent$$00000008)
    _printf_d                                0x08000251   Thumb Code     0  _printf_d.o(.ARM.Collect$$_printf_percent$$00000009)
    _printf_u                                0x08000257   Thumb Code     0  _printf_u.o(.ARM.Collect$$_printf_percent$$0000000A)
    _printf_o                                0x0800025d   Thumb Code     0  _printf_o.o(.ARM.Collect$$_printf_percent$$0000000B)
    _printf_x                                0x08000263   Thumb Code     0  _printf_x.o(.ARM.Collect$$_printf_percent$$0000000C)
    _printf_lli                              0x08000269   Thumb Code     0  _printf_lli.o(.ARM.Collect$$_printf_percent$$0000000D)
    _printf_lld                              0x0800026f   Thumb Code     0  _printf_lld.o(.ARM.Collect$$_printf_percent$$0000000E)
    _printf_llu                              0x08000275   Thumb Code     0  _printf_llu.o(.ARM.Collect$$_printf_percent$$0000000F)
    _printf_llo                              0x0800027b   Thumb Code     0  _printf_llo.o(.ARM.Collect$$_printf_percent$$00000010)
    _printf_llx                              0x08000281   Thumb Code     0  _printf_llx.o(.ARM.Collect$$_printf_percent$$00000011)
    _printf_l                                0x08000287   Thumb Code     0  _printf_l.o(.ARM.Collect$$_printf_percent$$00000012)
    _printf_c                                0x08000291   Thumb Code     0  _printf_c.o(.ARM.Collect$$_printf_percent$$00000013)
    _printf_s                                0x08000297   Thumb Code     0  _printf_s.o(.ARM.Collect$$_printf_percent$$00000014)
    _printf_lc                               0x0800029d   Thumb Code     0  _printf_lc.o(.ARM.Collect$$_printf_percent$$00000015)
    _printf_ls                               0x080002a3   Thumb Code     0  _printf_ls.o(.ARM.Collect$$_printf_percent$$00000016)
    _printf_percent_end                      0x080002a9   Thumb Code     0  _printf_percent_end.o(.ARM.Collect$$_printf_percent$$00000017)
    __rt_lib_init                            0x080002ad   Thumb Code     0  libinit.o(.ARM.Collect$$libinit$$00000000)
    __rt_lib_init_fp_1                       0x080002af   Thumb Code     0  libinit2.o(.ARM.Collect$$libinit$$00000001)
    __rt_lib_init_heap_1                     0x080002b3   Thumb Code     0  libinit2.o(.ARM.Collect$$libinit$$0000000A)
    __rt_lib_init_lc_common                  0x080002b3   Thumb Code     0  libinit2.o(.ARM.Collect$$libinit$$0000000F)
    __rt_lib_init_preinit_1                  0x080002b3   Thumb Code     0  libinit2.o(.ARM.Collect$$libinit$$00000004)
    __rt_lib_init_rand_1                     0x080002b3   Thumb Code     0  libinit2.o(.ARM.Collect$$libinit$$0000000E)
    __rt_lib_init_user_alloc_1               0x080002b3   Thumb Code     0  libinit2.o(.ARM.Collect$$libinit$$0000000C)
    __rt_lib_init_lc_collate_1               0x080002b9   Thumb Code     0  libinit2.o(.ARM.Collect$$libinit$$00000011)
    __rt_lib_init_lc_ctype_2                 0x080002b9   Thumb Code     0  libinit2.o(.ARM.Collect$$libinit$$00000012)
    __rt_lib_init_lc_ctype_1                 0x080002c5   Thumb Code     0  libinit2.o(.ARM.Collect$$libinit$$00000013)
    __rt_lib_init_lc_monetary_1              0x080002c5   Thumb Code     0  libinit2.o(.ARM.Collect$$libinit$$00000015)
    __rt_lib_init_lc_numeric_2               0x080002c5   Thumb Code     0  libinit2.o(.ARM.Collect$$libinit$$00000016)
    __rt_lib_init_alloca_1                   0x080002cf   Thumb Code     0  libinit2.o(.ARM.Collect$$libinit$$0000002E)
    __rt_lib_init_argv_1                     0x080002cf   Thumb Code     0  libinit2.o(.ARM.Collect$$libinit$$0000002C)
    __rt_lib_init_atexit_1                   0x080002cf   Thumb Code     0  libinit2.o(.ARM.Collect$$libinit$$0000001B)
    __rt_lib_init_clock_1                    0x080002cf   Thumb Code     0  libinit2.o(.ARM.Collect$$libinit$$00000021)
    __rt_lib_init_cpp_1                      0x080002cf   Thumb Code     0  libinit2.o(.ARM.Collect$$libinit$$00000032)
    __rt_lib_init_exceptions_1               0x080002cf   Thumb Code     0  libinit2.o(.ARM.Collect$$libinit$$00000030)
    __rt_lib_init_fp_trap_1                  0x080002cf   Thumb Code     0  libinit2.o(.ARM.Collect$$libinit$$0000001F)
    __rt_lib_init_getenv_1                   0x080002cf   Thumb Code     0  libinit2.o(.ARM.Collect$$libinit$$00000023)
    __rt_lib_init_lc_numeric_1               0x080002cf   Thumb Code     0  libinit2.o(.ARM.Collect$$libinit$$00000017)
    __rt_lib_init_lc_time_1                  0x080002cf   Thumb Code     0  libinit2.o(.ARM.Collect$$libinit$$00000019)
    __rt_lib_init_return                     0x080002cf   Thumb Code     0  libinit2.o(.ARM.Collect$$libinit$$00000033)
    __rt_lib_init_signal_1                   0x080002cf   Thumb Code     0  libinit2.o(.ARM.Collect$$libinit$$0000001D)
    __rt_lib_init_stdio_1                    0x080002cf   Thumb Code     0  libinit2.o(.ARM.Collect$$libinit$$00000025)
    __rt_lib_shutdown                        0x080002d1   Thumb Code     0  libshutdown.o(.ARM.Collect$$libshutdown$$00000000)
    __rt_lib_shutdown_fp_trap_1              0x080002d3   Thumb Code     0  libshutdown2.o(.ARM.Collect$$libshutdown$$00000006)
    __rt_lib_shutdown_heap_1                 0x080002d3   Thumb Code     0  libshutdown2.o(.ARM.Collect$$libshutdown$$0000000E)
    __rt_lib_shutdown_return                 0x080002d3   Thumb Code     0  libshutdown2.o(.ARM.Collect$$libshutdown$$0000000F)
    __rt_lib_shutdown_signal_1               0x080002d3   Thumb Code     0  libshutdown2.o(.ARM.Collect$$libshutdown$$00000009)
    __rt_lib_shutdown_stdio_1                0x080002d3   Thumb Code     0  libshutdown2.o(.ARM.Collect$$libshutdown$$00000003)
    __rt_lib_shutdown_user_alloc_1           0x080002d3   Thumb Code     0  libshutdown2.o(.ARM.Collect$$libshutdown$$0000000B)
    __rt_entry                               0x080002d5   Thumb Code     0  __rtentry.o(.ARM.Collect$$rtentry$$00000000)
    __rt_entry_presh_1                       0x080002d5   Thumb Code     0  __rtentry2.o(.ARM.Collect$$rtentry$$00000002)
    __rt_entry_sh                            0x080002d5   Thumb Code     0  __rtentry4.o(.ARM.Collect$$rtentry$$00000004)
    __rt_entry_li                            0x080002db   Thumb Code     0  __rtentry2.o(.ARM.Collect$$rtentry$$0000000A)
    __rt_entry_postsh_1                      0x080002db   Thumb Code     0  __rtentry2.o(.ARM.Collect$$rtentry$$00000009)
    __rt_entry_main                          0x080002df   Thumb Code     0  __rtentry2.o(.ARM.Collect$$rtentry$$0000000D)
    __rt_entry_postli_1                      0x080002df   Thumb Code     0  __rtentry2.o(.ARM.Collect$$rtentry$$0000000C)
    __rt_exit                                0x080002e7   Thumb Code     0  rtexit.o(.ARM.Collect$$rtexit$$00000000)
    __rt_exit_ls                             0x080002e9   Thumb Code     0  rtexit2.o(.ARM.Collect$$rtexit$$00000003)
    __rt_exit_prels_1                        0x080002e9   Thumb Code     0  rtexit2.o(.ARM.Collect$$rtexit$$00000002)
    __rt_exit_exit                           0x080002ed   Thumb Code     0  rtexit2.o(.ARM.Collect$$rtexit$$00000004)
    WFI_SET                                  0x080002f5   Thumb Code     2  sys.o(.emb_text)
    INTX_DISABLE                             0x080002f7   Thumb Code     4  sys.o(.emb_text)
    INTX_ENABLE                              0x080002fb   Thumb Code     4  sys.o(.emb_text)
    MSR_MSP                                  0x080002ff   Thumb Code     6  sys.o(.emb_text)
    Reset_Handler                            0x08000305   Thumb Code     8  startup_stm32f40_41xxx.o(.text)
    ADC_IRQHandler                           0x0800031f   Thumb Code     0  startup_stm32f40_41xxx.o(.text)
    CAN1_RX0_IRQHandler                      0x0800031f   Thumb Code     0  startup_stm32f40_41xxx.o(.text)
    CAN1_RX1_IRQHandler                      0x0800031f   Thumb Code     0  startup_stm32f40_41xxx.o(.text)
    CAN1_SCE_IRQHandler                      0x0800031f   Thumb Code     0  startup_stm32f40_41xxx.o(.text)
    CAN1_TX_IRQHandler                       0x0800031f   Thumb Code     0  startup_stm32f40_41xxx.o(.text)
    CAN2_RX0_IRQHandler                      0x0800031f   Thumb Code     0  startup_stm32f40_41xxx.o(.text)
    CAN2_RX1_IRQHandler                      0x0800031f   Thumb Code     0  startup_stm32f40_41xxx.o(.text)
    CAN2_SCE_IRQHandler                      0x0800031f   Thumb Code     0  startup_stm32f40_41xxx.o(.text)
    CAN2_TX_IRQHandler                       0x0800031f   Thumb Code     0  startup_stm32f40_41xxx.o(.text)
    CRYP_IRQHandler                          0x0800031f   Thumb Code     0  startup_stm32f40_41xxx.o(.text)
    DCMI_IRQHandler                          0x0800031f   Thumb Code     0  startup_stm32f40_41xxx.o(.text)
    DMA1_Stream0_IRQHandler                  0x0800031f   Thumb Code     0  startup_stm32f40_41xxx.o(.text)
    DMA1_Stream1_IRQHandler                  0x0800031f   Thumb Code     0  startup_stm32f40_41xxx.o(.text)
    DMA1_Stream2_IRQHandler                  0x0800031f   Thumb Code     0  startup_stm32f40_41xxx.o(.text)
    DMA1_Stream3_IRQHandler                  0x0800031f   Thumb Code     0  startup_stm32f40_41xxx.o(.text)
    DMA1_Stream4_IRQHandler                  0x0800031f   Thumb Code     0  startup_stm32f40_41xxx.o(.text)
    DMA1_Stream5_IRQHandler                  0x0800031f   Thumb Code     0  startup_stm32f40_41xxx.o(.text)
    DMA1_Stream6_IRQHandler                  0x0800031f   Thumb Code     0  startup_stm32f40_41xxx.o(.text)
    DMA1_Stream7_IRQHandler                  0x0800031f   Thumb Code     0  startup_stm32f40_41xxx.o(.text)
    DMA2_Stream0_IRQHandler                  0x0800031f   Thumb Code     0  startup_stm32f40_41xxx.o(.text)
    DMA2_Stream1_IRQHandler                  0x0800031f   Thumb Code     0  startup_stm32f40_41xxx.o(.text)
    DMA2_Stream2_IRQHandler                  0x0800031f   Thumb Code     0  startup_stm32f40_41xxx.o(.text)
    DMA2_Stream3_IRQHandler                  0x0800031f   Thumb Code     0  startup_stm32f40_41xxx.o(.text)
    DMA2_Stream4_IRQHandler                  0x0800031f   Thumb Code     0  startup_stm32f40_41xxx.o(.text)
    DMA2_Stream5_IRQHandler                  0x0800031f   Thumb Code     0  startup_stm32f40_41xxx.o(.text)
    DMA2_Stream6_IRQHandler                  0x0800031f   Thumb Code     0  startup_stm32f40_41xxx.o(.text)
    DMA2_Stream7_IRQHandler                  0x0800031f   Thumb Code     0  startup_stm32f40_41xxx.o(.text)
    ETH_IRQHandler                           0x0800031f   Thumb Code     0  startup_stm32f40_41xxx.o(.text)
    ETH_WKUP_IRQHandler                      0x0800031f   Thumb Code     0  startup_stm32f40_41xxx.o(.text)
    EXTI0_IRQHandler                         0x0800031f   Thumb Code     0  startup_stm32f40_41xxx.o(.text)
    EXTI15_10_IRQHandler                     0x0800031f   Thumb Code     0  startup_stm32f40_41xxx.o(.text)
    EXTI1_IRQHandler                         0x0800031f   Thumb Code     0  startup_stm32f40_41xxx.o(.text)
    EXTI2_IRQHandler                         0x0800031f   Thumb Code     0  startup_stm32f40_41xxx.o(.text)
    EXTI3_IRQHandler                         0x0800031f   Thumb Code     0  startup_stm32f40_41xxx.o(.text)
    EXTI4_IRQHandler                         0x0800031f   Thumb Code     0  startup_stm32f40_41xxx.o(.text)
    EXTI9_5_IRQHandler                       0x0800031f   Thumb Code     0  startup_stm32f40_41xxx.o(.text)
    FLASH_IRQHandler                         0x0800031f   Thumb Code     0  startup_stm32f40_41xxx.o(.text)
    FPU_IRQHandler                           0x0800031f   Thumb Code     0  startup_stm32f40_41xxx.o(.text)
    FSMC_IRQHandler                          0x0800031f   Thumb Code     0  startup_stm32f40_41xxx.o(.text)
    HASH_RNG_IRQHandler                      0x0800031f   Thumb Code     0  startup_stm32f40_41xxx.o(.text)
    I2C1_ER_IRQHandler                       0x0800031f   Thumb Code     0  startup_stm32f40_41xxx.o(.text)
    I2C1_EV_IRQHandler                       0x0800031f   Thumb Code     0  startup_stm32f40_41xxx.o(.text)
    I2C2_ER_IRQHandler                       0x0800031f   Thumb Code     0  startup_stm32f40_41xxx.o(.text)
    I2C2_EV_IRQHandler                       0x0800031f   Thumb Code     0  startup_stm32f40_41xxx.o(.text)
    I2C3_ER_IRQHandler                       0x0800031f   Thumb Code     0  startup_stm32f40_41xxx.o(.text)
    I2C3_EV_IRQHandler                       0x0800031f   Thumb Code     0  startup_stm32f40_41xxx.o(.text)
    OTG_FS_IRQHandler                        0x0800031f   Thumb Code     0  startup_stm32f40_41xxx.o(.text)
    OTG_FS_WKUP_IRQHandler                   0x0800031f   Thumb Code     0  startup_stm32f40_41xxx.o(.text)
    OTG_HS_EP1_IN_IRQHandler                 0x0800031f   Thumb Code     0  startup_stm32f40_41xxx.o(.text)
    OTG_HS_EP1_OUT_IRQHandler                0x0800031f   Thumb Code     0  startup_stm32f40_41xxx.o(.text)
    OTG_HS_IRQHandler                        0x0800031f   Thumb Code     0  startup_stm32f40_41xxx.o(.text)
    OTG_HS_WKUP_IRQHandler                   0x0800031f   Thumb Code     0  startup_stm32f40_41xxx.o(.text)
    PVD_IRQHandler                           0x0800031f   Thumb Code     0  startup_stm32f40_41xxx.o(.text)
    RCC_IRQHandler                           0x0800031f   Thumb Code     0  startup_stm32f40_41xxx.o(.text)
    RTC_Alarm_IRQHandler                     0x0800031f   Thumb Code     0  startup_stm32f40_41xxx.o(.text)
    RTC_WKUP_IRQHandler                      0x0800031f   Thumb Code     0  startup_stm32f40_41xxx.o(.text)
    SDIO_IRQHandler                          0x0800031f   Thumb Code     0  startup_stm32f40_41xxx.o(.text)
    SPI1_IRQHandler                          0x0800031f   Thumb Code     0  startup_stm32f40_41xxx.o(.text)
    SPI2_IRQHandler                          0x0800031f   Thumb Code     0  startup_stm32f40_41xxx.o(.text)
    SPI3_IRQHandler                          0x0800031f   Thumb Code     0  startup_stm32f40_41xxx.o(.text)
    TAMP_STAMP_IRQHandler                    0x0800031f   Thumb Code     0  startup_stm32f40_41xxx.o(.text)
    TIM1_BRK_TIM9_IRQHandler                 0x0800031f   Thumb Code     0  startup_stm32f40_41xxx.o(.text)
    TIM1_CC_IRQHandler                       0x0800031f   Thumb Code     0  startup_stm32f40_41xxx.o(.text)
    TIM1_TRG_COM_TIM11_IRQHandler            0x0800031f   Thumb Code     0  startup_stm32f40_41xxx.o(.text)
    TIM1_UP_TIM10_IRQHandler                 0x0800031f   Thumb Code     0  startup_stm32f40_41xxx.o(.text)
    TIM2_IRQHandler                          0x0800031f   Thumb Code     0  startup_stm32f40_41xxx.o(.text)
    TIM3_IRQHandler                          0x0800031f   Thumb Code     0  startup_stm32f40_41xxx.o(.text)
    TIM4_IRQHandler                          0x0800031f   Thumb Code     0  startup_stm32f40_41xxx.o(.text)
    TIM5_IRQHandler                          0x0800031f   Thumb Code     0  startup_stm32f40_41xxx.o(.text)
    TIM6_DAC_IRQHandler                      0x0800031f   Thumb Code     0  startup_stm32f40_41xxx.o(.text)
    TIM8_BRK_TIM12_IRQHandler                0x0800031f   Thumb Code     0  startup_stm32f40_41xxx.o(.text)
    TIM8_CC_IRQHandler                       0x0800031f   Thumb Code     0  startup_stm32f40_41xxx.o(.text)
    TIM8_TRG_COM_TIM14_IRQHandler            0x0800031f   Thumb Code     0  startup_stm32f40_41xxx.o(.text)
    TIM8_UP_TIM13_IRQHandler                 0x0800031f   Thumb Code     0  startup_stm32f40_41xxx.o(.text)
    UART4_IRQHandler                         0x0800031f   Thumb Code     0  startup_stm32f40_41xxx.o(.text)
    UART5_IRQHandler                         0x0800031f   Thumb Code     0  startup_stm32f40_41xxx.o(.text)
    USART1_IRQHandler                        0x0800031f   Thumb Code     0  startup_stm32f40_41xxx.o(.text)
    USART2_IRQHandler                        0x0800031f   Thumb Code     0  startup_stm32f40_41xxx.o(.text)
    USART6_IRQHandler                        0x0800031f   Thumb Code     0  startup_stm32f40_41xxx.o(.text)
    WWDG_IRQHandler                          0x0800031f   Thumb Code     0  startup_stm32f40_41xxx.o(.text)
    __user_initial_stackheap                 0x08000321   Thumb Code     0  startup_stm32f40_41xxx.o(.text)
    __use_no_semihosting                     0x08000341   Thumb Code     2  use_no_semi_2.o(.text)
    __c89vsprintf                            0x08000345   Thumb Code    32  c89vsprintf.o(.text)
    __2printf                                0x08000369   Thumb Code    20  __2printf.o(.text)
    _printf_str                              0x08000381   Thumb Code    82  _printf_str.o(.text)
    _printf_int_dec                          0x080003d5   Thumb Code   104  _printf_dec.o(.text)
    _printf_longlong_hex                     0x0800044d   Thumb Code    86  _printf_hex_int_ll_ptr.o(.text)
    _printf_int_hex                          0x080004a3   Thumb Code    28  _printf_hex_int_ll_ptr.o(.text)
    _printf_ll_hex                           0x080004bf   Thumb Code    12  _printf_hex_int_ll_ptr.o(.text)
    _printf_hex_ptr                          0x080004cb   Thumb Code    18  _printf_hex_int_ll_ptr.o(.text)
    __printf                                 0x080004e1   Thumb Code   388  __printf_flags_ss_wp.o(.text)
    strstr                                   0x08000669   Thumb Code    36  strstr.o(.text)
    strlen                                   0x0800068d   Thumb Code    62  strlen.o(.text)
    __use_two_region_memory                  0x080006cb   Thumb Code     2  heapauxi.o(.text)
    __rt_heap_escrow$2region                 0x080006cd   Thumb Code     2  heapauxi.o(.text)
    __rt_heap_expand$2region                 0x080006cf   Thumb Code     2  heapauxi.o(.text)
    __I$use$semihosting                      0x080006d1   Thumb Code     0  use_no_semi.o(.text)
    __use_no_semihosting_swi                 0x080006d1   Thumb Code     2  use_no_semi.o(.text)
    _printf_pre_padding                      0x080006d3   Thumb Code    44  _printf_pad.o(.text)
    _printf_post_padding                     0x080006ff   Thumb Code    34  _printf_pad.o(.text)
    _printf_truncate_signed                  0x08000721   Thumb Code    18  _printf_truncate.o(.text)
    _printf_truncate_unsigned                0x08000733   Thumb Code    18  _printf_truncate.o(.text)
    _printf_int_common                       0x08000745   Thumb Code   178  _printf_intcommon.o(.text)
    _printf_charcount                        0x080007f7   Thumb Code    40  _printf_charcount.o(.text)
    _printf_char_common                      0x0800082b   Thumb Code    32  _printf_char_common.o(.text)
    _sputc                                   0x08000851   Thumb Code    10  _sputc.o(.text)
    _printf_cs_common                        0x0800085b   Thumb Code    20  _printf_char.o(.text)
    _printf_char                             0x0800086f   Thumb Code    16  _printf_char.o(.text)
    _printf_string                           0x0800087f   Thumb Code     8  _printf_char.o(.text)
    _printf_char_file                        0x08000889   Thumb Code    32  _printf_char_file.o(.text)
    _printf_wctomb                           0x080008ad   Thumb Code   182  _printf_wctomb.o(.text)
    _printf_longlong_dec                     0x08000969   Thumb Code   108  _printf_longlong_dec.o(.text)
    _printf_longlong_oct                     0x080009e5   Thumb Code    68  _printf_oct_int_ll.o(.text)
    _printf_int_oct                          0x08000a29   Thumb Code    24  _printf_oct_int_ll.o(.text)
    _printf_ll_oct                           0x08000a41   Thumb Code    12  _printf_oct_int_ll.o(.text)
    _ll_udiv10                               0x08000a55   Thumb Code   138  lludiv10.o(.text)
    __lib_sel_fp_printf                      0x08000adf   Thumb Code     2  _printf_fp_dec.o(.text)
    _printf_fp_dec_real                      0x08000c8d   Thumb Code   620  _printf_fp_dec.o(.text)
    _printf_lcs_common                       0x08000ef9   Thumb Code    20  _printf_wchar.o(.text)
    _printf_wchar                            0x08000f0d   Thumb Code    16  _printf_wchar.o(.text)
    _printf_wstring                          0x08000f1d   Thumb Code     8  _printf_wchar.o(.text)
    ferror                                   0x08000f25   Thumb Code     8  ferror.o(.text)
    _wcrtomb                                 0x08000f2d   Thumb Code    64  _wcrtomb.o(.text)
    __user_setup_stackheap                   0x08000f6d   Thumb Code    74  sys_stackheap_outer.o(.text)
    __rt_ctype_table                         0x08000fb9   Thumb Code    16  rt_ctype_table.o(.text)
    __rt_locale                              0x08000fc9   Thumb Code     8  rt_locale_intlibspace.o(.text)
    _printf_fp_infnan                        0x08000fd1   Thumb Code   112  _printf_fp_infnan.o(.text)
    _btod_etento                             0x08001051   Thumb Code   216  bigflt0.o(.text)
    exit                                     0x0800112d   Thumb Code    12  exit.o(.text)
    __user_libspace                          0x08001139   Thumb Code     8  libspace.o(.text)
    __user_perproc_libspace                  0x08001139   Thumb Code     0  libspace.o(.text)
    __user_perthread_libspace                0x08001139   Thumb Code     0  libspace.o(.text)
    strcmp                                   0x08001141   Thumb Code   128  strcmpv7m.o(.text)
    _btod_d2e                                0x080011c1   Thumb Code    62  btod.o(CL$$btod_d2e)
    _d2e_denorm_low                          0x080011ff   Thumb Code    70  btod.o(CL$$btod_d2e_denorm_low)
    _d2e_norm_op1                            0x08001245   Thumb Code    96  btod.o(CL$$btod_d2e_norm_op1)
    __btod_div_common                        0x080012a5   Thumb Code   696  btod.o(CL$$btod_div_common)
    _e2e                                     0x080015dd   Thumb Code   198  btod.o(CL$$btod_e2e)
    _btod_ediv                               0x080016a3   Thumb Code    40  btod.o(CL$$btod_ediv)
    _btod_emul                               0x080016cb   Thumb Code    40  btod.o(CL$$btod_emul)
    __btod_mult_common                       0x080016f3   Thumb Code   580  btod.o(CL$$btod_mult_common)
    BusFault_Handler                         0x08001937   Thumb Code     4  stm32f4xx_it.o(i.BusFault_Handler)
    DebugMon_Handler                         0x0800193b   Thumb Code     2  stm32f4xx_it.o(i.DebugMon_Handler)
    Display_mesage                           0x0800193d   Thumb Code   134  main.o(i.Display_mesage)
    FLASH_DataCacheCmd                       0x080019c5   Thumb Code    30  stm32f4xx_flash.o(i.FLASH_DataCacheCmd)
    FLASH_EraseSector                        0x080019e9   Thumb Code   130  stm32f4xx_flash.o(i.FLASH_EraseSector)
    FLASH_GetStatus                          0x08001a71   Thumb Code    80  stm32f4xx_flash.o(i.FLASH_GetStatus)
    FLASH_Lock                               0x08001ac5   Thumb Code    14  stm32f4xx_flash.o(i.FLASH_Lock)
    FLASH_ProgramWord                        0x08001ad9   Thumb Code    74  stm32f4xx_flash.o(i.FLASH_ProgramWord)
    FLASH_Unlock                             0x08001b29   Thumb Code    24  stm32f4xx_flash.o(i.FLASH_Unlock)
    FLASH_WaitForLastOperation               0x08001b4d   Thumb Code    34  stm32f4xx_flash.o(i.FLASH_WaitForLastOperation)
    GPIO_Init                                0x08001b6f   Thumb Code   144  stm32f4xx_gpio.o(i.GPIO_Init)
    GPIO_PinAFConfig                         0x08001bff   Thumb Code    70  stm32f4xx_gpio.o(i.GPIO_PinAFConfig)
    GPIO_ReadInputDataBit                    0x08001c45   Thumb Code    18  stm32f4xx_gpio.o(i.GPIO_ReadInputDataBit)
    GPIO_ResetBits                           0x08001c57   Thumb Code     4  stm32f4xx_gpio.o(i.GPIO_ResetBits)
    GPIO_SetBits                             0x08001c5b   Thumb Code     4  stm32f4xx_gpio.o(i.GPIO_SetBits)
    HardFault_Handler                        0x08001c5f   Thumb Code     4  stm32f4xx_it.o(i.HardFault_Handler)
    KEY_Init                                 0x08001c65   Thumb Code    60  key.o(i.KEY_Init)
    KEY_Scan                                 0x08001ca9   Thumb Code   188  key.o(i.KEY_Scan)
    LCD_Fast_DrawPoint                       0x08001d71   Thumb Code   374  lcd.o(i.LCD_Fast_DrawPoint)
    LCD_ShowChar                             0x08001ef1   Thumb Code   272  lcd.o(i.LCD_ShowChar)
    LCD_ShowString                           0x08002019   Thumb Code   102  lcd.o(i.LCD_ShowString)
    LCD_WR_DATA                              0x08002081   Thumb Code    18  lcd.o(i.LCD_WR_DATA)
    LCD_WR_REG                               0x08002099   Thumb Code    18  lcd.o(i.LCD_WR_REG)
    LCD_WriteReg                             0x080020b1   Thumb Code    14  lcd.o(i.LCD_WriteReg)
    LED_Init                                 0x080020c5   Thumb Code    60  led.o(i.LED_Init)
    MemManage_Handler                        0x08002105   Thumb Code     4  stm32f4xx_it.o(i.MemManage_Handler)
    NMI_Handler                              0x08002109   Thumb Code     2  stm32f4xx_it.o(i.NMI_Handler)
    NVIC_Init                                0x0800210d   Thumb Code   106  misc.o(i.NVIC_Init)
    NVIC_PriorityGroupConfig                 0x08002185   Thumb Code    10  misc.o(i.NVIC_PriorityGroupConfig)
    OLED_Clear                               0x08002199   Thumb Code    64  oled.o(i.OLED_Clear)
    OLED_Init                                0x080021d9   Thumb Code   384  oled.o(i.OLED_Init)
    OLED_Set_Pos                             0x08002365   Thumb Code    46  oled.o(i.OLED_Set_Pos)
    OLED_ShowCHinese                         0x08002395   Thumb Code    98  oled.o(i.OLED_ShowCHinese)
    OLED_ShowChar                            0x080023fd   Thumb Code   106  oled.o(i.OLED_ShowChar)
    OLED_ShowString                          0x0800246d   Thumb Code    54  oled.o(i.OLED_ShowString)
    OLED_WR_Byte                             0x080024a5   Thumb Code   108  oled.o(i.OLED_WR_Byte)
    PendSV_Handler                           0x08002515   Thumb Code     2  stm32f4xx_it.o(i.PendSV_Handler)
    RCC_AHB1PeriphClockCmd                   0x08002519   Thumb Code    26  stm32f4xx_rcc.o(i.RCC_AHB1PeriphClockCmd)
    RCC_APB1PeriphClockCmd                   0x08002539   Thumb Code    26  stm32f4xx_rcc.o(i.RCC_APB1PeriphClockCmd)
    RCC_APB1PeriphResetCmd                   0x08002559   Thumb Code    26  stm32f4xx_rcc.o(i.RCC_APB1PeriphResetCmd)
    RCC_APB2PeriphClockCmd                   0x08002579   Thumb Code    26  stm32f4xx_rcc.o(i.RCC_APB2PeriphClockCmd)
    RCC_APB2PeriphResetCmd                   0x08002599   Thumb Code    26  stm32f4xx_rcc.o(i.RCC_APB2PeriphResetCmd)
    RCC_GetClocksFreq                        0x080025b9   Thumb Code   214  stm32f4xx_rcc.o(i.RCC_GetClocksFreq)
    STMFLASH_GetFlashSector                  0x080026a1   Thumb Code   116  stmflash.o(i.STMFLASH_GetFlashSector)
    STMFLASH_ReadWord                        0x08002741   Thumb Code     6  stmflash.o(i.STMFLASH_ReadWord)
    STMFLASH_Write                           0x08002749   Thumb Code   146  stmflash.o(i.STMFLASH_Write)
    SVC_Handler                              0x080027e1   Thumb Code     2  stm32f4xx_it.o(i.SVC_Handler)
    SysTick_CLKSourceConfig                  0x080028d1   Thumb Code    40  misc.o(i.SysTick_CLKSourceConfig)
    SysTick_Handler                          0x080028f9   Thumb Code     2  stm32f4xx_it.o(i.SysTick_Handler)
    SystemInit                               0x080028fd   Thumb Code    88  system_stm32f4xx.o(i.SystemInit)
    TIM7_IRQHandler                          0x08002965   Thumb Code    42  timer.o(i.TIM7_IRQHandler)
    TIM7_Int_Init                            0x08002999   Thumb Code    88  timer.o(i.TIM7_Int_Init)
    TIM_ClearITPendingBit                    0x080029f5   Thumb Code     6  stm32f4xx_tim.o(i.TIM_ClearITPendingBit)
    TIM_Cmd                                  0x080029fb   Thumb Code    24  stm32f4xx_tim.o(i.TIM_Cmd)
    TIM_GetITStatus                          0x08002a13   Thumb Code    34  stm32f4xx_tim.o(i.TIM_GetITStatus)
    TIM_ITConfig                             0x08002a35   Thumb Code    18  stm32f4xx_tim.o(i.TIM_ITConfig)
    TIM_SetCounter                           0x08002a47   Thumb Code     4  stm32f4xx_tim.o(i.TIM_SetCounter)
    TIM_TimeBaseInit                         0x08002a4d   Thumb Code   104  stm32f4xx_tim.o(i.TIM_TimeBaseInit)
    USART3_IRQHandler                        0x08002ad1   Thumb Code   110  usart3.o(i.USART3_IRQHandler)
    USART3_RX_BUF_CLAER                      0x08002b55   Thumb Code    40  main.o(i.USART3_RX_BUF_CLAER)
    USART_Cmd                                0x08002b85   Thumb Code    24  stm32f4xx_usart.o(i.USART_Cmd)
    USART_DeInit                             0x08002b9d   Thumb Code   206  stm32f4xx_usart.o(i.USART_DeInit)
    USART_GetFlagStatus                      0x08002c8d   Thumb Code    26  stm32f4xx_usart.o(i.USART_GetFlagStatus)
    USART_GetITStatus                        0x08002ca7   Thumb Code    84  stm32f4xx_usart.o(i.USART_GetITStatus)
    USART_ITConfig                           0x08002cfb   Thumb Code    74  stm32f4xx_usart.o(i.USART_ITConfig)
    USART_Init                               0x08002d45   Thumb Code   204  stm32f4xx_usart.o(i.USART_Init)
    USART_ReceiveData                        0x08002e19   Thumb Code    10  stm32f4xx_usart.o(i.USART_ReceiveData)
    USART_SendData                           0x08002e23   Thumb Code     8  stm32f4xx_usart.o(i.USART_SendData)
    UsageFault_Handler                       0x08002e2b   Thumb Code     4  stm32f4xx_it.o(i.UsageFault_Handler)
    __ARM_fpclassify                         0x08002e2f   Thumb Code    48  fpclassify.o(i.__ARM_fpclassify)
    _is_digit                                0x08002e5f   Thumb Code    14  __printf_wp.o(i._is_digit)
    _sys_exit                                0x08002e6d   Thumb Code     4  usart.o(i._sys_exit)
    delay_init                               0x08002e71   Thumb Code    52  delay.o(i.delay_init)
    delay_ms                                 0x08002ead   Thumb Code    56  delay.o(i.delay_ms)
    delay_xms                                0x08002ee5   Thumb Code    72  delay.o(i.delay_xms)
    esp8266_check_cmd                        0x08002f31   Thumb Code    44  esp8266.o(i.esp8266_check_cmd)
    esp8266_quit_trans                       0x08002f65   Thumb Code    40  esp8266.o(i.esp8266_quit_trans)
    esp8266_send_cmd                         0x08002fb5   Thumb Code    92  esp8266.o(i.esp8266_send_cmd)
    esp8266_send_data                        0x08003029   Thumb Code    88  esp8266.o(i.esp8266_send_data)
    esp8266_start_trans                      0x08003099   Thumb Code   162  esp8266.o(i.esp8266_start_trans)
    fputc                                    0x08003285   Thumb Code    22  usart.o(i.fputc)
    iap_load_app                             0x080032a1   Thumb Code    36  iap.o(i.iap_load_app)
    iap_write_appbin                         0x080032cd   Thumb Code   100  iap.o(i.iap_write_appbin)
    main                                     0x08003335   Thumb Code  1592  main.o(i.main)
    u3_printf                                0x0800399d   Thumb Code    72  usart3.o(i.u3_printf)
    uart_init                                0x080039ed   Thumb Code   124  usart.o(i.uart_init)
    usart3_init                              0x08003a71   Thumb Code   198  usart3.o(i.usart3_init)
    _get_lc_numeric                          0x08003b49   Thumb Code    44  lc_numeric_c.o(locale$$code)
    _get_lc_ctype                            0x08003b75   Thumb Code    44  lc_ctype_c.o(locale$$code)
    _fp_init                                 0x08003ba1   Thumb Code    10  fpinit.o(x$fpl$fpinit)
    __fplib_config_fpu_vfp                   0x08003ba9   Thumb Code     0  fpinit.o(x$fpl$fpinit)
    __fplib_config_pureend_doubles           0x08003ba9   Thumb Code     0  fpinit.o(x$fpl$fpinit)
    _printf_fp_dec                           0x08003bab   Thumb Code     4  printf1.o(x$fpl$printf1)
    __I$use$fp                               0x08003bae   Number         0  usenofp.o(x$fpl$usenofp)
    asc2_1206                                0x08003bae   Data        1140  lcd.o(.constdata)
    asc2_1608                                0x08004022   Data        1520  lcd.o(.constdata)
    asc2_2412                                0x08004612   Data        3420  lcd.o(.constdata)
    F6x8                                     0x0800536e   Data         552  oled.o(.constdata)
    F8X16                                    0x08005596   Data        1520  oled.o(.constdata)
    Region$$Table$$Base                      0x08005c74   Number         0  anon$$obj.o(Region$$Table)
    Region$$Table$$Limit                     0x08005c94   Number         0  anon$$obj.o(Region$$Table)
    __ctype                                  0x08005cbd   Data           0  lc_ctype_c.o(locale$$data)
    i                                        0x20000000   Data           4  main.o(.data)
    APP_LEN                                  0x20000004   Data           2  main.o(.data)
    APP_LEN_LOAD                             0x20000006   Data           2  main.o(.data)
    str1                                     0x20000008   Data           4  main.o(.data)
    str2                                     0x2000000c   Data           4  main.o(.data)
    POINT_COLOR                              0x20000012   Data           2  lcd.o(.data)
    BACK_COLOR                               0x20000014   Data           2  lcd.o(.data)
    Hzk                                      0x20000016   Data         832  oled.o(.data)
    USART3_RX_STA                            0x20000356   Data           2  usart3.o(.data)
    __stdout                                 0x2000035c   Data           4  usart.o(.data)
    jump2app                                 0x20000370   Data           4  iap.o(.data)
    lcddev                                   0x20000374   Data          14  lcd.o(.bss)
    iapbuf                                   0x20000384   Data        2048  iap.o(.bss)
    __libspace_start                         0x20000b84   Data          96  libspace.o(.bss)
    __temporary_stack_top$libspace           0x20000be4   Data           0  libspace.o(.bss)
    USART3_RX_BUF                            0x20001000   Data       16384  usart3.o(.ARM.__AT_0x20001000)
    LAST_APP_DATA                            0x20006000   Data       16384  usart3.o(.ARM.__AT_0x20006000)
    USART3_TX_BUF                            0x2000a000   Data         600  usart3.o(.bss)
    APP_data                                 0x2000a258   Data       16384  usart3.o(.bss)



==============================================================================

Memory Map of the image

  Image Entry point : 0x08000189

  Load Region LR_IROM1 (Base: 0x08000000, Size: 0x00006134, Max: 0x00100000, ABSOLUTE, COMPRESSED[0x00005f28])

    Execution Region ER_IROM1 (Exec base: 0x08000000, Load base: 0x08000000, Size: 0x00005dc0, Max: 0x00100000, ABSOLUTE)

    Exec Addr    Load Addr    Size         Type   Attr      Idx    E Section Name        Object

    0x08000000   0x08000000   0x00000188   Data   RO         1175    RESET               startup_stm32f40_41xxx.o
    0x08000188   0x08000188   0x00000008   Code   RO         2951  * !!!main             c_w.l(__main.o)
    0x08000190   0x08000190   0x00000034   Code   RO         3232    !!!scatter          c_w.l(__scatter.o)
    0x080001c4   0x080001c4   0x0000003a   Code   RO         3230    !!dczerorl          c_w.l(__dczerorl.o)
    0x080001fe   0x080001fe   0x00000002   PAD
    0x08000200   0x08000200   0x0000001c   Code   RO         3234    !!handler_zi        c_w.l(__scatter_zi.o)
    0x0800021c   0x0800021c   0x00000000   Code   RO         2944    .ARM.Collect$$_printf_percent$$00000000  c_w.l(_printf_percent.o)
    0x0800021c   0x0800021c   0x00000006   Code   RO         2995    .ARM.Collect$$_printf_percent$$00000001  c_w.l(_printf_n.o)
    0x08000222   0x08000222   0x00000006   Code   RO         2996    .ARM.Collect$$_printf_percent$$00000002  c_w.l(_printf_p.o)
    0x08000228   0x08000228   0x00000006   Code   RO         3000    .ARM.Collect$$_printf_percent$$00000003  c_w.l(_printf_f.o)
    0x0800022e   0x0800022e   0x00000006   Code   RO         3001    .ARM.Collect$$_printf_percent$$00000004  c_w.l(_printf_e.o)
    0x08000234   0x08000234   0x00000006   Code   RO         3002    .ARM.Collect$$_printf_percent$$00000005  c_w.l(_printf_g.o)
    0x0800023a   0x0800023a   0x00000006   Code   RO         3003    .ARM.Collect$$_printf_percent$$00000006  c_w.l(_printf_a.o)
    0x08000240   0x08000240   0x0000000a   Code   RO         3008    .ARM.Collect$$_printf_percent$$00000007  c_w.l(_printf_ll.o)
    0x0800024a   0x0800024a   0x00000006   Code   RO         2998    .ARM.Collect$$_printf_percent$$00000008  c_w.l(_printf_i.o)
    0x08000250   0x08000250   0x00000006   Code   RO         2943    .ARM.Collect$$_printf_percent$$00000009  c_w.l(_printf_d.o)
    0x08000256   0x08000256   0x00000006   Code   RO         2999    .ARM.Collect$$_printf_percent$$0000000A  c_w.l(_printf_u.o)
    0x0800025c   0x0800025c   0x00000006   Code   RO         2997    .ARM.Collect$$_printf_percent$$0000000B  c_w.l(_printf_o.o)
    0x08000262   0x08000262   0x00000006   Code   RO         2942    .ARM.Collect$$_printf_percent$$0000000C  c_w.l(_printf_x.o)
    0x08000268   0x08000268   0x00000006   Code   RO         3005    .ARM.Collect$$_printf_percent$$0000000D  c_w.l(_printf_lli.o)
    0x0800026e   0x0800026e   0x00000006   Code   RO         3006    .ARM.Collect$$_printf_percent$$0000000E  c_w.l(_printf_lld.o)
    0x08000274   0x08000274   0x00000006   Code   RO         3007    .ARM.Collect$$_printf_percent$$0000000F  c_w.l(_printf_llu.o)
    0x0800027a   0x0800027a   0x00000006   Code   RO         3012    .ARM.Collect$$_printf_percent$$00000010  c_w.l(_printf_llo.o)
    0x08000280   0x08000280   0x00000006   Code   RO         3013    .ARM.Collect$$_printf_percent$$00000011  c_w.l(_printf_llx.o)
    0x08000286   0x08000286   0x0000000a   Code   RO         3009    .ARM.Collect$$_printf_percent$$00000012  c_w.l(_printf_l.o)
    0x08000290   0x08000290   0x00000006   Code   RO         2940    .ARM.Collect$$_printf_percent$$00000013  c_w.l(_printf_c.o)
    0x08000296   0x08000296   0x00000006   Code   RO         2941    .ARM.Collect$$_printf_percent$$00000014  c_w.l(_printf_s.o)
    0x0800029c   0x0800029c   0x00000006   Code   RO         3010    .ARM.Collect$$_printf_percent$$00000015  c_w.l(_printf_lc.o)
    0x080002a2   0x080002a2   0x00000006   Code   RO         3011    .ARM.Collect$$_printf_percent$$00000016  c_w.l(_printf_ls.o)
    0x080002a8   0x080002a8   0x00000004   Code   RO         3004    .ARM.Collect$$_printf_percent$$00000017  c_w.l(_printf_percent_end.o)
    0x080002ac   0x080002ac   0x00000002   Code   RO         3096    .ARM.Collect$$libinit$$00000000  c_w.l(libinit.o)
    0x080002ae   0x080002ae   0x00000004   Code   RO         3111    .ARM.Collect$$libinit$$00000001  c_w.l(libinit2.o)
    0x080002b2   0x080002b2   0x00000000   Code   RO         3114    .ARM.Collect$$libinit$$00000004  c_w.l(libinit2.o)
    0x080002b2   0x080002b2   0x00000000   Code   RO         3117    .ARM.Collect$$libinit$$0000000A  c_w.l(libinit2.o)
    0x080002b2   0x080002b2   0x00000000   Code   RO         3119    .ARM.Collect$$libinit$$0000000C  c_w.l(libinit2.o)
    0x080002b2   0x080002b2   0x00000000   Code   RO         3121    .ARM.Collect$$libinit$$0000000E  c_w.l(libinit2.o)
    0x080002b2   0x080002b2   0x00000006   Code   RO         3122    .ARM.Collect$$libinit$$0000000F  c_w.l(libinit2.o)
    0x080002b8   0x080002b8   0x00000000   Code   RO         3124    .ARM.Collect$$libinit$$00000011  c_w.l(libinit2.o)
    0x080002b8   0x080002b8   0x0000000c   Code   RO         3125    .ARM.Collect$$libinit$$00000012  c_w.l(libinit2.o)
    0x080002c4   0x080002c4   0x00000000   Code   RO         3126    .ARM.Collect$$libinit$$00000013  c_w.l(libinit2.o)
    0x080002c4   0x080002c4   0x00000000   Code   RO         3128    .ARM.Collect$$libinit$$00000015  c_w.l(libinit2.o)
    0x080002c4   0x080002c4   0x0000000a   Code   RO         3129    .ARM.Collect$$libinit$$00000016  c_w.l(libinit2.o)
    0x080002ce   0x080002ce   0x00000000   Code   RO         3130    .ARM.Collect$$libinit$$00000017  c_w.l(libinit2.o)
    0x080002ce   0x080002ce   0x00000000   Code   RO         3132    .ARM.Collect$$libinit$$00000019  c_w.l(libinit2.o)
    0x080002ce   0x080002ce   0x00000000   Code   RO         3134    .ARM.Collect$$libinit$$0000001B  c_w.l(libinit2.o)
    0x080002ce   0x080002ce   0x00000000   Code   RO         3136    .ARM.Collect$$libinit$$0000001D  c_w.l(libinit2.o)
    0x080002ce   0x080002ce   0x00000000   Code   RO         3138    .ARM.Collect$$libinit$$0000001F  c_w.l(libinit2.o)
    0x080002ce   0x080002ce   0x00000000   Code   RO         3140    .ARM.Collect$$libinit$$00000021  c_w.l(libinit2.o)
    0x080002ce   0x080002ce   0x00000000   Code   RO         3142    .ARM.Collect$$libinit$$00000023  c_w.l(libinit2.o)
    0x080002ce   0x080002ce   0x00000000   Code   RO         3144    .ARM.Collect$$libinit$$00000025  c_w.l(libinit2.o)
    0x080002ce   0x080002ce   0x00000000   Code   RO         3148    .ARM.Collect$$libinit$$0000002C  c_w.l(libinit2.o)
    0x080002ce   0x080002ce   0x00000000   Code   RO         3150    .ARM.Collect$$libinit$$0000002E  c_w.l(libinit2.o)
    0x080002ce   0x080002ce   0x00000000   Code   RO         3152    .ARM.Collect$$libinit$$00000030  c_w.l(libinit2.o)
    0x080002ce   0x080002ce   0x00000000   Code   RO         3154    .ARM.Collect$$libinit$$00000032  c_w.l(libinit2.o)
    0x080002ce   0x080002ce   0x00000002   Code   RO         3155    .ARM.Collect$$libinit$$00000033  c_w.l(libinit2.o)
    0x080002d0   0x080002d0   0x00000002   Code   RO         3173    .ARM.Collect$$libshutdown$$00000000  c_w.l(libshutdown.o)
    0x080002d2   0x080002d2   0x00000000   Code   RO         3184    .ARM.Collect$$libshutdown$$00000003  c_w.l(libshutdown2.o)
    0x080002d2   0x080002d2   0x00000000   Code   RO         3187    .ARM.Collect$$libshutdown$$00000006  c_w.l(libshutdown2.o)
    0x080002d2   0x080002d2   0x00000000   Code   RO         3190    .ARM.Collect$$libshutdown$$00000009  c_w.l(libshutdown2.o)
    0x080002d2   0x080002d2   0x00000000   Code   RO         3192    .ARM.Collect$$libshutdown$$0000000B  c_w.l(libshutdown2.o)
    0x080002d2   0x080002d2   0x00000000   Code   RO         3195    .ARM.Collect$$libshutdown$$0000000E  c_w.l(libshutdown2.o)
    0x080002d2   0x080002d2   0x00000002   Code   RO         3196    .ARM.Collect$$libshutdown$$0000000F  c_w.l(libshutdown2.o)
    0x080002d4   0x080002d4   0x00000000   Code   RO         2967    .ARM.Collect$$rtentry$$00000000  c_w.l(__rtentry.o)
    0x080002d4   0x080002d4   0x00000000   Code   RO         3022    .ARM.Collect$$rtentry$$00000002  c_w.l(__rtentry2.o)
    0x080002d4   0x080002d4   0x00000006   Code   RO         3034    .ARM.Collect$$rtentry$$00000004  c_w.l(__rtentry4.o)
    0x080002da   0x080002da   0x00000000   Code   RO         3024    .ARM.Collect$$rtentry$$00000009  c_w.l(__rtentry2.o)
    0x080002da   0x080002da   0x00000004   Code   RO         3025    .ARM.Collect$$rtentry$$0000000A  c_w.l(__rtentry2.o)
    0x080002de   0x080002de   0x00000000   Code   RO         3027    .ARM.Collect$$rtentry$$0000000C  c_w.l(__rtentry2.o)
    0x080002de   0x080002de   0x00000008   Code   RO         3028    .ARM.Collect$$rtentry$$0000000D  c_w.l(__rtentry2.o)
    0x080002e6   0x080002e6   0x00000002   Code   RO         3104    .ARM.Collect$$rtexit$$00000000  c_w.l(rtexit.o)
    0x080002e8   0x080002e8   0x00000000   Code   RO         3157    .ARM.Collect$$rtexit$$00000002  c_w.l(rtexit2.o)
    0x080002e8   0x080002e8   0x00000004   Code   RO         3158    .ARM.Collect$$rtexit$$00000003  c_w.l(rtexit2.o)
    0x080002ec   0x080002ec   0x00000006   Code   RO         3159    .ARM.Collect$$rtexit$$00000004  c_w.l(rtexit2.o)
    0x080002f2   0x080002f2   0x00000002   PAD
    0x080002f4   0x080002f4   0x00000010   Code   RO         1118    .emb_text           sys.o
    0x08000304   0x08000304   0x0000003c   Code   RO         1176    .text               startup_stm32f40_41xxx.o
    0x08000340   0x08000340   0x00000002   Code   RO         2885    .text               c_w.l(use_no_semi_2.o)
    0x08000342   0x08000342   0x00000002   PAD
    0x08000344   0x08000344   0x00000024   Code   RO         2887    .text               c_w.l(c89vsprintf.o)
    0x08000368   0x08000368   0x00000018   Code   RO         2889    .text               c_w.l(__2printf.o)
    0x08000380   0x08000380   0x00000052   Code   RO         2895    .text               c_w.l(_printf_str.o)
    0x080003d2   0x080003d2   0x00000002   PAD
    0x080003d4   0x080003d4   0x00000078   Code   RO         2897    .text               c_w.l(_printf_dec.o)
    0x0800044c   0x0800044c   0x00000094   Code   RO         2917    .text               c_w.l(_printf_hex_int_ll_ptr.o)
    0x080004e0   0x080004e0   0x00000188   Code   RO         2937    .text               c_w.l(__printf_flags_ss_wp.o)
    0x08000668   0x08000668   0x00000024   Code   RO         2945    .text               c_w.l(strstr.o)
    0x0800068c   0x0800068c   0x0000003e   Code   RO         2947    .text               c_w.l(strlen.o)
    0x080006ca   0x080006ca   0x00000006   Code   RO         2949    .text               c_w.l(heapauxi.o)
    0x080006d0   0x080006d0   0x00000002   Code   RO         2965    .text               c_w.l(use_no_semi.o)
    0x080006d2   0x080006d2   0x0000004e   Code   RO         2968    .text               c_w.l(_printf_pad.o)
    0x08000720   0x08000720   0x00000024   Code   RO         2970    .text               c_w.l(_printf_truncate.o)
    0x08000744   0x08000744   0x000000b2   Code   RO         2972    .text               c_w.l(_printf_intcommon.o)
    0x080007f6   0x080007f6   0x00000028   Code   RO         2974    .text               c_w.l(_printf_charcount.o)
    0x0800081e   0x0800081e   0x00000002   PAD
    0x08000820   0x08000820   0x00000030   Code   RO         2976    .text               c_w.l(_printf_char_common.o)
    0x08000850   0x08000850   0x0000000a   Code   RO         2978    .text               c_w.l(_sputc.o)
    0x0800085a   0x0800085a   0x0000002c   Code   RO         2980    .text               c_w.l(_printf_char.o)
    0x08000886   0x08000886   0x00000002   PAD
    0x08000888   0x08000888   0x00000024   Code   RO         2982    .text               c_w.l(_printf_char_file.o)
    0x080008ac   0x080008ac   0x000000bc   Code   RO         2984    .text               c_w.l(_printf_wctomb.o)
    0x08000968   0x08000968   0x0000007c   Code   RO         2987    .text               c_w.l(_printf_longlong_dec.o)
    0x080009e4   0x080009e4   0x00000070   Code   RO         2993    .text               c_w.l(_printf_oct_int_ll.o)
    0x08000a54   0x08000a54   0x0000008a   Code   RO         3036    .text               c_w.l(lludiv10.o)
    0x08000ade   0x08000ade   0x0000041a   Code   RO         3038    .text               c_w.l(_printf_fp_dec.o)
    0x08000ef8   0x08000ef8   0x0000002c   Code   RO         3042    .text               c_w.l(_printf_wchar.o)
    0x08000f24   0x08000f24   0x00000008   Code   RO         3044    .text               c_w.l(ferror.o)
    0x08000f2c   0x08000f2c   0x00000040   Code   RO         3048    .text               c_w.l(_wcrtomb.o)
    0x08000f6c   0x08000f6c   0x0000004a   Code   RO         3050    .text               c_w.l(sys_stackheap_outer.o)
    0x08000fb6   0x08000fb6   0x00000002   PAD
    0x08000fb8   0x08000fb8   0x00000010   Code   RO         3052    .text               c_w.l(rt_ctype_table.o)
    0x08000fc8   0x08000fc8   0x00000008   Code   RO         3057    .text               c_w.l(rt_locale_intlibspace.o)
    0x08000fd0   0x08000fd0   0x00000080   Code   RO         3059    .text               c_w.l(_printf_fp_infnan.o)
    0x08001050   0x08001050   0x000000dc   Code   RO         3061    .text               c_w.l(bigflt0.o)
    0x0800112c   0x0800112c   0x0000000c   Code   RO         3089    .text               c_w.l(exit.o)
    0x08001138   0x08001138   0x00000008   Code   RO         3101    .text               c_w.l(libspace.o)
    0x08001140   0x08001140   0x00000080   Code   RO         3109    .text               c_w.l(strcmpv7m.o)
    0x080011c0   0x080011c0   0x0000003e   Code   RO         3064    CL$$btod_d2e        c_w.l(btod.o)
    0x080011fe   0x080011fe   0x00000046   Code   RO         3066    CL$$btod_d2e_denorm_low  c_w.l(btod.o)
    0x08001244   0x08001244   0x00000060   Code   RO         3065    CL$$btod_d2e_norm_op1  c_w.l(btod.o)
    0x080012a4   0x080012a4   0x00000338   Code   RO         3074    CL$$btod_div_common  c_w.l(btod.o)
    0x080015dc   0x080015dc   0x000000c6   Code   RO         3071    CL$$btod_e2e        c_w.l(btod.o)
    0x080016a2   0x080016a2   0x00000028   Code   RO         3068    CL$$btod_ediv       c_w.l(btod.o)
    0x080016ca   0x080016ca   0x00000028   Code   RO         3067    CL$$btod_emul       c_w.l(btod.o)
    0x080016f2   0x080016f2   0x00000244   Code   RO         3073    CL$$btod_mult_common  c_w.l(btod.o)
    0x08001936   0x08001936   0x00000004   Code   RO          193    i.BusFault_Handler  stm32f4xx_it.o
    0x0800193a   0x0800193a   0x00000002   Code   RO          194    i.DebugMon_Handler  stm32f4xx_it.o
    0x0800193c   0x0800193c   0x00000086   Code   RO            3    i.Display_mesage    main.o
    0x080019c2   0x080019c2   0x00000002   PAD
    0x080019c4   0x080019c4   0x00000024   Code   RO         2034    i.FLASH_DataCacheCmd  stm32f4xx_flash.o
    0x080019e8   0x080019e8   0x00000088   Code   RO         2039    i.FLASH_EraseSector  stm32f4xx_flash.o
    0x08001a70   0x08001a70   0x00000054   Code   RO         2041    i.FLASH_GetStatus   stm32f4xx_flash.o
    0x08001ac4   0x08001ac4   0x00000014   Code   RO         2045    i.FLASH_Lock        stm32f4xx_flash.o
    0x08001ad8   0x08001ad8   0x00000050   Code   RO         2069    i.FLASH_ProgramWord  stm32f4xx_flash.o
    0x08001b28   0x08001b28   0x00000024   Code   RO         2071    i.FLASH_Unlock      stm32f4xx_flash.o
    0x08001b4c   0x08001b4c   0x00000022   Code   RO         2072    i.FLASH_WaitForLastOperation  stm32f4xx_flash.o
    0x08001b6e   0x08001b6e   0x00000090   Code   RO         1227    i.GPIO_Init         stm32f4xx_gpio.o
    0x08001bfe   0x08001bfe   0x00000046   Code   RO         1228    i.GPIO_PinAFConfig  stm32f4xx_gpio.o
    0x08001c44   0x08001c44   0x00000012   Code   RO         1231    i.GPIO_ReadInputDataBit  stm32f4xx_gpio.o
    0x08001c56   0x08001c56   0x00000004   Code   RO         1234    i.GPIO_ResetBits    stm32f4xx_gpio.o
    0x08001c5a   0x08001c5a   0x00000004   Code   RO         1235    i.GPIO_SetBits      stm32f4xx_gpio.o
    0x08001c5e   0x08001c5e   0x00000004   Code   RO          195    i.HardFault_Handler  stm32f4xx_it.o
    0x08001c62   0x08001c62   0x00000002   PAD
    0x08001c64   0x08001c64   0x00000044   Code   RO          454    i.KEY_Init          key.o
    0x08001ca8   0x08001ca8   0x000000c8   Code   RO          455    i.KEY_Scan          key.o
    0x08001d70   0x08001d70   0x00000180   Code   RO          497    i.LCD_Fast_DrawPoint  lcd.o
    0x08001ef0   0x08001ef0   0x00000128   Code   RO          508    i.LCD_ShowChar      lcd.o
    0x08002018   0x08002018   0x00000066   Code   RO          510    i.LCD_ShowString    lcd.o
    0x0800207e   0x0800207e   0x00000002   PAD
    0x08002080   0x08002080   0x00000018   Code   RO          512    i.LCD_WR_DATA       lcd.o
    0x08002098   0x08002098   0x00000018   Code   RO          513    i.LCD_WR_REG        lcd.o
    0x080020b0   0x080020b0   0x00000014   Code   RO          516    i.LCD_WriteReg      lcd.o
    0x080020c4   0x080020c4   0x00000040   Code   RO          402    i.LED_Init          led.o
    0x08002104   0x08002104   0x00000004   Code   RO          196    i.MemManage_Handler  stm32f4xx_it.o
    0x08002108   0x08002108   0x00000002   Code   RO          197    i.NMI_Handler       stm32f4xx_it.o
    0x0800210a   0x0800210a   0x00000002   PAD
    0x0800210c   0x0800210c   0x00000078   Code   RO         1182    i.NVIC_Init         misc.o
    0x08002184   0x08002184   0x00000014   Code   RO         1183    i.NVIC_PriorityGroupConfig  misc.o
    0x08002198   0x08002198   0x00000040   Code   RO          747    i.OLED_Clear        oled.o
    0x080021d8   0x080021d8   0x0000018c   Code   RO          751    i.OLED_Init         oled.o
    0x08002364   0x08002364   0x0000002e   Code   RO          752    i.OLED_Set_Pos      oled.o
    0x08002392   0x08002392   0x00000002   PAD
    0x08002394   0x08002394   0x00000068   Code   RO          753    i.OLED_ShowCHinese  oled.o
    0x080023fc   0x080023fc   0x00000070   Code   RO          754    i.OLED_ShowChar     oled.o
    0x0800246c   0x0800246c   0x00000036   Code   RO          756    i.OLED_ShowString   oled.o
    0x080024a2   0x080024a2   0x00000002   PAD
    0x080024a4   0x080024a4   0x00000070   Code   RO          757    i.OLED_WR_Byte      oled.o
    0x08002514   0x08002514   0x00000002   Code   RO          198    i.PendSV_Handler    stm32f4xx_it.o
    0x08002516   0x08002516   0x00000002   PAD
    0x08002518   0x08002518   0x00000020   Code   RO         1455    i.RCC_AHB1PeriphClockCmd  stm32f4xx_rcc.o
    0x08002538   0x08002538   0x00000020   Code   RO         1464    i.RCC_APB1PeriphClockCmd  stm32f4xx_rcc.o
    0x08002558   0x08002558   0x00000020   Code   RO         1466    i.RCC_APB1PeriphResetCmd  stm32f4xx_rcc.o
    0x08002578   0x08002578   0x00000020   Code   RO         1467    i.RCC_APB2PeriphClockCmd  stm32f4xx_rcc.o
    0x08002598   0x08002598   0x00000020   Code   RO         1469    i.RCC_APB2PeriphResetCmd  stm32f4xx_rcc.o
    0x080025b8   0x080025b8   0x000000e8   Code   RO         1476    i.RCC_GetClocksFreq  stm32f4xx_rcc.o
    0x080026a0   0x080026a0   0x000000a0   Code   RO          709    i.STMFLASH_GetFlashSector  stmflash.o
    0x08002740   0x08002740   0x00000006   Code   RO          711    i.STMFLASH_ReadWord  stmflash.o
    0x08002746   0x08002746   0x00000002   PAD
    0x08002748   0x08002748   0x00000098   Code   RO          712    i.STMFLASH_Write    stmflash.o
    0x080027e0   0x080027e0   0x00000002   Code   RO          199    i.SVC_Handler       stm32f4xx_it.o
    0x080027e2   0x080027e2   0x00000002   PAD
    0x080027e4   0x080027e4   0x000000ec   Code   RO          365    i.SetSysClock       system_stm32f4xx.o
    0x080028d0   0x080028d0   0x00000028   Code   RO         1186    i.SysTick_CLKSourceConfig  misc.o
    0x080028f8   0x080028f8   0x00000002   Code   RO          200    i.SysTick_Handler   stm32f4xx_it.o
    0x080028fa   0x080028fa   0x00000002   PAD
    0x080028fc   0x080028fc   0x00000068   Code   RO          367    i.SystemInit        system_stm32f4xx.o
    0x08002964   0x08002964   0x00000034   Code   RO         1004    i.TIM7_IRQHandler   timer.o
    0x08002998   0x08002998   0x0000005c   Code   RO         1005    i.TIM7_Int_Init     timer.o
    0x080029f4   0x080029f4   0x00000006   Code   RO         2298    i.TIM_ClearITPendingBit  stm32f4xx_tim.o
    0x080029fa   0x080029fa   0x00000018   Code   RO         2303    i.TIM_Cmd           stm32f4xx_tim.o
    0x08002a12   0x08002a12   0x00000022   Code   RO         2324    i.TIM_GetITStatus   stm32f4xx_tim.o
    0x08002a34   0x08002a34   0x00000012   Code   RO         2328    i.TIM_ITConfig      stm32f4xx_tim.o
    0x08002a46   0x08002a46   0x00000004   Code   RO         2369    i.TIM_SetCounter    stm32f4xx_tim.o
    0x08002a4a   0x08002a4a   0x00000002   PAD
    0x08002a4c   0x08002a4c   0x00000084   Code   RO         2375    i.TIM_TimeBaseInit  stm32f4xx_tim.o
    0x08002ad0   0x08002ad0   0x00000084   Code   RO          953    i.USART3_IRQHandler  usart3.o
    0x08002b54   0x08002b54   0x00000030   Code   RO            4    i.USART3_RX_BUF_CLAER  main.o
    0x08002b84   0x08002b84   0x00000018   Code   RO         1849    i.USART_Cmd         stm32f4xx_usart.o
    0x08002b9c   0x08002b9c   0x000000f0   Code   RO         1851    i.USART_DeInit      stm32f4xx_usart.o
    0x08002c8c   0x08002c8c   0x0000001a   Code   RO         1852    i.USART_GetFlagStatus  stm32f4xx_usart.o
    0x08002ca6   0x08002ca6   0x00000054   Code   RO         1853    i.USART_GetITStatus  stm32f4xx_usart.o
    0x08002cfa   0x08002cfa   0x0000004a   Code   RO         1855    i.USART_ITConfig    stm32f4xx_usart.o
    0x08002d44   0x08002d44   0x000000d4   Code   RO         1856    i.USART_Init        stm32f4xx_usart.o
    0x08002e18   0x08002e18   0x0000000a   Code   RO         1863    i.USART_ReceiveData  stm32f4xx_usart.o
    0x08002e22   0x08002e22   0x00000008   Code   RO         1866    i.USART_SendData    stm32f4xx_usart.o
    0x08002e2a   0x08002e2a   0x00000004   Code   RO          201    i.UsageFault_Handler  stm32f4xx_it.o
    0x08002e2e   0x08002e2e   0x00000030   Code   RO         3099    i.__ARM_fpclassify  m_wm.l(fpclassify.o)
    0x08002e5e   0x08002e5e   0x0000000e   Code   RO         2930    i._is_digit         c_w.l(__printf_wp.o)
    0x08002e6c   0x08002e6c   0x00000004   Code   RO         1136    i._sys_exit         usart.o
    0x08002e70   0x08002e70   0x0000003c   Code   RO         1078    i.delay_init        delay.o
    0x08002eac   0x08002eac   0x00000038   Code   RO         1079    i.delay_ms          delay.o
    0x08002ee4   0x08002ee4   0x0000004c   Code   RO         1081    i.delay_xms         delay.o
    0x08002f30   0x08002f30   0x00000034   Code   RO         1034    i.esp8266_check_cmd  esp8266.o
    0x08002f64   0x08002f64   0x00000050   Code   RO         1035    i.esp8266_quit_trans  esp8266.o
    0x08002fb4   0x08002fb4   0x00000074   Code   RO         1036    i.esp8266_send_cmd  esp8266.o
    0x08003028   0x08003028   0x00000070   Code   RO         1037    i.esp8266_send_data  esp8266.o
    0x08003098   0x08003098   0x000001ec   Code   RO         1038    i.esp8266_start_trans  esp8266.o
    0x08003284   0x08003284   0x0000001c   Code   RO         1137    i.fputc             usart.o
    0x080032a0   0x080032a0   0x0000002c   Code   RO         2849    i.iap_load_app      iap.o
    0x080032cc   0x080032cc   0x00000068   Code   RO         2850    i.iap_write_appbin  iap.o
    0x08003334   0x08003334   0x00000668   Code   RO            5    i.main              main.o
    0x0800399c   0x0800399c   0x00000050   Code   RO          954    i.u3_printf         usart3.o
    0x080039ec   0x080039ec   0x00000084   Code   RO         1138    i.uart_init         usart.o
    0x08003a70   0x08003a70   0x000000d8   Code   RO          955    i.usart3_init       usart3.o
    0x08003b48   0x08003b48   0x0000002c   Code   RO         3087    locale$$code        c_w.l(lc_numeric_c.o)
    0x08003b74   0x08003b74   0x0000002c   Code   RO         3107    locale$$code        c_w.l(lc_ctype_c.o)
    0x08003ba0   0x08003ba0   0x0000000a   Code   RO         3165    x$fpl$fpinit        fz_wm.l(fpinit.o)
    0x08003baa   0x08003baa   0x00000004   Code   RO         3018    x$fpl$printf1       fz_wm.l(printf1.o)
    0x08003bae   0x08003bae   0x00000000   Code   RO         3020    x$fpl$usenofp       fz_wm.l(usenofp.o)
    0x08003bae   0x08003bae   0x000017c0   Data   RO          519    .constdata          lcd.o
    0x0800536e   0x0800536e   0x00000818   Data   RO          759    .constdata          oled.o
    0x08005b86   0x08005b86   0x00000028   Data   RO         2918    .constdata          c_w.l(_printf_hex_int_ll_ptr.o)
    0x08005bae   0x08005bae   0x00000011   Data   RO         2938    .constdata          c_w.l(__printf_flags_ss_wp.o)
    0x08005bbf   0x08005bbf   0x00000001   PAD
    0x08005bc0   0x08005bc0   0x00000008   Data   RO         2985    .constdata          c_w.l(_printf_wctomb.o)
    0x08005bc8   0x08005bc8   0x00000094   Data   RO         3062    .constdata          c_w.l(bigflt0.o)
    0x08005c5c   0x08005c5c   0x00000016   Data   RO            6    .conststring        main.o
    0x08005c72   0x08005c72   0x00000002   PAD
    0x08005c74   0x08005c74   0x00000020   Data   RO         3228    Region$$Table       anon$$obj.o
    0x08005c94   0x08005c94   0x0000001c   Data   RO         3086    locale$$data        c_w.l(lc_numeric_c.o)
    0x08005cb0   0x08005cb0   0x00000110   Data   RO         3106    locale$$data        c_w.l(lc_ctype_c.o)


    Execution Region RW_IRAM1 (Exec base: 0x20000000, Load base: 0x08005dc0, Size: 0x0000e258, Max: 0x00020000, ABSOLUTE, COMPRESSED[0x00000168])

    Exec Addr    Load Addr    Size         Type   Attr      Idx    E Section Name        Object

    0x20000000   COMPRESSED   0x00000010   Data   RW            7    .data               main.o
    0x20000010   COMPRESSED   0x00000001   Data   RW          456    .data               key.o
    0x20000011   COMPRESSED   0x00000001   PAD
    0x20000012   COMPRESSED   0x00000004   Data   RW          520    .data               lcd.o
    0x20000016   COMPRESSED   0x00000340   Data   RW          760    .data               oled.o
    0x20000356   COMPRESSED   0x00000002   Data   RW          959    .data               usart3.o
    0x20000358   COMPRESSED   0x00000004   Data   RW         1082    .data               delay.o
    0x2000035c   COMPRESSED   0x00000004   Data   RW         1139    .data               usart.o
    0x20000360   COMPRESSED   0x00000010   Data   RW         1508    .data               stm32f4xx_rcc.o
    0x20000370   COMPRESSED   0x00000004   Data   RW         2852    .data               iap.o
    0x20000374        -       0x0000000e   Zero   RW          518    .bss                lcd.o
    0x20000382   COMPRESSED   0x00000002   PAD
    0x20000384        -       0x00000800   Zero   RW         2851    .bss                iap.o
    0x20000b84        -       0x00000060   Zero   RW         3102    .bss                c_w.l(libspace.o)
    0x20000be4   COMPRESSED   0x00000004   PAD
    0x20000be8        -       0x00000000   Zero   RW         1174    HEAP                startup_stm32f40_41xxx.o
    0x20000be8        -       0x00000400   Zero   RW         1173    STACK               startup_stm32f40_41xxx.o
    0x20000fe8   COMPRESSED   0x00000018   PAD
    0x20001000        -       0x00004000   Zero   RW          956    .ARM.__AT_0x20001000  usart3.o
    0x20005000   COMPRESSED   0x00001000   PAD
    0x20006000        -       0x00004000   Zero   RW          957    .ARM.__AT_0x20006000  usart3.o
    0x2000a000        -       0x00004258   Zero   RW          958    .bss                usart3.o


==============================================================================

Image component sizes


      Code (inc. data)   RO Data    RW Data    ZI Data      Debug   Object Name

       192         12          0          4          0       1844   delay.o
       852        426          0          0          0       3814   esp8266.o
       148         12          0          4       2048       2216   iap.o
       268         20          0          1          0       1202   key.o
       850         52       6080          4         14       6645   lcd.o
        64          4          0          0          0     229635   led.o
      1822        562         22         16          0     258185   main.o
       180         24          0          0          0       1985   misc.o
       888         28       2072        832          0     240173   oled.o
        60         22        392          0       1024        824   startup_stm32f40_41xxx.o
       426         40          0          0          0       4292   stm32f4xx_flash.o
       240          0          0          0          0       3367   stm32f4xx_gpio.o
        26          0          0          0          0      60650   stm32f4xx_it.o
       392         48          0         16          0       5625   stm32f4xx_rcc.o
       218         28          0          0          0       4059   stm32f4xx_tim.o
       678         42          0          0          0       5880   stm32f4xx_usart.o
       318         50          0          0          0       2531   stmflash.o
        16          0          0          0          0        476   sys.o
       340         32          0          0          0       1413   system_stm32f4xx.o
       144         14          0          0          0       1146   timer.o
       164         14          0          4          0       3406   usart.o
       428         48          0          2      49752       3489   usart3.o

    ----------------------------------------------------------------------
      8736       1478       8600        884      56960     842857   Object Totals
         0          0         32          0          0          0   (incl. Generated)
        22          0          2          1       4122          0   (incl. Padding)

    ----------------------------------------------------------------------

      Code (inc. data)   RO Data    RW Data    ZI Data      Debug   Library Member Name

        24          4          0          0          0         84   __2printf.o
        58          0          0          0          0          0   __dczerorl.o
         8          0          0          0          0         68   __main.o
       392          4         17          0          0         92   __printf_flags_ss_wp.o
        14          0          0          0          0         68   __printf_wp.o
         0          0          0          0          0          0   __rtentry.o
        12          0          0          0          0          0   __rtentry2.o
         6          0          0          0          0          0   __rtentry4.o
        52          8          0          0          0          0   __scatter.o
        28          0          0          0          0          0   __scatter_zi.o
         6          0          0          0          0          0   _printf_a.o
         6          0          0          0          0          0   _printf_c.o
        44          0          0          0          0        108   _printf_char.o
        48          6          0          0          0         96   _printf_char_common.o
        36          4          0          0          0         80   _printf_char_file.o
        40          0          0          0          0         68   _printf_charcount.o
         6          0          0          0          0          0   _printf_d.o
       120         16          0          0          0         92   _printf_dec.o
         6          0          0          0          0          0   _printf_e.o
         6          0          0          0          0          0   _printf_f.o
      1050          0          0          0          0        216   _printf_fp_dec.o
       128         16          0          0          0         84   _printf_fp_infnan.o
         6          0          0          0          0          0   _printf_g.o
       148          4         40          0          0        160   _printf_hex_int_ll_ptr.o
         6          0          0          0          0          0   _printf_i.o
       178          0          0          0          0         88   _printf_intcommon.o
        10          0          0          0          0          0   _printf_l.o
         6          0          0          0          0          0   _printf_lc.o
        10          0          0          0          0          0   _printf_ll.o
         6          0          0          0          0          0   _printf_lld.o
         6          0          0          0          0          0   _printf_lli.o
         6          0          0          0          0          0   _printf_llo.o
         6          0          0          0          0          0   _printf_llu.o
         6          0          0          0          0          0   _printf_llx.o
       124         16          0          0          0         92   _printf_longlong_dec.o
         6          0          0          0          0          0   _printf_ls.o
         6          0          0          0          0          0   _printf_n.o
         6          0          0          0          0          0   _printf_o.o
       112          8          0          0          0        124   _printf_oct_int_ll.o
         6          0          0          0          0          0   _printf_p.o
        78          0          0          0          0        108   _printf_pad.o
         0          0          0          0          0          0   _printf_percent.o
         4          0          0          0          0          0   _printf_percent_end.o
         6          0          0          0          0          0   _printf_s.o
        82          0          0          0          0         80   _printf_str.o
        36          0          0          0          0         84   _printf_truncate.o
         6          0          0          0          0          0   _printf_u.o
        44          0          0          0          0        108   _printf_wchar.o
       188          6          8          0          0         92   _printf_wctomb.o
         6          0          0          0          0          0   _printf_x.o
        10          0          0          0          0         68   _sputc.o
        64          0          0          0          0         92   _wcrtomb.o
       220          4        148          0          0         96   bigflt0.o
      1910        128          0          0          0        672   btod.o
        36          4          0          0          0         76   c89vsprintf.o
        12          0          0          0          0         72   exit.o
         8          0          0          0          0         68   ferror.o
         6          0          0          0          0        152   heapauxi.o
        44         10        272          0          0         76   lc_ctype_c.o
        44         10         28          0          0         76   lc_numeric_c.o
         2          0          0          0          0          0   libinit.o
        34          0          0          0          0          0   libinit2.o
         2          0          0          0          0          0   libshutdown.o
         2          0          0          0          0          0   libshutdown2.o
         8          4          0          0         96         68   libspace.o
       138          0          0          0          0         80   lludiv10.o
        16          4          0          0          0         76   rt_ctype_table.o
         8          4          0          0          0         68   rt_locale_intlibspace.o
         2          0          0          0          0          0   rtexit.o
        10          0          0          0          0          0   rtexit2.o
       128          0          0          0          0         68   strcmpv7m.o
        62          0          0          0          0         76   strlen.o
        36          0          0          0          0         80   strstr.o
        74          0          0          0          0         80   sys_stackheap_outer.o
         2          0          0          0          0         68   use_no_semi.o
         2          0          0          0          0         68   use_no_semi_2.o
        10          0          0          0          0        116   fpinit.o
         4          0          0          0          0        116   printf1.o
         0          0          0          0          0          0   usenofp.o
        48          0          0          0          0        124   fpclassify.o

    ----------------------------------------------------------------------
      6150        260        514          0        100       4528   Library Totals
        14          0          1          0          4          0   (incl. Padding)

    ----------------------------------------------------------------------

      Code (inc. data)   RO Data    RW Data    ZI Data      Debug   Library Name

      6074        260        513          0         96       4172   c_w.l
        14          0          0          0          0        232   fz_wm.l
        48          0          0          0          0        124   m_wm.l

    ----------------------------------------------------------------------
      6150        260        514          0        100       4528   Library Totals

    ----------------------------------------------------------------------

==============================================================================


      Code (inc. data)   RO Data    RW Data    ZI Data      Debug   

     14886       1738       9114        884      57060     836897   Grand Totals
     14886       1738       9114        360      57060     836897   ELF Image Totals (compressed)
     14886       1738       9114        360          0          0   ROM Totals

==============================================================================

    Total RO  Size (Code + RO Data)                24000 (  23.44kB)
    Total RW  Size (RW Data + ZI Data)             57944 (  56.59kB)
    Total ROM Size (Code + RO Data + RW Data)      24360 (  23.79kB)

==============================================================================

